Archive member included to satisfy reference by file (symbol)

c:/programdata/chocolatey/lib/gcc-arm-embedded/tools/gcc-arm-none-eabi-10.3-2021.10/bin/../lib/gcc/arm-none-eabi/10.3.1/../../../../arm-none-eabi/lib/thumb/v7e-m+fp/hard\libc_nano.a(lib_a-errno.o)
                              build/sysmem.o (__errno)
c:/programdata/chocolatey/lib/gcc-arm-embedded/tools/gcc-arm-none-eabi-10.3-2021.10/bin/../lib/gcc/arm-none-eabi/10.3.1/../../../../arm-none-eabi/lib/thumb/v7e-m+fp/hard\libc_nano.a(lib_a-exit.o)
                              c:/programdata/chocolatey/lib/gcc-arm-embedded/tools/gcc-arm-none-eabi-10.3-2021.10/bin/../lib/gcc/arm-none-eabi/10.3.1/../../../../arm-none-eabi/lib/thumb/v7e-m+fp/hard/crt0.o (exit)
c:/programdata/chocolatey/lib/gcc-arm-embedded/tools/gcc-arm-none-eabi-10.3-2021.10/bin/../lib/gcc/arm-none-eabi/10.3.1/../../../../arm-none-eabi/lib/thumb/v7e-m+fp/hard\libc_nano.a(lib_a-impure.o)
                              c:/programdata/chocolatey/lib/gcc-arm-embedded/tools/gcc-arm-none-eabi-10.3-2021.10/bin/../lib/gcc/arm-none-eabi/10.3.1/../../../../arm-none-eabi/lib/thumb/v7e-m+fp/hard\libc_nano.a(lib_a-exit.o) (_global_impure_ptr)
c:/programdata/chocolatey/lib/gcc-arm-embedded/tools/gcc-arm-none-eabi-10.3-2021.10/bin/../lib/gcc/arm-none-eabi/10.3.1/../../../../arm-none-eabi/lib/thumb/v7e-m+fp/hard\libc_nano.a(lib_a-init.o)
                              c:/programdata/chocolatey/lib/gcc-arm-embedded/tools/gcc-arm-none-eabi-10.3-2021.10/bin/../lib/gcc/arm-none-eabi/10.3.1/../../../../arm-none-eabi/lib/thumb/v7e-m+fp/hard/crt0.o (__libc_init_array)
c:/programdata/chocolatey/lib/gcc-arm-embedded/tools/gcc-arm-none-eabi-10.3-2021.10/bin/../lib/gcc/arm-none-eabi/10.3.1/../../../../arm-none-eabi/lib/thumb/v7e-m+fp/hard\libc_nano.a(lib_a-memcpy-stub.o)
                              build/queue.o (memcpy)
c:/programdata/chocolatey/lib/gcc-arm-embedded/tools/gcc-arm-none-eabi-10.3-2021.10/bin/../lib/gcc/arm-none-eabi/10.3.1/../../../../arm-none-eabi/lib/thumb/v7e-m+fp/hard\libc_nano.a(lib_a-memset.o)
                              c:/programdata/chocolatey/lib/gcc-arm-embedded/tools/gcc-arm-none-eabi-10.3-2021.10/bin/../lib/gcc/arm-none-eabi/10.3.1/../../../../arm-none-eabi/lib/thumb/v7e-m+fp/hard/crt0.o (memset)
c:/programdata/chocolatey/lib/gcc-arm-embedded/tools/gcc-arm-none-eabi-10.3-2021.10/bin/../lib/gcc/arm-none-eabi/10.3.1/thumb/v7e-m+fp/hard\libgcc.a(_aeabi_ldivmod.o)
                              build/stm32l4xx_hal_uart.o (__aeabi_ldivmod)
c:/programdata/chocolatey/lib/gcc-arm-embedded/tools/gcc-arm-none-eabi-10.3-2021.10/bin/../lib/gcc/arm-none-eabi/10.3.1/thumb/v7e-m+fp/hard\libgcc.a(_aeabi_uldivmod.o)
                              build/stm32l4xx_hal_uart.o (__aeabi_uldivmod)
c:/programdata/chocolatey/lib/gcc-arm-embedded/tools/gcc-arm-none-eabi-10.3-2021.10/bin/../lib/gcc/arm-none-eabi/10.3.1/thumb/v7e-m+fp/hard\libgcc.a(_udivmoddi4.o)
                              c:/programdata/chocolatey/lib/gcc-arm-embedded/tools/gcc-arm-none-eabi-10.3-2021.10/bin/../lib/gcc/arm-none-eabi/10.3.1/thumb/v7e-m+fp/hard\libgcc.a(_aeabi_ldivmod.o) (__udivmoddi4)
c:/programdata/chocolatey/lib/gcc-arm-embedded/tools/gcc-arm-none-eabi-10.3-2021.10/bin/../lib/gcc/arm-none-eabi/10.3.1/thumb/v7e-m+fp/hard\libgcc.a(_dvmd_tls.o)
                              c:/programdata/chocolatey/lib/gcc-arm-embedded/tools/gcc-arm-none-eabi-10.3-2021.10/bin/../lib/gcc/arm-none-eabi/10.3.1/thumb/v7e-m+fp/hard\libgcc.a(_aeabi_ldivmod.o) (__aeabi_ldiv0)

Discarded input sections

 .text          0x00000000        0x0 c:/programdata/chocolatey/lib/gcc-arm-embedded/tools/gcc-arm-none-eabi-10.3-2021.10/bin/../lib/gcc/arm-none-eabi/10.3.1/thumb/v7e-m+fp/hard/crti.o
 .data          0x00000000        0x0 c:/programdata/chocolatey/lib/gcc-arm-embedded/tools/gcc-arm-none-eabi-10.3-2021.10/bin/../lib/gcc/arm-none-eabi/10.3.1/thumb/v7e-m+fp/hard/crti.o
 .bss           0x00000000        0x0 c:/programdata/chocolatey/lib/gcc-arm-embedded/tools/gcc-arm-none-eabi-10.3-2021.10/bin/../lib/gcc/arm-none-eabi/10.3.1/thumb/v7e-m+fp/hard/crti.o
 .data          0x00000000        0x4 c:/programdata/chocolatey/lib/gcc-arm-embedded/tools/gcc-arm-none-eabi-10.3-2021.10/bin/../lib/gcc/arm-none-eabi/10.3.1/thumb/v7e-m+fp/hard/crtbegin.o
 .rodata        0x00000000       0x24 c:/programdata/chocolatey/lib/gcc-arm-embedded/tools/gcc-arm-none-eabi-10.3-2021.10/bin/../lib/gcc/arm-none-eabi/10.3.1/thumb/v7e-m+fp/hard/crtbegin.o
 .text          0x00000000       0x7c c:/programdata/chocolatey/lib/gcc-arm-embedded/tools/gcc-arm-none-eabi-10.3-2021.10/bin/../lib/gcc/arm-none-eabi/10.3.1/../../../../arm-none-eabi/lib/thumb/v7e-m+fp/hard/crt0.o
 .data          0x00000000        0x0 c:/programdata/chocolatey/lib/gcc-arm-embedded/tools/gcc-arm-none-eabi-10.3-2021.10/bin/../lib/gcc/arm-none-eabi/10.3.1/../../../../arm-none-eabi/lib/thumb/v7e-m+fp/hard/crt0.o
[...]
Memory Configuration

Name             Origin             Length             Attributes
RAM              0x20000000         0x00018000         xrw
RAM2             0x10000000         0x00008000         xrw
FLASH            0x08000000         0x00100000         xr
*default*        0x00000000         0xffffffff

Linker script and memory map

LOAD c:/programdata/chocolatey/lib/gcc-arm-embedded/tools/gcc-arm-none-eabi-10.3-2021.10/bin/../lib/gcc/arm-none-eabi/10.3.1/thumb/v7e-m+fp/hard/crti.o
LOAD c:/programdata/chocolatey/lib/gcc-arm-embedded/tools/gcc-arm-none-eabi-10.3-2021.10/bin/../lib/gcc/arm-none-eabi/10.3.1/thumb/v7e-m+fp/hard/crtbegin.o
LOAD c:/programdata/chocolatey/lib/gcc-arm-embedded/tools/gcc-arm-none-eabi-10.3-2021.10/bin/../lib/gcc/arm-none-eabi/10.3.1/../../../../arm-none-eabi/lib/thumb/v7e-m+fp/hard/crt0.o
LOAD build/main.o
LOAD build/freertos.o
LOAD build/motorcontrol.o
LOAD build/mc_api.o
LOAD build/mc_config.o
LOAD build/mcp_config.o
LOAD build/mc_tasks.o
LOAD build/pwm_curr_fdbk.o
LOAD build/regular_conversion_manager.o
LOAD build/mc_math.o
LOAD build/mc_interface.o
LOAD build/stm32l4xx_mc_it.o
LOAD build/mc_parameters.o
LOAD build/register_interface.o
LOAD build/mcp.o
LOAD build/mc_perf.o
LOAD build/usart_aspep_driver.o
LOAD build/mc_configuration_registers.o
LOAD build/aspep.o
LOAD build/mc_app_hooks.o
LOAD build/stm32l4xx_it.o
LOAD build/stm32l4xx_hal_msp.o
LOAD build/stm32l4xx_hal_timebase_tim.o
LOAD build/stm32l4xx_hal_adc.o
LOAD build/stm32l4xx_hal_adc_ex.o
LOAD build/stm32l4xx_hal.o
LOAD build/stm32l4xx_hal_rcc.o
LOAD build/stm32l4xx_hal_rcc_ex.o
LOAD build/stm32l4xx_hal_flash.o
LOAD build/stm32l4xx_hal_flash_ex.o
LOAD build/stm32l4xx_hal_flash_ramfunc.o
LOAD build/stm32l4xx_hal_gpio.o
LOAD build/stm32l4xx_hal_i2c.o
LOAD build/stm32l4xx_hal_i2c_ex.o
LOAD build/stm32l4xx_hal_dma.o
LOAD build/stm32l4xx_hal_dma_ex.o
LOAD build/stm32l4xx_hal_pwr.o
LOAD build/stm32l4xx_hal_pwr_ex.o
LOAD build/stm32l4xx_hal_cortex.o
LOAD build/stm32l4xx_hal_exti.o
LOAD build/stm32l4xx_hal_tim.o
LOAD build/stm32l4xx_hal_tim_ex.o
LOAD build/stm32l4xx_hal_uart.o
LOAD build/stm32l4xx_hal_uart_ex.o
LOAD build/system_stm32l4xx.o
LOAD build/croutine.o
LOAD build/event_groups.o
LOAD build/list.o
LOAD build/queue.o
LOAD build/stream_buffer.o
LOAD build/tasks.o
LOAD build/timers.o
LOAD build/cmsis_os.o
LOAD build/heap_4.o
LOAD build/port.o
LOAD build/bus_voltage_sensor.o
LOAD build/circle_limitation.o
LOAD build/digital_output.o
LOAD build/ntc_temperature_sensor.o
LOAD build/open_loop.o
LOAD build/pid_regulator.o
LOAD build/pqd_motor_power_measurement.o
LOAD build/pwm_common.o
LOAD build/r_divider_bus_voltage_sensor.o
LOAD build/ramp_ext_mngr.o
LOAD build/revup_ctrl.o
LOAD build/speed_pos_fdbk.o
LOAD build/speed_torq_ctrl.o
LOAD build/virtual_speed_sensor.o
LOAD build/r3_1_l4xx_pwm_curr_fdbk.o
LOAD build/mcpa.o
LOAD build/sysmem.o
LOAD build/syscalls.o
LOAD build/dac_ui.o
LOAD build/stm32l4xx_hal_dac.o
LOAD build/stm32l4xx_hal_dac_ex.o
LOAD build/enc_align_ctrl.o
LOAD build/encoder_speed_pos_fdbk.o
LOAD build/trajectory_ctrl.o
LOAD build/startup_stm32l476xx.o
LOAD c:/programdata/chocolatey/lib/gcc-arm-embedded/tools/gcc-arm-none-eabi-10.3-2021.10/bin/../lib/gcc/arm-none-eabi/10.3.1/../../../../arm-none-eabi/lib/thumb/v7e-m+fp/hard\libc_nano.a
LOAD c:/programdata/chocolatey/lib/gcc-arm-embedded/tools/gcc-arm-none-eabi-10.3-2021.10/bin/../lib/gcc/arm-none-eabi/10.3.1/../../../../arm-none-eabi/lib/thumb/v7e-m+fp/hard\libm.a
LOAD c:/programdata/chocolatey/lib/gcc-arm-embedded/tools/gcc-arm-none-eabi-10.3-2021.10/bin/../lib/gcc/arm-none-eabi/10.3.1/../../../../arm-none-eabi/lib/thumb/v7e-m+fp/hard\libnosys.a
LOAD MCSDK_v6.2.1-Full/MotorControl/libMP/libmp-IAR_ARMv7-M.a
START GROUP
LOAD c:/programdata/chocolatey/lib/gcc-arm-embedded/tools/gcc-arm-none-eabi-10.3-2021.10/bin/../lib/gcc/arm-none-eabi/10.3.1/thumb/v7e-m+fp/hard\libgcc.a
LOAD c:/programdata/chocolatey/lib/gcc-arm-embedded/tools/gcc-arm-none-eabi-10.3-2021.10/bin/../lib/gcc/arm-none-eabi/10.3.1/../../../../arm-none-eabi/lib/thumb/v7e-m+fp/hard\libc_nano.a
END GROUP
START GROUP
LOAD c:/programdata/chocolatey/lib/gcc-arm-embedded/tools/gcc-arm-none-eabi-10.3-2021.10/bin/../lib/gcc/arm-none-eabi/10.3.1/thumb/v7e-m+fp/hard\libgcc.a
LOAD c:/programdata/chocolatey/lib/gcc-arm-embedded/tools/gcc-arm-none-eabi-10.3-2021.10/bin/../lib/gcc/arm-none-eabi/10.3.1/../../../../arm-none-eabi/lib/thumb/v7e-m+fp/hard\libc_nano.a
END GROUP
LOAD c:/programdata/chocolatey/lib/gcc-arm-embedded/tools/gcc-arm-none-eabi-10.3-2021.10/bin/../lib/gcc/arm-none-eabi/10.3.1/thumb/v7e-m+fp/hard/crtend.o
LOAD c:/programdata/chocolatey/lib/gcc-arm-embedded/tools/gcc-arm-none-eabi-10.3-2021.10/bin/../lib/gcc/arm-none-eabi/10.3.1/thumb/v7e-m+fp/hard/crtn.o
                0x20018000                _estack = (ORIGIN (RAM) + LENGTH (RAM))
                0x00000200                _Min_Heap_Size = 0x200
                0x00000400                _Min_Stack_Size = 0x400

.isr_vector     0x08000000      0x188
                0x08000000                . = ALIGN (0x8)
 *(.isr_vector)
 .isr_vector    0x08000000      0x188 build/startup_stm32l476xx.o
                0x08000000                g_pfnVectors
                0x08000188                . = ALIGN (0x8)

.text           0x08000190     0xa848
                0x08000190                . = ALIGN (0x8)
 *(.text)
 .text          0x08000190       0x40 c:/programdata/chocolatey/lib/gcc-arm-embedded/tools/gcc-arm-none-eabi-10.3-2021.10/bin/../lib/gcc/arm-none-eabi/10.3.1/thumb/v7e-m+fp/hard/crtbegin.o
 .text          0x080001d0       0x30 c:/programdata/chocolatey/lib/gcc-arm-embedded/tools/gcc-arm-none-eabi-10.3-2021.10/bin/../lib/gcc/arm-none-eabi/10.3.1/thumb/v7e-m+fp/hard\libgcc.a(_aeabi_uldivmod.o)
                0x080001d0                __aeabi_uldivmod
 .text          0x08000200      0x2d0 c:/programdata/chocolatey/lib/gcc-arm-embedded/tools/gcc-arm-none-eabi-10.3-2021.10/bin/../lib/gcc/arm-none-eabi/10.3.1/thumb/v7e-m+fp/hard\libgcc.a(_udivmoddi4.o)
                0x08000200                __udivmoddi4
 .text          0x080004d0        0x4 c:/programdata/chocolatey/lib/gcc-arm-embedded/tools/gcc-arm-none-eabi-10.3-2021.10/bin/../lib/gcc/arm-none-eabi/10.3.1/thumb/v7e-m+fp/hard\libgcc.a(_dvmd_tls.o)
                0x080004d0                __aeabi_idiv0
                0x080004d0                __aeabi_ldiv0
 *(.text*)
 *fill*         0x080004d4        0x4 
 .text.SystemClock_Config
                0x080004d8       0xb0 build/main.o
                0x080004d8                SystemClock_Config
 .text.startup.main
                0x08000588      0x4f8 build/main.o
                0x08000588                main
 .text.HAL_TIM_PeriodElapsedCallback
                0x08000a80       0x14 build/main.o
                0x08000a80                HAL_TIM_PeriodElapsedCallback
 .text.Error_Handler
                0x08000a94        0x4 build/main.o
                0x08000a94                Error_Handler
 .text.vApplicationGetIdleTaskMemory
                0x08000a98       0x1c build/freertos.o
                0x08000a98                vApplicationGetIdleTaskMemory
 .text.MX_MotorControl_Init
                0x08000ab4       0x14 build/motorcontrol.o
                0x08000ab4                MX_MotorControl_Init
 .text.vPortSetupTimerInterrupt
                0x08000ac8       0x1c build/motorcontrol.o
                0x08000ac8                vPortSetupTimerInterrupt
 .text.MC_StartMotor1
                0x08000ae4        0xc build/mc_api.o
                0x08000ae4                MC_StartMotor1
 .text.MC_StopMotor1
                0x08000af0        0xc build/mc_api.o
                0x08000af0                MC_StopMotor1
 .text.MC_GetSTMStateMotor1
                0x08000afc        0xc build/mc_api.o
                0x08000afc                MC_GetSTMStateMotor1
 .text.MC_ProfilerCommand
                0x08000b08        0x4 build/mc_api.o
                0x08000b08                MC_ProfilerCommand
 .text.FOC_Clear
                0x08000b0c       0x80 build/mc_tasks.o
                0x08000b0c                FOC_Clear
 .text.MCboot   0x08000b8c      0x180 build/mc_tasks.o
                0x08000b8c                MCboot
 .text.FOC_InitAdditionalMethods
                0x08000d0c        0x4 build/mc_tasks.o
                0x08000d0c                FOC_InitAdditionalMethods
 .text.FOC_CalcCurrRef
                0x08000d10       0x2c build/mc_tasks.o
                0x08000d10                FOC_CalcCurrRef
 .text.TSK_SetChargeBootCapDelayM1
                0x08000d3c        0xc build/mc_tasks.o
                0x08000d3c                TSK_SetChargeBootCapDelayM1
 .text.TSK_ChargeBootCapDelayHasElapsedM1
                0x08000d48       0x14 build/mc_tasks.o
                0x08000d48                TSK_ChargeBootCapDelayHasElapsedM1
 .text.TSK_SetStopPermanencyTimeM1
                0x08000d5c        0xc build/mc_tasks.o
                0x08000d5c                TSK_SetStopPermanencyTimeM1
 .text.TSK_StopPermanencyTimeHasElapsedM1
                0x08000d68       0x14 build/mc_tasks.o
                0x08000d68                TSK_StopPermanencyTimeHasElapsedM1
 .text.TSK_MediumFrequencyTaskM1
                0x08000d7c      0x2f0 build/mc_tasks.o
                0x08000d7c                TSK_MediumFrequencyTaskM1
 .text.MC_Scheduler
                0x0800106c       0x8c build/mc_tasks.o
                0x0800106c                MC_Scheduler
 .text.MC_RunMotorControlTasks
                0x080010f8       0x14 build/mc_tasks.o
                0x080010f8                MC_RunMotorControlTasks
 .text.TSK_HighFrequencyTask
                0x0800110c      0x11c build/mc_tasks.o
                0x0800110c                TSK_HighFrequencyTask
 .text.TSK_SafetyTask_PWMOFF
                0x08001228       0xcc build/mc_tasks.o
                0x08001228                TSK_SafetyTask_PWMOFF
 .text.TSK_SafetyTask
                0x080012f4       0x20 build/mc_tasks.o
                0x080012f4                TSK_SafetyTask
 .text.TSK_HardwareFaultTask
                0x08001314       0x20 build/mc_tasks.o
                0x08001314                TSK_HardwareFaultTask
 .text.startMediumFrequencyTask
                0x08001334       0x10 build/mc_tasks.o
                0x08001334                startMediumFrequencyTask
 .text.StartSafetyTask
                0x08001344       0x10 build/mc_tasks.o
                0x08001344                StartSafetyTask
 .text.UI_HandleStartStopButton_cb
                0x08001354       0x18 build/mc_tasks.o
                0x08001354                UI_HandleStartStopButton_cb
 .text.mc_lock_pins
                0x0800136c      0x124 build/mc_tasks.o
                0x0800136c                mc_lock_pins
 .text.PWMC_GetPhaseCurrents
                0x08001490        0x4 build/pwm_curr_fdbk.o
                0x08001490                PWMC_GetPhaseCurrents
 .text.PWMC_SetPhaseVoltage
                0x08001494      0x318 build/pwm_curr_fdbk.o
                0x08001494                PWMC_SetPhaseVoltage
 .text.PWMC_SwitchOffPWM
                0x080017ac        0x4 build/pwm_curr_fdbk.o
                0x080017ac                PWMC_SwitchOffPWM
 .text.PWMC_SwitchOnPWM
                0x080017b0        0x4 build/pwm_curr_fdbk.o
                0x080017b0                PWMC_SwitchOnPWM
 .text.PWMC_CurrentReadingCalibr
                0x080017b4       0x48 build/pwm_curr_fdbk.o
                0x080017b4                PWMC_CurrentReadingCalibr
 .text.PWMC_DP_Handler
                0x080017fc       0x40 build/pwm_curr_fdbk.o
                0x080017fc                PWMC_DP_Handler
 .text.PWMC_OVP_Handler
                0x0800183c       0x1c build/pwm_curr_fdbk.o
                0x0800183c                PWMC_OVP_Handler
 .text.PWMC_IsFaultOccurred
                0x08001858       0x38 build/pwm_curr_fdbk.o
                0x08001858                PWMC_IsFaultOccurred
 .text.RCM_RegisterRegConv
                0x08001890      0x1a4 build/regular_conversion_manager.o
                0x08001890                RCM_RegisterRegConv
 .text.RCM_ExecRegularConv
                0x08001a34       0x70 build/regular_conversion_manager.o
                0x08001a34                RCM_ExecRegularConv
 .text.RCM_ExecUserConv
                0x08001aa4       0x58 build/regular_conversion_manager.o
                0x08001aa4                RCM_ExecUserConv
 .text.MCM_Clarke
                0x08001afc       0x54 build/mc_math.o
                0x08001afc                MCM_Clarke
 .text.MCM_Trig_Functions
                0x08001b50       0x98 build/mc_math.o
                0x08001b50                MCM_Trig_Functions
 .text.MCM_Park
                0x08001be8       0x88 build/mc_math.o
                0x08001be8                MCM_Park
 .text.MCM_Rev_Park
                0x08001c70       0x40 build/mc_math.o
                0x08001c70                MCM_Rev_Park
 .text.MCM_Sqrt
                0x08001cb0       0x74 build/mc_math.o
                0x08001cb0                MCM_Sqrt
 .text.MCI_Init
                0x08001d24       0x1c build/mc_interface.o
                0x08001d24                MCI_Init
 .text.MCI_ExecSpeedRamp
                0x08001d40       0x14 build/mc_interface.o
                0x08001d40                MCI_ExecSpeedRamp
 .text.MCI_ExecTorqueRamp
                0x08001d54       0x14 build/mc_interface.o
                0x08001d54                MCI_ExecTorqueRamp
 .text.MCI_SetCurrentReferences
                0x08001d68       0x14 build/mc_interface.o
                0x08001d68                MCI_SetCurrentReferences
 .text.MCI_ExecPositionCommand
                0x08001d7c       0x6c build/mc_interface.o
                0x08001d7c                MCI_ExecPositionCommand
 .text.MCI_FaultProcessing
                0x08001de8       0x18 build/mc_interface.o
                0x08001de8                MCI_FaultProcessing
 .text.MCI_ExecBufferedCommands
                0x08001e00       0x78 build/mc_interface.o
                0x08001e00                MCI_ExecBufferedCommands
 .text.MCI_GetSTMState
                0x08001e78        0x8 build/mc_interface.o
                0x08001e78                MCI_GetSTMState
 .text.MCI_GetCurrentPosition
                0x08001e80        0x8 build/mc_interface.o
                0x08001e80                MCI_GetCurrentPosition
 .text.MCI_GetOccurredFaults
                0x08001e88        0x4 build/mc_interface.o
                0x08001e88                MCI_GetOccurredFaults
 .text.MCI_GetCurrentFaults
                0x08001e8c        0x4 build/mc_interface.o
                0x08001e8c                MCI_GetCurrentFaults
 .text.MCI_StartMotor
                0x08001e90       0x30 build/mc_interface.o
                0x08001e90                MCI_StartMotor
 .text.MCI_StartWithPolarizationMotor
                0x08001ec0       0x34 build/mc_interface.o
                0x08001ec0                MCI_StartWithPolarizationMotor
 .text.MCI_StopMotor
                0x08001ef4       0x44 build/mc_interface.o
                0x08001ef4                MCI_StopMotor
 .text.MCI_FaultAcknowledged
                0x08001f38       0x28 build/mc_interface.o
                0x08001f38                MCI_FaultAcknowledged
 .text.MCI_GetFaultState
                0x08001f60        0xc build/mc_interface.o
                0x08001f60                MCI_GetFaultState
 .text.MCI_GetControlMode
                0x08001f6c        0x8 build/mc_interface.o
                0x08001f6c                MCI_GetControlMode
 .text.MCI_GetLastRampFinalSpeed
                0x08001f74        0x8 build/mc_interface.o
                0x08001f74                MCI_GetLastRampFinalSpeed
 .text.MCI_GetLastRampFinalTorque
                0x08001f7c        0x8 build/mc_interface.o
                0x08001f7c                MCI_GetLastRampFinalTorque
 .text.MCI_GetLastRampFinalDuration
                0x08001f84        0x4 build/mc_interface.o
                0x08001f84                MCI_GetLastRampFinalDuration
 .text.MCI_StopRamp
                0x08001f88        0x8 build/mc_interface.o
                0x08001f88                MCI_StopRamp
 .text.MCI_GetAvrgMecSpeedUnit
                0x08001f90       0x10 build/mc_interface.o
                0x08001f90                MCI_GetAvrgMecSpeedUnit
 .text.MCI_GetMecSpeedRefUnit
                0x08001fa0        0x8 build/mc_interface.o
                0x08001fa0                MCI_GetMecSpeedRefUnit
 .text.MCI_GetIab
                0x08001fa8       0x1c build/mc_interface.o
                0x08001fa8                MCI_GetIab
 .text.MCI_GetIalphabeta
                0x08001fc4       0x1c build/mc_interface.o
                0x08001fc4                MCI_GetIalphabeta
 .text.MCI_GetIqd
                0x08001fe0       0x1c build/mc_interface.o
                0x08001fe0                MCI_GetIqd
 .text.MCI_GetIqdref
                0x08001ffc       0x1c build/mc_interface.o
                0x08001ffc                MCI_GetIqdref
 .text.MCI_GetVqd
                0x08002018       0x1c build/mc_interface.o
                0x08002018                MCI_GetVqd
 .text.MCI_GetValphabeta
                0x08002034       0x1c build/mc_interface.o
                0x08002034                MCI_GetValphabeta
 .text.MCI_GetTeref
                0x08002050        0x8 build/mc_interface.o
                0x08002050                MCI_GetTeref
 .text.MCI_Clear_Iqdref
                0x08002058       0x14 build/mc_interface.o
                0x08002058                MCI_Clear_Iqdref
 .text.MCI_Clear_PerfMeasure
                0x0800206c        0x8 build/mc_interface.o
                0x0800206c                MCI_Clear_PerfMeasure
 .text.ADC1_2_IRQHandler
                0x08002074       0x14 build/stm32l4xx_mc_it.o
                0x08002074                ADC1_2_IRQHandler
 .text.TIM1_UP_TIM16_IRQHandler
                0x08002088       0x18 build/stm32l4xx_mc_it.o
                0x08002088                TIM1_UP_TIM16_IRQHandler
 .text.TIM1_BRK_TIM15_IRQHandler
                0x080020a0       0x3c build/stm32l4xx_mc_it.o
                0x080020a0                TIM1_BRK_TIM15_IRQHandler
 .text.TIM3_IRQHandler
                0x080020dc       0x20 build/stm32l4xx_mc_it.o
                0x080020dc                TIM3_IRQHandler
 .text.DMA1_Channel6_IRQHandler
                0x080020fc       0x20 build/stm32l4xx_mc_it.o
                0x080020fc                DMA1_Channel6_IRQHandler
 .text.USART2_IRQHandler
                0x0800211c      0x17c build/stm32l4xx_mc_it.o
                0x0800211c                USART2_IRQHandler
 .text.HardFault_Handler
                0x08002298        0x8 build/stm32l4xx_mc_it.o
                0x08002298                HardFault_Handler
 .text.EXTI15_10_IRQHandler
                0x080022a0       0x18 build/stm32l4xx_mc_it.o
                0x080022a0                EXTI15_10_IRQHandler
 .text.RI_SetRegisterGlobal
                0x080022b8      0x14c build/register_interface.o
                0x080022b8                RI_SetRegisterGlobal
 .text.RI_SetRegisterMotor1
                0x08002404      0x514 build/register_interface.o
                0x08002404                RI_SetRegisterMotor1
 .text.RI_GetRegisterGlobal
                0x08002918      0x1e4 build/register_interface.o
                0x08002918                RI_GetRegisterGlobal
 .text.RI_GetRegisterMotor1
                0x08002afc      0x760 build/register_interface.o
                0x08002afc                RI_GetRegisterMotor1
 .text.RI_GetIDSize
                0x0800325c       0x18 build/register_interface.o
                0x0800325c                RI_GetIDSize
 .text.RI_GetPtrReg
                0x08003274      0x120 build/register_interface.o
                0x08003274                RI_GetPtrReg
 .text.RI_SetRegCommandParser
                0x08003394       0xdc build/mcp.o
                0x08003394                RI_SetRegCommandParser
 .text.RI_GetRegCommandParser
                0x08003470       0x98 build/mcp.o
                0x08003470                RI_GetRegCommandParser
 .text.MCP_ReceivedPacket
                0x08003508      0x1d0 build/mcp.o
                0x08003508                MCP_ReceivedPacket
 .text.MC_Perf_Measure_Init
                0x080036d8       0x44 build/mc_perf.o
                0x080036d8                MC_Perf_Measure_Init
 .text.MC_Perf_Clear
                0x0800371c       0x18 build/mc_perf.o
                0x0800371c                MC_Perf_Clear
 .text.MC_Perf_Measure_Start
                0x08003734       0x10 build/mc_perf.o
                0x08003734                MC_Perf_Measure_Start
 .text.MC_BG_Perf_Measure_Start
                0x08003744       0x18 build/mc_perf.o
                0x08003744                MC_BG_Perf_Measure_Start
 .text.MC_Perf_Measure_Stop
                0x0800375c       0x44 build/mc_perf.o
                0x0800375c                MC_Perf_Measure_Stop
 .text.MC_BG_Perf_Measure_Stop
                0x080037a0       0x4c build/mc_perf.o
                0x080037a0                MC_BG_Perf_Measure_Stop
 .text.MC_Perf_GetCPU_Load
                0x080037ec       0x58 build/mc_perf.o
                0x080037ec                MC_Perf_GetCPU_Load
 .text.MC_Perf_GetMaxCPU_Load
                0x08003844       0x60 build/mc_perf.o
                0x08003844                MC_Perf_GetMaxCPU_Load
 .text.MC_Perf_GetMinCPU_Load
                0x080038a4       0x7c build/mc_perf.o
                0x080038a4                MC_Perf_GetMinCPU_Load
 .text.UASPEP_INIT
                0x08003920       0x90 build/usart_aspep_driver.o
                0x08003920                UASPEP_INIT
 .text.UASPEP_SEND_PACKET
                0x080039b0       0x3c build/usart_aspep_driver.o
                0x080039b0                UASPEP_SEND_PACKET
 .text.UASPEP_RECEIVE_BUFFER
                0x080039ec       0x38 build/usart_aspep_driver.o
                0x080039ec                UASPEP_RECEIVE_BUFFER
 .text.UASPEP_IDLE_ENABLE
                0x08003a24       0x18 build/usart_aspep_driver.o
                0x08003a24                UASPEP_IDLE_ENABLE
 .text.ASPEP_start
                0x08003a3c       0x28 build/aspep.o
                0x08003a3c                ASPEP_start
 .text.ASPEP_sendBeacon
                0x08003a64       0x8c build/aspep.o
                0x08003a64                ASPEP_sendBeacon
 .text.ASPEP_sendPing
                0x08003af0       0x90 build/aspep.o
                0x08003af0                ASPEP_sendPing
 .text.ASPEP_getBuffer
                0x08003b80       0x6c build/aspep.o
                0x08003b80                ASPEP_getBuffer
 .text.ASPEP_sendPacket
                0x08003bec      0x118 build/aspep.o
                0x08003bec                ASPEP_sendPacket
 .text.ASPEP_HWDataTransmittedIT
                0x08003d04       0x98 build/aspep.o
                0x08003d04                ASPEP_HWDataTransmittedIT
 .text.ASPEP_RXframeProcess
                0x08003d9c      0x2a8 build/aspep.o
                0x08003d9c                ASPEP_RXframeProcess
 .text.ASPEP_HWDataReceivedIT
                0x08004044       0x9c build/aspep.o
                0x08004044                ASPEP_HWDataReceivedIT
 .text.ASPEP_HWDMAReset
                0x080040e0       0x14 build/aspep.o
                0x080040e0                ASPEP_HWDMAReset
 .text.MC_APP_BootHook
                0x080040f4        0x4 build/mc_app_hooks.o
                0x080040f4                MC_APP_BootHook
 .text.MC_APP_PostMediumFrequencyHook_M1
                0x080040f8        0x4 build/mc_app_hooks.o
                0x080040f8                MC_APP_PostMediumFrequencyHook_M1
 .text.TIM6_DAC_IRQHandler
                0x080040fc       0x1c build/stm32l4xx_it.o
                0x080040fc                TIM6_DAC_IRQHandler
 .text.HAL_MspInit
                0x08004118       0x40 build/stm32l4xx_hal_msp.o
                0x08004118                HAL_MspInit
 .text.HAL_ADC_MspInit
                0x08004158       0xd8 build/stm32l4xx_hal_msp.o
                0x08004158                HAL_ADC_MspInit
 .text.HAL_DAC_MspInit
                0x08004230       0x70 build/stm32l4xx_hal_msp.o
                0x08004230                HAL_DAC_MspInit
 .text.HAL_TIM_Base_MspInit
                0x080042a0       0x6c build/stm32l4xx_hal_msp.o
                0x080042a0                HAL_TIM_Base_MspInit
 *fill*         0x0800430c        0x4 
 .text.HAL_TIM_Encoder_MspInit
                0x08004310       0x78 build/stm32l4xx_hal_msp.o
                0x08004310                HAL_TIM_Encoder_MspInit
 .text.HAL_TIM_MspPostInit
                0x08004388       0x74 build/stm32l4xx_hal_msp.o
                0x08004388                HAL_TIM_MspPostInit
 .text.HAL_UART_MspInit
                0x080043fc       0xfc build/stm32l4xx_hal_msp.o
                0x080043fc                HAL_UART_MspInit
 .text.HAL_InitTick
                0x080044f8       0xa4 build/stm32l4xx_hal_timebase_tim.o
                0x080044f8                HAL_InitTick
 .text.HAL_ADC_Init
                0x0800459c      0x1c8 build/stm32l4xx_hal_adc.o
                0x0800459c                HAL_ADC_Init
 .text.HAL_ADC_ConfigChannel
                0x08004764      0x4b4 build/stm32l4xx_hal_adc.o
                0x08004764                HAL_ADC_ConfigChannel
 .text.HAL_ADCEx_InjectedConfigChannel
                0x08004c18      0x598 build/stm32l4xx_hal_adc_ex.o
                0x08004c18                HAL_ADCEx_InjectedConfigChannel
 .text.HAL_ADCEx_MultiModeConfigChannel
                0x080051b0       0xe0 build/stm32l4xx_hal_adc_ex.o
                0x080051b0                HAL_ADCEx_MultiModeConfigChannel
 .text.HAL_ADCEx_DisableInjectedQueue
                0x08005290       0x28 build/stm32l4xx_hal_adc_ex.o
                0x08005290                HAL_ADCEx_DisableInjectedQueue
 .text.HAL_Init
                0x080052b8       0x30 build/stm32l4xx_hal.o
                0x080052b8                HAL_Init
 .text.HAL_IncTick
                0x080052e8       0x18 build/stm32l4xx_hal.o
                0x080052e8                HAL_IncTick
 .text.HAL_GetTick
                0x08005300        0xc build/stm32l4xx_hal.o
                0x08005300                HAL_GetTick
 .text.HAL_Delay
                0x0800530c       0x24 build/stm32l4xx_hal.o
                0x0800530c                HAL_Delay
 .text.RCC_SetFlashLatencyFromMSIRange
                0x08005330       0x8c build/stm32l4xx_hal_rcc.o
 .text.HAL_RCC_GetSysClockFreq
                0x080053bc       0xb4 build/stm32l4xx_hal_rcc.o
                0x080053bc                HAL_RCC_GetSysClockFreq
 .text.HAL_RCC_OscConfig
                0x08005470      0x5d0 build/stm32l4xx_hal_rcc.o
                0x08005470                HAL_RCC_OscConfig
 .text.HAL_RCC_ClockConfig
                0x08005a40      0x168 build/stm32l4xx_hal_rcc.o
                0x08005a40                HAL_RCC_ClockConfig
 .text.HAL_RCC_GetHCLKFreq
                0x08005ba8        0xc build/stm32l4xx_hal_rcc.o
                0x08005ba8                HAL_RCC_GetHCLKFreq
 .text.HAL_RCC_GetPCLK1Freq
                0x08005bb4       0x24 build/stm32l4xx_hal_rcc.o
                0x08005bb4                HAL_RCC_GetPCLK1Freq
 .text.HAL_RCC_GetPCLK2Freq
                0x08005bd8       0x24 build/stm32l4xx_hal_rcc.o
                0x08005bd8                HAL_RCC_GetPCLK2Freq
 .text.HAL_RCC_GetClockConfig
                0x08005bfc       0x44 build/stm32l4xx_hal_rcc.o
                0x08005bfc                HAL_RCC_GetClockConfig
 .text.RCCEx_PLLSAI1_Config
                0x08005c40      0x124 build/stm32l4xx_hal_rcc_ex.o
 .text.RCCEx_PLLSAI2_Config
                0x08005d64      0x104 build/stm32l4xx_hal_rcc_ex.o
 .text.HAL_RCCEx_PeriphCLKConfig
                0x08005e68      0x440 build/stm32l4xx_hal_rcc_ex.o
                0x08005e68                HAL_RCCEx_PeriphCLKConfig
 .text.HAL_GPIO_Init
                0x080062a8      0x204 build/stm32l4xx_hal_gpio.o
                0x080062a8                HAL_GPIO_Init
 .text.HAL_GPIO_WritePin
                0x080064ac        0xc build/stm32l4xx_hal_gpio.o
                0x080064ac                HAL_GPIO_WritePin
 .text.HAL_DMA_Init
                0x080064b8       0xe8 build/stm32l4xx_hal_dma.o
                0x080064b8                HAL_DMA_Init
 .text.HAL_PWREx_GetVoltageRange
                0x080065a0       0x10 build/stm32l4xx_hal_pwr_ex.o
                0x080065a0                HAL_PWREx_GetVoltageRange
 .text.HAL_PWREx_ControlVoltageScaling
                0x080065b0       0x84 build/stm32l4xx_hal_pwr_ex.o
                0x080065b0                HAL_PWREx_ControlVoltageScaling
 .text.HAL_NVIC_SetPriorityGrouping
                0x08006634       0x24 build/stm32l4xx_hal_cortex.o
                0x08006634                HAL_NVIC_SetPriorityGrouping
 .text.HAL_NVIC_SetPriority
                0x08006658       0x7c build/stm32l4xx_hal_cortex.o
                0x08006658                HAL_NVIC_SetPriority
 .text.HAL_NVIC_EnableIRQ
                0x080066d4       0x1c build/stm32l4xx_hal_cortex.o
                0x080066d4                HAL_NVIC_EnableIRQ
 .text.HAL_SYSTICK_Config
                0x080066f0       0x34 build/stm32l4xx_hal_cortex.o
                0x080066f0                HAL_SYSTICK_Config
 .text.TIM_OC1_SetConfig
                0x08006724       0x78 build/stm32l4xx_hal_tim.o
 .text.TIM_OC3_SetConfig
                0x0800679c       0x80 build/stm32l4xx_hal_tim.o
 .text.HAL_TIM_Base_Init
                0x0800681c      0x118 build/stm32l4xx_hal_tim.o
                0x0800681c                HAL_TIM_Base_Init
 .text.HAL_TIM_Base_Start_IT
                0x08006934       0x7c build/stm32l4xx_hal_tim.o
                0x08006934                HAL_TIM_Base_Start_IT
 .text.HAL_TIM_PWM_MspInit
                0x080069b0        0x4 build/stm32l4xx_hal_tim.o
                0x080069b0                HAL_TIM_PWM_MspInit
 .text.HAL_TIM_PWM_Init
                0x080069b4      0x118 build/stm32l4xx_hal_tim.o
                0x080069b4                HAL_TIM_PWM_Init
 .text.HAL_TIM_Encoder_Init
                0x08006acc      0x144 build/stm32l4xx_hal_tim.o
                0x08006acc                HAL_TIM_Encoder_Init
 .text.HAL_TIM_SlaveConfigSynchro
                0x08006c10      0x11c build/stm32l4xx_hal_tim.o
                0x08006c10                HAL_TIM_SlaveConfigSynchro
 .text.HAL_TIM_OC_DelayElapsedCallback
                0x08006d2c        0x4 build/stm32l4xx_hal_tim.o
                0x08006d2c                HAL_TIM_OC_DelayElapsedCallback
 .text.HAL_TIM_IC_CaptureCallback
                0x08006d30        0x4 build/stm32l4xx_hal_tim.o
                0x08006d30                HAL_TIM_IC_CaptureCallback
 .text.HAL_TIM_PWM_PulseFinishedCallback
                0x08006d34        0x4 build/stm32l4xx_hal_tim.o
                0x08006d34                HAL_TIM_PWM_PulseFinishedCallback
 .text.HAL_TIM_TriggerCallback
                0x08006d38        0x4 build/stm32l4xx_hal_tim.o
                0x08006d38                HAL_TIM_TriggerCallback
 .text.HAL_TIM_IRQHandler
                0x08006d3c      0x154 build/stm32l4xx_hal_tim.o
                0x08006d3c                HAL_TIM_IRQHandler
 .text.TIM_OC2_SetConfig
                0x08006e90       0x80 build/stm32l4xx_hal_tim.o
                0x08006e90                TIM_OC2_SetConfig
 .text.HAL_TIM_PWM_ConfigChannel
                0x08006f10      0x268 build/stm32l4xx_hal_tim.o
                0x08006f10                HAL_TIM_PWM_ConfigChannel
 .text.HAL_TIMEx_MasterConfigSynchronization
                0x08007178       0x94 build/stm32l4xx_hal_tim_ex.o
                0x08007178                HAL_TIMEx_MasterConfigSynchronization
 .text.HAL_TIMEx_ConfigBreakDeadTime
                0x0800720c       0x8c build/stm32l4xx_hal_tim_ex.o
                0x0800720c                HAL_TIMEx_ConfigBreakDeadTime
 .text.HAL_TIMEx_ConfigBreakInput
                0x08007298       0xbc build/stm32l4xx_hal_tim_ex.o
                0x08007298                HAL_TIMEx_ConfigBreakInput
 .text.HAL_TIMEx_CommutCallback
                0x08007354        0x4 build/stm32l4xx_hal_tim_ex.o
                0x08007354                HAL_TIMEx_CommutCallback
 .text.HAL_TIMEx_BreakCallback
                0x08007358        0x4 build/stm32l4xx_hal_tim_ex.o
                0x08007358                HAL_TIMEx_BreakCallback
 .text.HAL_TIMEx_Break2Callback
                0x0800735c        0x4 build/stm32l4xx_hal_tim_ex.o
                0x0800735c                HAL_TIMEx_Break2Callback
 .text.UART_SetConfig
                0x08007360      0x2c8 build/stm32l4xx_hal_uart.o
                0x08007360                UART_SetConfig
 .text.UART_AdvFeatureConfig
                0x08007628       0xb0 build/stm32l4xx_hal_uart.o
                0x08007628                UART_AdvFeatureConfig
 .text.UART_CheckIdleState
                0x080076d8      0x258 build/stm32l4xx_hal_uart.o
                0x080076d8                UART_CheckIdleState
 .text.HAL_UART_Init
                0x08007930       0x64 build/stm32l4xx_hal_uart.o
                0x08007930                HAL_UART_Init
 .text.SystemInit
                0x08007994       0x14 build/system_stm32l4xx.o
                0x08007994                SystemInit
 .text.vListInitialise
                0x080079a8       0x18 build/list.o
                0x080079a8                vListInitialise
 .text.vListInitialiseItem
                0x080079c0        0x8 build/list.o
                0x080079c0                vListInitialiseItem
 .text.vListInsertEnd
                0x080079c8       0x20 build/list.o
                0x080079c8                vListInsertEnd
 .text.vListInsert
                0x080079e8       0x30 build/list.o
                0x080079e8                vListInsert
 .text.uxListRemove
                0x08007a18       0x28 build/list.o
                0x08007a18                uxListRemove
 .text.prvAddNewTaskToReadyList
                0x08007a40      0x110 build/tasks.o
 .text.prvAddCurrentTaskToDelayedList
                0x08007b50       0x8c build/tasks.o
 .text.prvIdleTask
                0x08007bdc       0x98 build/tasks.o
 .text.xTaskIncrementTick.part.0
                0x08007c74      0x154 build/tasks.o
 .text.xTaskResumeAll.part.0
                0x08007dc8      0x144 build/tasks.o
 .text.xTaskCreateStatic
                0x08007f0c      0x174 build/tasks.o
                0x08007f0c                xTaskCreateStatic
 .text.xTaskCreate
                0x08008080      0x158 build/tasks.o
                0x08008080                xTaskCreate
 .text.vTaskDelay
                0x080081d8       0x60 build/tasks.o
                0x080081d8                vTaskDelay
 .text.vTaskStartScheduler
                0x08008238       0xf8 build/tasks.o
                0x08008238                vTaskStartScheduler
 .text.vTaskSuspendAll
                0x08008330       0x10 build/tasks.o
                0x08008330                vTaskSuspendAll
 .text.xTaskResumeAll
                0x08008340       0x20 build/tasks.o
                0x08008340                xTaskResumeAll
 .text.xTaskIncrementTick
                0x08008360       0x20 build/tasks.o
                0x08008360                xTaskIncrementTick
 .text.vTaskSwitchContext
                0x08008380       0x70 build/tasks.o
                0x08008380                vTaskSwitchContext
 .text.osKernelStart
                0x080083f0        0xc build/cmsis_os.o
                0x080083f0                osKernelStart
 .text.osThreadCreate
                0x080083fc       0x64 build/cmsis_os.o
                0x080083fc                osThreadCreate
 .text.pvPortMalloc
                0x08008460      0x170 build/heap_4.o
                0x08008460                pvPortMalloc
 .text.vPortFree
                0x080085d0       0xc4 build/heap_4.o
                0x080085d0                vPortFree
 .text.prvPortStartFirstTask
                0x08008694       0x28 build/port.o
 .text.vPortEnableVFP
                0x080086bc       0x14 build/port.o
 .text.prvTaskExitError
                0x080086d0       0x40 build/port.o
 .text.pxPortInitialiseStack
                0x08008710       0x28 build/port.o
                0x08008710                pxPortInitialiseStack
 *fill*         0x08008738        0x8 
 .text.SVC_Handler
                0x08008740       0x24 build/port.o
                0x08008740                SVC_Handler
 .text.vPortEnterCritical
                0x08008764       0x44 build/port.o
                0x08008764                vPortEnterCritical
 .text.vPortExitCritical
                0x080087a8       0x28 build/port.o
                0x080087a8                vPortExitCritical
 .text.PendSV_Handler
                0x080087d0       0x64 build/port.o
                0x080087d0                PendSV_Handler
 .text.SysTick_Handler
                0x08008834       0x2c build/port.o
                0x08008834                SysTick_Handler
 .text.xPortStartScheduler
                0x08008860      0x140 build/port.o
                0x08008860                xPortStartScheduler
 .text.VBS_GetAvBusVoltage_V
                0x080089a0        0xc build/bus_voltage_sensor.o
                0x080089a0                VBS_GetAvBusVoltage_V
 .text.Circle_Limitation
                0x080089ac       0x60 build/circle_limitation.o
                0x080089ac                Circle_Limitation
 .text.NTC_SetFaultState
                0x08008a0c       0x1c build/ntc_temperature_sensor.o
                0x08008a0c                NTC_SetFaultState
 .text.NTC_Clear
                0x08008a28        0x8 build/ntc_temperature_sensor.o
                0x08008a28                NTC_Clear
 .text.NTC_Init
                0x08008a30       0x18 build/ntc_temperature_sensor.o
                0x08008a30                NTC_Init
 .text.NTC_CalcAvTemp
                0x08008a48       0x30 build/ntc_temperature_sensor.o
                0x08008a48                NTC_CalcAvTemp
 .text.NTC_GetAvTemp_C
                0x08008a78       0x24 build/ntc_temperature_sensor.o
                0x08008a78                NTC_GetAvTemp_C
 .text.PID_HandleInit
                0x08008a9c       0x10 build/pid_regulator.o
                0x08008a9c                PID_HandleInit
 .text.PID_SetKP
                0x08008aac        0x4 build/pid_regulator.o
                0x08008aac                PID_SetKP
 .text.PID_SetKI
                0x08008ab0        0x4 build/pid_regulator.o
                0x08008ab0                PID_SetKI
 .text.PID_GetKP
                0x08008ab4        0x8 build/pid_regulator.o
                0x08008ab4                PID_GetKP
 .text.PID_GetKI
                0x08008abc        0x8 build/pid_regulator.o
                0x08008abc                PID_GetKI
 .text.PID_SetIntegralTerm
                0x08008ac4        0x4 build/pid_regulator.o
                0x08008ac4                PID_SetIntegralTerm
 .text.PID_GetKPDivisorPOW2
                0x08008ac8        0x4 build/pid_regulator.o
                0x08008ac8                PID_GetKPDivisorPOW2
 .text.PID_SetKPDivisorPOW2
                0x08008acc        0xc build/pid_regulator.o
                0x08008acc                PID_SetKPDivisorPOW2
 .text.PID_GetKIDivisorPOW2
                0x08008ad8        0x4 build/pid_regulator.o
                0x08008ad8                PID_GetKIDivisorPOW2
 .text.PID_SetLowerIntegralTermLimit
                0x08008adc        0x4 build/pid_regulator.o
                0x08008adc                PID_SetLowerIntegralTermLimit
 .text.PID_SetUpperIntegralTermLimit
                0x08008ae0        0x4 build/pid_regulator.o
                0x08008ae0                PID_SetUpperIntegralTermLimit
 .text.PID_SetKIDivisorPOW2
                0x08008ae4       0x28 build/pid_regulator.o
                0x08008ae4                PID_SetKIDivisorPOW2
 .text.PID_SetKD
                0x08008b0c        0x4 build/pid_regulator.o
                0x08008b0c                PID_SetKD
 .text.PID_GetKD
                0x08008b10        0x8 build/pid_regulator.o
                0x08008b10                PID_GetKD
 .text.PID_GetKDDivisorPOW2
                0x08008b18        0x4 build/pid_regulator.o
                0x08008b18                PID_GetKDDivisorPOW2
 .text.PID_SetKDDivisorPOW2
                0x08008b1c        0xc build/pid_regulator.o
                0x08008b1c                PID_SetKDDivisorPOW2
 .text.PI_Controller
                0x08008b28       0x8c build/pid_regulator.o
                0x08008b28                PI_Controller
 .text.PID_Controller
                0x08008bb4       0x40 build/pid_regulator.o
                0x08008bb4                PID_Controller
 .text.PQD_CalcElMotorPower
                0x08008bf4       0x38 build/pqd_motor_power_measurement.o
                0x08008bf4                PQD_CalcElMotorPower
 .text.PQD_Clear
                0x08008c2c        0x8 build/pqd_motor_power_measurement.o
                0x08008c2c                PQD_Clear
 .text.PQD_GetAvrgElMotorPowerW
                0x08008c34       0x34 build/pqd_motor_power_measurement.o
                0x08008c34                PQD_GetAvrgElMotorPowerW
 .text.startTimers
                0x08008c68       0x64 build/pwm_common.o
                0x08008c68                startTimers
 .text.waitForPolarizationEnd
                0x08008ccc       0x3c build/pwm_common.o
                0x08008ccc                waitForPolarizationEnd
 .text.RVBS_Clear
                0x08008d08       0x3c build/r_divider_bus_voltage_sensor.o
                0x08008d08                RVBS_Clear
 .text.RVBS_Init
                0x08008d44        0x8 build/r_divider_bus_voltage_sensor.o
                0x08008d44                RVBS_Init
 .text.RVBS_CheckFaultState
                0x08008d4c       0x4c build/r_divider_bus_voltage_sensor.o
                0x08008d4c                RVBS_CheckFaultState
 .text.RVBS_CalcAvVbus
                0x08008d98       0x5c build/r_divider_bus_voltage_sensor.o
                0x08008d98                RVBS_CalcAvVbus
 .text.REMNG_Init
                0x08008df4       0x10 build/ramp_ext_mngr.o
                0x08008df4                REMNG_Init
 .text.SPD_GetElAngle
                0x08008e04        0x8 build/speed_pos_fdbk.o
                0x08008e04                SPD_GetElAngle
 .text.SPD_GetMecAngle
                0x08008e0c        0x4 build/speed_pos_fdbk.o
                0x08008e0c                SPD_GetMecAngle
 .text.SPD_GetAvrgMecSpeedUnit
                0x08008e10        0x8 build/speed_pos_fdbk.o
                0x08008e10                SPD_GetAvrgMecSpeedUnit
 .text.SPD_GetInstElSpeedDpp
                0x08008e18        0x8 build/speed_pos_fdbk.o
                0x08008e18                SPD_GetInstElSpeedDpp
 .text.SPD_IsMecSpeedReliable
                0x08008e20       0x6c build/speed_pos_fdbk.o
                0x08008e20                SPD_IsMecSpeedReliable
 .text.SPD_GetS16Speed
                0x08008e8c       0x14 build/speed_pos_fdbk.o
                0x08008e8c                SPD_GetS16Speed
 .text.STC_Init
                0x08008ea0       0x2c build/speed_torq_ctrl.o
                0x08008ea0                STC_Init
 .text.STC_SetSpeedSensor
                0x08008ecc        0x4 build/speed_torq_ctrl.o
                0x08008ecc                STC_SetSpeedSensor
 .text.STC_GetSpeedSensor
                0x08008ed0        0x4 build/speed_torq_ctrl.o
                0x08008ed0                STC_GetSpeedSensor
 .text.STC_Clear
                0x08008ed4       0x10 build/speed_torq_ctrl.o
                0x08008ed4                STC_Clear
 .text.STC_GetMecSpeedRefUnit
                0x08008ee4        0x8 build/speed_torq_ctrl.o
                0x08008ee4                STC_GetMecSpeedRefUnit
 .text.STC_GetTorqueRef
                0x08008eec        0x8 build/speed_torq_ctrl.o
                0x08008eec                STC_GetTorqueRef
 .text.STC_SetControlMode
                0x08008ef4        0x8 build/speed_torq_ctrl.o
                0x08008ef4                STC_SetControlMode
 .text.STC_ExecRamp
                0x08008efc       0x88 build/speed_torq_ctrl.o
                0x08008efc                STC_ExecRamp
 .text.STC_StopRamp
                0x08008f84        0x8 build/speed_torq_ctrl.o
                0x08008f84                STC_StopRamp
 .text.STC_CalcTorqueReference
                0x08008f8c       0x54 build/speed_torq_ctrl.o
                0x08008f8c                STC_CalcTorqueReference
 .text.STC_GetMecSpeedRefUnitDefault
                0x08008fe0        0x8 build/speed_torq_ctrl.o
                0x08008fe0                STC_GetMecSpeedRefUnitDefault
 .text.STC_GetDefaultIqdref
                0x08008fe8       0x1c build/speed_torq_ctrl.o
                0x08008fe8                STC_GetDefaultIqdref
 .text.STC_ForceSpeedReferenceToCurrentSpeed
                0x08009004       0x10 build/speed_torq_ctrl.o
                0x08009004                STC_ForceSpeedReferenceToCurrentSpeed
 .text.VSS_Clear
                0x08009014       0x1c build/virtual_speed_sensor.o
                0x08009014                VSS_Clear
 .text.VSS_Init
                0x08009030        0x8 build/virtual_speed_sensor.o
                0x08009030                VSS_Init
 .text.VSS_SetMecAngle
                0x08009038       0x10 build/virtual_speed_sensor.o
                0x08009038                VSS_SetMecAngle
 .text.VSS_SetMecAcceleration
                0x08009048       0x90 build/virtual_speed_sensor.o
                0x08009048                VSS_SetMecAcceleration
 .text.R3_1_GetPhaseCurrents
                0x080090d8      0x180 build/r3_1_l4xx_pwm_curr_fdbk.o
                0x080090d8                R3_1_GetPhaseCurrents
 .text.R3_1_HFCurrentsCalibrationAB
                0x08009258       0x48 build/r3_1_l4xx_pwm_curr_fdbk.o
                0x08009258                R3_1_HFCurrentsCalibrationAB
 .text.R3_1_HFCurrentsCalibrationC
                0x080092a0       0x40 build/r3_1_l4xx_pwm_curr_fdbk.o
                0x080092a0                R3_1_HFCurrentsCalibrationC
 .text.R3_1_SwitchOnPWM
                0x080092e0       0x90 build/r3_1_l4xx_pwm_curr_fdbk.o
                0x080092e0                R3_1_SwitchOnPWM
 .text.R3_1_SwitchOffPWM
                0x08009370       0x70 build/r3_1_l4xx_pwm_curr_fdbk.o
                0x08009370                R3_1_SwitchOffPWM
 .text.R3_1_RLGetPhaseCurrents
                0x080093e0       0x50 build/r3_1_l4xx_pwm_curr_fdbk.o
 .text.R3_1_RLSwitchOnPWM
                0x08009430       0xb4 build/r3_1_l4xx_pwm_curr_fdbk.o
 .text.R3_1_TurnOnLowSides
                0x080094e4       0x58 build/r3_1_l4xx_pwm_curr_fdbk.o
                0x080094e4                R3_1_TurnOnLowSides
 .text.R3_1_RLTurnOnLowSides
                0x0800953c       0x50 build/r3_1_l4xx_pwm_curr_fdbk.o
 .text.R3_1_Init
                0x0800958c       0xd8 build/r3_1_l4xx_pwm_curr_fdbk.o
                0x0800958c                R3_1_Init
 .text.R3_1_SetOffsetCalib
                0x08009664       0x1c build/r3_1_l4xx_pwm_curr_fdbk.o
                0x08009664                R3_1_SetOffsetCalib
 .text.R3_1_GetOffsetCalib
                0x08009680       0x10 build/r3_1_l4xx_pwm_curr_fdbk.o
                0x08009680                R3_1_GetOffsetCalib
 .text.R3_1_CurrentReadingCalibration
                0x08009690      0x124 build/r3_1_l4xx_pwm_curr_fdbk.o
                0x08009690                R3_1_CurrentReadingCalibration
 .text.R3_1_WriteTIMRegisters
                0x080097b4       0x48 build/r3_1_l4xx_pwm_curr_fdbk.o
                0x080097b4                R3_1_WriteTIMRegisters
 .text.R3_1_SetADCSampPointCalibration
                0x080097fc       0x20 build/r3_1_l4xx_pwm_curr_fdbk.o
                0x080097fc                R3_1_SetADCSampPointCalibration
 .text.R3_1_SetADCSampPointSectX
                0x0800981c       0x68 build/r3_1_l4xx_pwm_curr_fdbk.o
                0x0800981c                R3_1_SetADCSampPointSectX
 .text.R3_1_TIMx_UP_IRQHandler
                0x08009884       0x48 build/r3_1_l4xx_pwm_curr_fdbk.o
                0x08009884                R3_1_TIMx_UP_IRQHandler
 .text.R3_1_RLDetectionModeEnable
                0x080098cc       0xd0 build/r3_1_l4xx_pwm_curr_fdbk.o
                0x080098cc                R3_1_RLDetectionModeEnable
 .text.R3_1_RLDetectionModeDisable
                0x0800999c      0x140 build/r3_1_l4xx_pwm_curr_fdbk.o
                0x0800999c                R3_1_RLDetectionModeDisable
 .text.R3_1_RLDetectionModeSetDuty
                0x08009adc       0x40 build/r3_1_l4xx_pwm_curr_fdbk.o
                0x08009adc                R3_1_RLDetectionModeSetDuty
 .text.R3_1_RLTurnOnLowSidesAndStart
                0x08009b1c       0x78 build/r3_1_l4xx_pwm_curr_fdbk.o
                0x08009b1c                R3_1_RLTurnOnLowSidesAndStart
 .text.MCPA_dataLog
                0x08009b94      0x188 build/mcpa.o
                0x08009b94                MCPA_dataLog
 .text.MCPA_flushDataLog
                0x08009d1c       0x5c build/mcpa.o
                0x08009d1c                MCPA_flushDataLog
 .text.MCPA_cfgLog
                0x08009d78       0xec build/mcpa.o
                0x08009d78                MCPA_cfgLog
 .text.DAC_Init
                0x08009e64       0x30 build/dac_ui.o
                0x08009e64                DAC_Init
 .text.DAC_Exec
                0x08009e94       0x48 build/dac_ui.o
                0x08009e94                DAC_Exec
 .text.DAC_SetChannelConfig
                0x08009edc       0x10 build/dac_ui.o
                0x08009edc                DAC_SetChannelConfig
 .text.DAC_GetChannelConfig
                0x08009eec        0x8 build/dac_ui.o
                0x08009eec                DAC_GetChannelConfig
 .text.HAL_DAC_Init
                0x08009ef4       0x2c build/stm32l4xx_hal_dac.o
                0x08009ef4                HAL_DAC_Init
 .text.HAL_DAC_DMAUnderrunCallbackCh1
                0x08009f20        0x4 build/stm32l4xx_hal_dac.o
                0x08009f20                HAL_DAC_DMAUnderrunCallbackCh1
 .text.HAL_DAC_IRQHandler
                0x08009f24       0x68 build/stm32l4xx_hal_dac.o
                0x08009f24                HAL_DAC_IRQHandler
 .text.HAL_DAC_ConfigChannel
                0x08009f8c      0x12c build/stm32l4xx_hal_dac.o
                0x08009f8c                HAL_DAC_ConfigChannel
 .text.HAL_DACEx_DMAUnderrunCallbackCh2
                0x0800a0b8        0x4 build/stm32l4xx_hal_dac_ex.o
                0x0800a0b8                HAL_DACEx_DMAUnderrunCallbackCh2
 .text.EAC_Init
                0x0800a0bc       0x10 build/enc_align_ctrl.o
                0x0800a0bc                EAC_Init
 .text.EAC_StartAlignment
                0x0800a0cc       0x50 build/enc_align_ctrl.o
                0x0800a0cc                EAC_StartAlignment
 .text.EAC_Exec
                0x0800a11c       0x30 build/enc_align_ctrl.o
                0x0800a11c                EAC_Exec
 .text.EAC_IsAligned
                0x0800a14c        0x4 build/enc_align_ctrl.o
                0x0800a14c                EAC_IsAligned
 .text.EAC_SetRestartState
                0x0800a150        0x4 build/enc_align_ctrl.o
                0x0800a150                EAC_SetRestartState
 .text.ENC_Init
                0x0800a154       0x78 build/encoder_speed_pos_fdbk.o
                0x0800a154                ENC_Init
 .text.ENC_Clear
                0x0800a1cc       0x1c build/encoder_speed_pos_fdbk.o
                0x0800a1cc                ENC_Clear
 .text.ENC_CalcAngle
                0x0800a1e8       0x34 build/encoder_speed_pos_fdbk.o
                0x0800a1e8                ENC_CalcAngle
 .text.ENC_CalcAvrgMecSpeedUnit
                0x0800a21c      0x1ac build/encoder_speed_pos_fdbk.o
                0x0800a21c                ENC_CalcAvrgMecSpeedUnit
 .text.ENC_SetMecAngle
                0x0800a3c8       0x38 build/encoder_speed_pos_fdbk.o
                0x0800a3c8                ENC_SetMecAngle
 .text.ENC_IRQHandler
                0x0800a400       0x14 build/encoder_speed_pos_fdbk.o
                0x0800a400                ENC_IRQHandler
 .text.TC_Init  0x0800a414       0x60 build/trajectory_ctrl.o
                0x0800a414                TC_Init
 .text.TC_MoveCommand
                0x0800a474       0xdc build/trajectory_ctrl.o
                0x0800a474                TC_MoveCommand
 .text.TC_FollowCommand
                0x0800a550       0x8c build/trajectory_ctrl.o
                0x0800a550                TC_FollowCommand
 .text.TC_MoveExecution
                0x0800a5dc      0x11c build/trajectory_ctrl.o
                0x0800a5dc                TC_MoveExecution
 .text.TC_PositionRegulation
                0x0800a6f8       0x84 build/trajectory_ctrl.o
                0x0800a6f8                TC_PositionRegulation
 .text.TC_EncAlignmentCommand
                0x0800a77c      0x134 build/trajectory_ctrl.o
                0x0800a77c                TC_EncAlignmentCommand
 .text.TC_GetCurrentPosition
                0x0800a8b0       0x24 build/trajectory_ctrl.o
                0x0800a8b0                TC_GetCurrentPosition
 .text.TC_GetTargetPosition
                0x0800a8d4        0x8 build/trajectory_ctrl.o
                0x0800a8d4                TC_GetTargetPosition
 .text.TC_GetMoveDuration
                0x0800a8dc        0x8 build/trajectory_ctrl.o
                0x0800a8dc                TC_GetMoveDuration
 .text.TC_GetControlPositionStatus
                0x0800a8e4        0x8 build/trajectory_ctrl.o
                0x0800a8e4                TC_GetControlPositionStatus
 .text.TC_GetAlignmentStatus
                0x0800a8ec        0x8 build/trajectory_ctrl.o
                0x0800a8ec                TC_GetAlignmentStatus
 .text.Reset_Handler
                0x0800a8f4       0x50 build/startup_stm32l476xx.o
                0x0800a8f4                Reset_Handler
 .text.Default_Handler
                0x0800a944        0x2 build/startup_stm32l476xx.o
                0x0800a944                RTC_Alarm_IRQHandler
                0x0800a944                EXTI2_IRQHandler
                0x0800a944                TIM8_TRG_COM_IRQHandler
                0x0800a944                TIM8_CC_IRQHandler
                0x0800a944                DebugMon_Handler
                0x0800a944                TIM1_CC_IRQHandler
                0x0800a944                TSC_IRQHandler
                0x0800a944                TAMP_STAMP_IRQHandler
                0x0800a944                NMI_Handler
                0x0800a944                EXTI3_IRQHandler
                0x0800a944                LPTIM2_IRQHandler
                0x0800a944                DFSDM1_FLT1_IRQHandler
                0x0800a944                I2C3_ER_IRQHandler
                0x0800a944                DFSDM1_FLT2_IRQHandler
                0x0800a944                EXTI0_IRQHandler
                0x0800a944                I2C2_EV_IRQHandler
                0x0800a944                CAN1_RX0_IRQHandler
                0x0800a944                FPU_IRQHandler
                0x0800a944                UsageFault_Handler
                0x0800a944                SPI1_IRQHandler
                0x0800a944                TIM8_UP_IRQHandler
                0x0800a944                DMA2_Channel2_IRQHandler
                0x0800a944                DMA1_Channel4_IRQHandler
                0x0800a944                SAI2_IRQHandler
                0x0800a944                DFSDM1_FLT3_IRQHandler
                0x0800a944                USART3_IRQHandler
                0x0800a944                DMA1_Channel7_IRQHandler
                0x0800a944                CAN1_RX1_IRQHandler
                0x0800a944                LCD_IRQHandler
                0x0800a944                UART5_IRQHandler
                0x0800a944                ADC3_IRQHandler
                0x0800a944                TIM4_IRQHandler
                0x0800a944                DMA2_Channel1_IRQHandler
                0x0800a944                QUADSPI_IRQHandler
                0x0800a944                I2C1_EV_IRQHandler
                0x0800a944                UART4_IRQHandler
                0x0800a944                DMA2_Channel4_IRQHandler
                0x0800a944                RCC_IRQHandler
                0x0800a944                DMA1_Channel1_IRQHandler
                0x0800a944                Default_Handler
                0x0800a944                DMA2_Channel7_IRQHandler
                0x0800a944                TIM7_IRQHandler
                0x0800a944                SDMMC1_IRQHandler
                0x0800a944                TIM5_IRQHandler
                0x0800a944                I2C3_EV_IRQHandler
                0x0800a944                EXTI9_5_IRQHandler
                0x0800a944                RTC_WKUP_IRQHandler
                0x0800a944                PVD_PVM_IRQHandler
                0x0800a944                SPI2_IRQHandler
                0x0800a944                MemManage_Handler
                0x0800a944                CAN1_TX_IRQHandler
                0x0800a944                DMA2_Channel5_IRQHandler
                0x0800a944                DMA1_Channel5_IRQHandler
                0x0800a944                EXTI4_IRQHandler
                0x0800a944                RNG_IRQHandler
                0x0800a944                TIM1_TRG_COM_TIM17_IRQHandler
                0x0800a944                DMA1_Channel3_IRQHandler
                0x0800a944                COMP_IRQHandler
                0x0800a944                WWDG_IRQHandler
                0x0800a944                LPUART1_IRQHandler
                0x0800a944                DMA2_Channel6_IRQHandler
                0x0800a944                TIM2_IRQHandler
                0x0800a944                EXTI1_IRQHandler
                0x0800a944                DFSDM1_FLT0_IRQHandler
                0x0800a944                I2C2_ER_IRQHandler
                0x0800a944                DMA1_Channel2_IRQHandler
                0x0800a944                TIM8_BRK_IRQHandler
                0x0800a944                CAN1_SCE_IRQHandler
                0x0800a944                FLASH_IRQHandler
                0x0800a944                BusFault_Handler
                0x0800a944                USART1_IRQHandler
                0x0800a944                OTG_FS_IRQHandler
                0x0800a944                SPI3_IRQHandler
                0x0800a944                I2C1_ER_IRQHandler
                0x0800a944                FMC_IRQHandler
                0x0800a944                SWPMI1_IRQHandler
                0x0800a944                LPTIM1_IRQHandler
                0x0800a944                SAI1_IRQHandler
                0x0800a944                DMA2_Channel3_IRQHandler
 *fill*         0x0800a946        0x2 
 .text.__libc_init_array
                0x0800a948       0x48 c:/programdata/chocolatey/lib/gcc-arm-embedded/tools/gcc-arm-none-eabi-10.3-2021.10/bin/../lib/gcc/arm-none-eabi/10.3.1/../../../../arm-none-eabi/lib/thumb/v7e-m+fp/hard\libc_nano.a(lib_a-init.o)
                0x0800a948                __libc_init_array
 .text.memcpy   0x0800a990       0x1c c:/programdata/chocolatey/lib/gcc-arm-embedded/tools/gcc-arm-none-eabi-10.3-2021.10/bin/../lib/gcc/arm-none-eabi/10.3.1/../../../../arm-none-eabi/lib/thumb/v7e-m+fp/hard\libc_nano.a(lib_a-memcpy-stub.o)
                0x0800a990                memcpy
 .text.memset   0x0800a9ac       0x10 c:/programdata/chocolatey/lib/gcc-arm-embedded/tools/gcc-arm-none-eabi-10.3-2021.10/bin/../lib/gcc/arm-none-eabi/10.3.1/../../../../arm-none-eabi/lib/thumb/v7e-m+fp/hard\libc_nano.a(lib_a-memset.o)
                0x0800a9ac                memset
 *(.glue_7)
 .glue_7        0x0800a9bc        0x0 linker stubs
 *(.glue_7t)
 .glue_7t       0x0800a9bc        0x0 linker stubs
 *(.eh_frame)
 .eh_frame      0x0800a9bc        0x0 c:/programdata/chocolatey/lib/gcc-arm-embedded/tools/gcc-arm-none-eabi-10.3-2021.10/bin/../lib/gcc/arm-none-eabi/10.3.1/thumb/v7e-m+fp/hard/crtbegin.o
 *(.init)
 .init          0x0800a9bc        0x4 c:/programdata/chocolatey/lib/gcc-arm-embedded/tools/gcc-arm-none-eabi-10.3-2021.10/bin/../lib/gcc/arm-none-eabi/10.3.1/thumb/v7e-m+fp/hard/crti.o
                0x0800a9bc                _init
 .init          0x0800a9c0        0x8 c:/programdata/chocolatey/lib/gcc-arm-embedded/tools/gcc-arm-none-eabi-10.3-2021.10/bin/../lib/gcc/arm-none-eabi/10.3.1/thumb/v7e-m+fp/hard/crtn.o
 *(.fini)
 .fini          0x0800a9c8        0x4 c:/programdata/chocolatey/lib/gcc-arm-embedded/tools/gcc-arm-none-eabi-10.3-2021.10/bin/../lib/gcc/arm-none-eabi/10.3.1/thumb/v7e-m+fp/hard/crti.o
                0x0800a9c8                _fini
 .fini          0x0800a9cc        0x8 c:/programdata/chocolatey/lib/gcc-arm-embedded/tools/gcc-arm-none-eabi-10.3-2021.10/bin/../lib/gcc/arm-none-eabi/10.3.1/thumb/v7e-m+fp/hard/crtn.o
                0x0800a9d8                . = ALIGN (0x8)
 *fill*         0x0800a9d4        0x4 
                0x0800a9d8                _etext = .

.vfp11_veneer   0x0800a9d8        0x0
 .vfp11_veneer  0x0800a9d8        0x0 linker stubs

.v4_bx          0x0800a9d8        0x0
 .v4_bx         0x0800a9d8        0x0 linker stubs

.iplt           0x0800a9d8        0x0
 .iplt          0x0800a9d8        0x0 c:/programdata/chocolatey/lib/gcc-arm-embedded/tools/gcc-arm-none-eabi-10.3-2021.10/bin/../lib/gcc/arm-none-eabi/10.3.1/thumb/v7e-m+fp/hard/crtbegin.o

.rodata         0x0800a9d8      0x538
                0x0800a9d8                . = ALIGN (0x8)
 *(.rodata)
 .rodata        0x0800a9d8       0x38 build/main.o
 *(.rodata*)
 .rodata.str1.4
                0x0800aa10       0x17 build/main.o
 *fill*         0x0800aa27        0x1 
 .rodata.hSin_Cos_Table
                0x0800aa28      0x200 build/mc_math.o
                0x0800aa28                hSin_Cos_Table
 .rodata.R3_1_ParamsM1
                0x0800ac28       0x30 build/mc_parameters.o
                0x0800ac28                R3_1_ParamsM1
 .rodata.CSWTCH.35
                0x0800ac58       0x11 build/register_interface.o
 *fill*         0x0800ac69        0x3 
 .rodata.CHANNEL_OFFSET_TAB
                0x0800ac6c        0x7 build/usart_aspep_driver.o
 *fill*         0x0800ac73        0x1 
 .rodata.CTL_BOARD
                0x0800ac74        0xe build/mc_configuration_registers.o
                0x0800ac74                CTL_BOARD
 *fill*         0x0800ac82        0x2 
 .rodata.FIRMWARE_NAME
                0x0800ac84       0x14 build/mc_configuration_registers.o
                0x0800ac84                FIRMWARE_NAME
 .rodata.M1_ApplicationConfig_reg
                0x0800ac98       0x10 build/mc_configuration_registers.o
 .rodata.M1_FOCConfig_reg
                0x0800aca8        0xe build/mc_configuration_registers.o
 *fill*         0x0800acb6        0x2 
 .rodata.M1_MotorConfig_reg
                0x0800acb8       0x3c build/mc_configuration_registers.o
 .rodata.M1_PWR_BOARD
                0x0800acf4       0x11 build/mc_configuration_registers.o
 *fill*         0x0800ad05        0x3 
 .rodata.globalConfig_reg
                0x0800ad08        0xa build/mc_configuration_registers.o
                0x0800ad08                globalConfig_reg
 *fill*         0x0800ad12        0x2 
 .rodata.CRC4_Lookup4
                0x0800ad14       0x10 build/aspep.o
 .rodata.CRC4_Lookup8
                0x0800ad24      0x100 build/aspep.o
 .rodata.CSWTCH.107
                0x0800ae24       0x10 build/stm32l4xx_hal_adc.o
 .rodata.CSWTCH.109
                0x0800ae34       0x20 build/stm32l4xx_hal_tim_ex.o
 .rodata.CSWTCH.110
                0x0800ae54       0x20 build/stm32l4xx_hal_tim_ex.o
 .rodata.CSWTCH.111
                0x0800ae74       0x20 build/stm32l4xx_hal_tim_ex.o
 .rodata.CSWTCH.112
                0x0800ae94       0x20 build/stm32l4xx_hal_tim_ex.o
 .rodata.CSWTCH.53
                0x0800aeb4        0x3 build/stm32l4xx_hal_uart.o
 *fill*         0x0800aeb7        0x1 
 .rodata.CSWTCH.54
                0x0800aeb8        0xd build/stm32l4xx_hal_uart.o
 *fill*         0x0800aec5        0x3 
 .rodata.AHBPrescTable
                0x0800aec8       0x10 build/system_stm32l4xx.o
                0x0800aec8                AHBPrescTable
 .rodata.APBPrescTable
                0x0800aed8        0x8 build/system_stm32l4xx.o
                0x0800aed8                APBPrescTable
 .rodata.MSIRangeTable
                0x0800aee0       0x30 build/system_stm32l4xx.o
                0x0800aee0                MSIRangeTable
                0x0800af10                . = ALIGN (0x8)

.ARM.extab      0x0800af10        0x0
                0x0800af10                . = ALIGN (0x8)
 *(.ARM.extab* .gnu.linkonce.armextab.*)
                0x0800af10                . = ALIGN (0x8)

.ARM            0x0800af10        0x8
                0x0800af10                . = ALIGN (0x8)
                0x0800af10                __exidx_start = .
 *(.ARM.exidx*)
 .ARM.exidx     0x0800af10        0x8 c:/programdata/chocolatey/lib/gcc-arm-embedded/tools/gcc-arm-none-eabi-10.3-2021.10/bin/../lib/gcc/arm-none-eabi/10.3.1/thumb/v7e-m+fp/hard\libgcc.a(_udivmoddi4.o)
                0x0800af18                __exidx_end = .
                0x0800af18                . = ALIGN (0x8)

.rel.dyn        0x0800af18        0x0
 .rel.iplt      0x0800af18        0x0 c:/programdata/chocolatey/lib/gcc-arm-embedded/tools/gcc-arm-none-eabi-10.3-2021.10/bin/../lib/gcc/arm-none-eabi/10.3.1/thumb/v7e-m+fp/hard/crtbegin.o

.preinit_array  0x0800af18        0x0
                0x0800af18                . = ALIGN (0x8)
                0x0800af18                PROVIDE (__preinit_array_start = .)
 *(.preinit_array*)
                0x0800af18                PROVIDE (__preinit_array_end = .)
                0x0800af18                . = ALIGN (0x8)

.init_array     0x0800af18        0x8
                0x0800af18                . = ALIGN (0x8)
                0x0800af18                PROVIDE (__init_array_start = .)
 *(SORT_BY_NAME(.init_array.*))
 *(.init_array*)
 .init_array    0x0800af18        0x4 c:/programdata/chocolatey/lib/gcc-arm-embedded/tools/gcc-arm-none-eabi-10.3-2021.10/bin/../lib/gcc/arm-none-eabi/10.3.1/thumb/v7e-m+fp/hard/crtbegin.o
                0x0800af1c                PROVIDE (__init_array_end = .)
                0x0800af20                . = ALIGN (0x8)
 *fill*         0x0800af1c        0x4 

.fini_array     0x0800af20        0x8
                0x0800af20                . = ALIGN (0x8)
                [!provide]                PROVIDE (__fini_array_start = .)
 *(SORT_BY_NAME(.fini_array.*))
 *(.fini_array*)
 .fini_array    0x0800af20        0x4 c:/programdata/chocolatey/lib/gcc-arm-embedded/tools/gcc-arm-none-eabi-10.3-2021.10/bin/../lib/gcc/arm-none-eabi/10.3.1/thumb/v7e-m+fp/hard/crtbegin.o
                [!provide]                PROVIDE (__fini_array_end = .)
                0x0800af28                . = ALIGN (0x8)
 *fill*         0x0800af24        0x4 
                0x0800af28                _sidata = LOADADDR (.data)

.data           0x20000000      0x458 load address 0x0800af28
                0x20000000                . = ALIGN (0x8)
                0x20000000                _sdata = .
 *(.data)
 *(.data*)
 .data.BusVoltageSensor_M1
                0x20000000       0x1c build/mc_config.o
                0x20000000                BusVoltageSensor_M1
 .data.CircleLimitationM1
                0x2000001c        0x4 build/mc_config.o
                0x2000001c                CircleLimitationM1
 .data.ENCODER_M1
                0x20000020       0x80 build/mc_config.o
                0x20000020                ENCODER_M1
 .data.EncAlignCtrlM1
                0x200000a0       0x1c build/mc_config.o
                0x200000a0                EncAlignCtrlM1
 .data.PIDIdHandle_M1
                0x200000bc       0x2c build/mc_config.o
                0x200000bc                PIDIdHandle_M1
 .data.PIDIqHandle_M1
                0x200000e8       0x2c build/mc_config.o
                0x200000e8                PIDIqHandle_M1
 .data.PIDSpeedHandle_M1
                0x20000114       0x2c build/mc_config.o
                0x20000114                PIDSpeedHandle_M1
 .data.PID_PosParamsM1
                0x20000140       0x2c build/mc_config.o
                0x20000140                PID_PosParamsM1
 .data.PQD_MotorPowMeasM1
                0x2000016c       0x10 build/mc_config.o
                0x2000016c                PQD_MotorPowMeasM1
 .data.PWM_Handle_M1
                0x2000017c       0xa4 build/mc_config.o
                0x2000017c                PWM_Handle_M1
 .data.PosCtrlM1
                0x20000220       0x70 build/mc_config.o
                0x20000220                PosCtrlM1
 .data.RampExtMngrHFParamsM1
                0x20000290       0x18 build/mc_config.o
                0x20000290                RampExtMngrHFParamsM1
 .data.SpeednTorqCtrlM1
                0x200002a8       0x34 build/mc_config.o
                0x200002a8                SpeednTorqCtrlM1
 .data.TempRegConv_M1
                0x200002dc       0x10 build/mc_config.o
                0x200002dc                TempRegConv_M1
 .data.TempSensor_M1
                0x200002ec       0x1c build/mc_config.o
                0x200002ec                TempSensor_M1
 .data.VbusRegConv_M1
                0x20000308       0x10 build/mc_config.o
                0x20000308                VbusRegConv_M1
 .data.VirtualSpeedSensorM1
                0x20000318       0x38 build/mc_config.o
                0x20000318                VirtualSpeedSensorM1
 .data.pMPM     0x20000350        0x4 build/mc_config.o
                0x20000350                pMPM
 .data.pPIDId   0x20000354        0x4 build/mc_config.o
                0x20000354                pPIDId
 .data.pPIDIq   0x20000358        0x4 build/mc_config.o
                0x20000358                pPIDIq
 .data.pPosCtrl
                0x2000035c        0x4 build/mc_config.o
                0x2000035c                pPosCtrl
 .data.pSTC     0x20000360        0x4 build/mc_config.o
                0x20000360                pSTC
 .data.MCPA_UART_A
                0x20000364       0x2c build/mcp_config.o
                0x20000364                MCPA_UART_A
 .data.MCP_Over_UartA
                0x20000390       0x10 build/mcp_config.o
                0x20000390                MCP_Over_UartA
 .data.UASPEP_A
                0x200003a0       0x14 build/mcp_config.o
 .data.aspepOverUartA
                0x200003b4       0x74 build/mcp_config.o
                0x200003b4                aspepOverUartA
 .data.scaleParams_M1
                0x20000428       0x10 build/mc_parameters.o
                0x20000428                scaleParams_M1
 .data.ApplicationConfig_reg
                0x20000438        0x4 build/mc_configuration_registers.o
                0x20000438                ApplicationConfig_reg
 .data.FOCConfig_reg
                0x2000043c        0x4 build/mc_configuration_registers.o
                0x2000043c                FOCConfig_reg
 .data.MotorConfig_reg
                0x20000440        0x4 build/mc_configuration_registers.o
                0x20000440                MotorConfig_reg
 .data.PWR_BOARD_NAME
                0x20000444        0x4 build/mc_configuration_registers.o
                0x20000444                PWR_BOARD_NAME
 .data.uwTickFreq
                0x20000448        0x1 build/stm32l4xx_hal.o
                0x20000448                uwTickFreq
 *fill*         0x20000449        0x3 
 .data.uwTickPrio
                0x2000044c        0x4 build/stm32l4xx_hal.o
                0x2000044c                uwTickPrio
 .data.SystemCoreClock
                0x20000450        0x4 build/system_stm32l4xx.o
                0x20000450                SystemCoreClock
 .data.uxCriticalNesting
                0x20000454        0x4 build/port.o
                0x20000458                . = ALIGN (0x8)
                0x20000458                _edata = .

.igot.plt       0x20000458        0x0 load address 0x0800b380
 .igot.plt      0x20000458        0x0 c:/programdata/chocolatey/lib/gcc-arm-embedded/tools/gcc-arm-none-eabi-10.3-2021.10/bin/../lib/gcc/arm-none-eabi/10.3.1/thumb/v7e-m+fp/hard/crtbegin.o
                0x20000458                . = ALIGN (0x4)

.bss            0x20000458     0x2474 load address 0x0800b380
                0x20000458                _sbss = .
                0x20000458                __bss_start__ = _sbss
 *(.bss)
 .bss           0x20000458       0x1c c:/programdata/chocolatey/lib/gcc-arm-embedded/tools/gcc-arm-none-eabi-10.3-2021.10/bin/../lib/gcc/arm-none-eabi/10.3.1/thumb/v7e-m+fp/hard/crtbegin.o
 *(.bss*)
 *fill*         0x20000474        0x4 
 .bss.hadc1     0x20000478       0x64 build/main.o
                0x20000478                hadc1
 .bss.hdac1     0x200004dc       0x14 build/main.o
                0x200004dc                hdac1
 .bss.hdma_usart2_rx
                0x200004f0       0x48 build/main.o
                0x200004f0                hdma_usart2_rx
 .bss.hdma_usart2_tx
                0x20000538       0x48 build/main.o
                0x20000538                hdma_usart2_tx
 .bss.htim1     0x20000580       0x4c build/main.o
                0x20000580                htim1
 .bss.htim3     0x200005cc       0x4c build/main.o
                0x200005cc                htim3
 .bss.huart2    0x20000618       0x88 build/main.o
                0x20000618                huart2
 .bss.mediumFrequencyHandle
                0x200006a0        0x4 build/main.o
                0x200006a0                mediumFrequencyHandle
 .bss.safetyHandle
                0x200006a4        0x4 build/main.o
                0x200006a4                safetyHandle
 .bss.xIdleStack
                0x200006a8      0x200 build/freertos.o
 .bss.xIdleTaskTCBBuffer
                0x200008a8       0x54 build/freertos.o
 .bss.pMCI      0x200008fc        0x4 build/motorcontrol.o
                0x200008fc                pMCI
 .bss.Mci       0x20000900       0x30 build/mc_config.o
                0x20000900                Mci
 .bss.RealBusVoltageSensorFilterBufferM1
                0x20000930        0xc build/mc_config.o
 .bss.MCPAsyncBuffUARTA_A
                0x2000093c      0x806 build/mcp_config.o
 *fill*         0x20001142        0x2 
 .bss.MCPAsyncBuffUARTA_B
                0x20001144      0x806 build/mcp_config.o
 *fill*         0x2000194a        0x2 
 .bss.MCPSyncRXBuff
                0x2000194c       0x82 build/mcp_config.o
 *fill*         0x200019ce        0x2 
 .bss.MCPSyncTxBuff
                0x200019d0       0x86 build/mcp_config.o
 *fill*         0x20001a56        0x2 
 .bss.MCP_UserCallBack
                0x20001a58        0x8 build/mcp_config.o
                0x20001a58                MCP_UserCallBack
 .bss.dataPtrTableA
                0x20001a60       0x28 build/mcp_config.o
 .bss.dataPtrTableBuffA
                0x20001a88       0x28 build/mcp_config.o
 .bss.dataSizeTableA
                0x20001ab0        0xa build/mcp_config.o
 *fill*         0x20001aba        0x2 
 .bss.dataSizeTableBuffA
                0x20001abc        0xa build/mcp_config.o
 *fill*         0x20001ac6        0x2 
 .bss.FOCVars   0x20001ac8       0x26 build/mc_tasks.o
 *fill*         0x20001aee        0x2 
 .bss.PerfTraces
                0x20001af0       0x28 build/mc_tasks.o
                0x20001af0                PerfTraces
 .bss.bMCBootCompleted
                0x20001b18        0x1 build/mc_tasks.o
 *fill*         0x20001b19        0x1 
 .bss.hBootCapDelayCounterM1
                0x20001b1a        0x2 build/mc_tasks.o
 .bss.hMFTaskCounterM1
                0x20001b1c        0x2 build/mc_tasks.o
 .bss.hStopPermanencyCounterM1
                0x20001b1e        0x2 build/mc_tasks.o
 .bss.pEAC      0x20001b20        0x4 build/mc_tasks.o
 .bss.pwmcHandle
                0x20001b24        0x4 build/mc_tasks.o
 .bss.RCM_CB_array
                0x20001b28       0x20 build/regular_conversion_manager.o
 .bss.RCM_UserConvHandle
                0x20001b48        0x4 build/regular_conversion_manager.o
 .bss.RCM_UserConvState
                0x20001b4c        0x1 build/regular_conversion_manager.o
 *fill*         0x20001b4d        0x1 
 .bss.RCM_UserConvValue
                0x20001b4e        0x2 build/regular_conversion_manager.o
 .bss.RCM_handle_array
                0x20001b50       0x10 build/regular_conversion_manager.o
 .bss.nullData16.0
                0x20001b60        0x2 build/register_interface.o
 *fill*         0x20001b62        0x2 
 .bss.htim6     0x20001b64       0x4c build/stm32l4xx_hal_timebase_tim.o
                0x20001b64                htim6
 .bss.uwTick    0x20001bb0        0x4 build/stm32l4xx_hal.o
                0x20001bb0                uwTick
 .bss.pxCurrentTCB
                0x20001bb4        0x4 build/tasks.o
                0x20001bb4                pxCurrentTCB
 .bss.pxDelayedTaskList
                0x20001bb8        0x4 build/tasks.o
 .bss.pxOverflowDelayedTaskList
                0x20001bbc        0x4 build/tasks.o
 .bss.pxReadyTasksLists
                0x20001bc0       0x8c build/tasks.o
 .bss.uxCurrentNumberOfTasks
                0x20001c4c        0x4 build/tasks.o
 .bss.uxDeletedTasksWaitingCleanUp
                0x20001c50        0x4 build/tasks.o
 .bss.uxSchedulerSuspended
                0x20001c54        0x4 build/tasks.o
 .bss.uxTaskNumber
                0x20001c58        0x4 build/tasks.o
 .bss.uxTopReadyPriority
                0x20001c5c        0x4 build/tasks.o
 .bss.xDelayedTaskList1
                0x20001c60       0x14 build/tasks.o
 .bss.xDelayedTaskList2
                0x20001c74       0x14 build/tasks.o
 .bss.xNextTaskUnblockTime
                0x20001c88        0x4 build/tasks.o
 .bss.xNumOfOverflows
                0x20001c8c        0x4 build/tasks.o
 .bss.xPendedTicks
                0x20001c90        0x4 build/tasks.o
 .bss.xPendingReadyList
                0x20001c94       0x14 build/tasks.o
 .bss.xSchedulerRunning
                0x20001ca8        0x4 build/tasks.o
 .bss.xSuspendedTaskList
                0x20001cac       0x14 build/tasks.o
 .bss.xTasksWaitingTermination
                0x20001cc0       0x14 build/tasks.o
 .bss.xTickCount
                0x20001cd4        0x4 build/tasks.o
 .bss.xYieldPending
                0x20001cd8        0x4 build/tasks.o
 .bss.pxEnd     0x20001cdc        0x4 build/heap_4.o
 .bss.ucHeap    0x20001ce0      0xbb8 build/heap_4.o
 .bss.xBlockAllocatedBit
                0x20002898        0x4 build/heap_4.o
 .bss.xFreeBytesRemaining
                0x2000289c        0x4 build/heap_4.o
 .bss.xMinimumEverFreeBytesRemaining
                0x200028a0        0x4 build/heap_4.o
 .bss.xNumberOfSuccessfulAllocations
                0x200028a4        0x4 build/heap_4.o
 .bss.xNumberOfSuccessfulFrees
                0x200028a8        0x4 build/heap_4.o
 .bss.xStart    0x200028ac        0x8 build/heap_4.o
 .bss.ucMaxSysCallPriority
                0x200028b4        0x1 build/port.o
 *fill*         0x200028b5        0x3 
 .bss.ulMaxPRIGROUPValue
                0x200028b8        0x4 build/port.o
 .bss.GLOBAL_TIMESTAMP
                0x200028bc        0x4 build/mcpa.o
                0x200028bc                GLOBAL_TIMESTAMP
 .bss.DAC_Handle
                0x200028c0        0xc build/dac_ui.o
                0x200028c0                DAC_Handle
 *(COMMON)
                0x200028cc                . = ALIGN (0x4)
                0x200028cc                _ebss = .
                0x200028cc                __bss_end__ = _ebss

._user_heap_stack
                0x200028cc      0x604 load address 0x0800b380
                0x200028d0                . = ALIGN (0x8)
 *fill*         0x200028cc        0x4 
                [!provide]                PROVIDE (end = .)
                0x200028d0                PROVIDE (_end = .)
                0x20002ad0                . = (. + _Min_Heap_Size)
 *fill*         0x200028d0      0x200 
                0x20002ed0                . = (. + _Min_Stack_Size)
 *fill*         0x20002ad0      0x400 
                0x20002ed0                . = ALIGN (0x8)

/DISCARD/
 libc.a(*)
 libm.a(*)
 libgcc.a(*)

.ARM.attributes
                0x00000000       0x30
 *(.ARM.attributes)
 .ARM.attributes
                0x00000000       0x1e c:/programdata/chocolatey/lib/gcc-arm-embedded/tools/gcc-arm-none-eabi-10.3-2021.10/bin/../lib/gcc/arm-none-eabi/10.3.1/thumb/v7e-m+fp/hard/crti.o
 .ARM.attributes
                0x0000001e       0x34 c:/programdata/chocolatey/lib/gcc-arm-embedded/tools/gcc-arm-none-eabi-10.3-2021.10/bin/../lib/gcc/arm-none-eabi/10.3.1/thumb/v7e-m+fp/hard/crtbegin.o
 .ARM.attributes
                0x00000052       0x34 build/main.o
 .ARM.attributes
                0x00000086       0x34 build/freertos.o
 .ARM.attributes
                0x000000ba       0x34 build/motorcontrol.o
 .ARM.attributes
                0x000000ee       0x34 build/mc_api.o
 .ARM.attributes
                0x00000122       0x34 build/mc_config.o
 .ARM.attributes
                0x00000156       0x34 build/mcp_config.o
 .ARM.attributes
                0x0000018a       0x34 build/mc_tasks.o
 .ARM.attributes
                0x000001be       0x34 build/pwm_curr_fdbk.o
 .ARM.attributes
                0x000001f2       0x34 build/regular_conversion_manager.o
 .ARM.attributes
                0x00000226       0x34 build/mc_math.o
 .ARM.attributes
                0x0000025a       0x34 build/mc_interface.o
 .ARM.attributes
                0x0000028e       0x34 build/stm32l4xx_mc_it.o
 .ARM.attributes
                0x000002c2       0x34 build/mc_parameters.o
 .ARM.attributes
                0x000002f6       0x34 build/register_interface.o
 .ARM.attributes
                0x0000032a       0x34 build/mcp.o
 .ARM.attributes
                0x0000035e       0x34 build/mc_perf.o
 .ARM.attributes
                0x00000392       0x34 build/usart_aspep_driver.o
 .ARM.attributes
                0x000003c6       0x34 build/mc_configuration_registers.o
 .ARM.attributes
                0x000003fa       0x34 build/aspep.o
 .ARM.attributes
                0x0000042e       0x34 build/mc_app_hooks.o
 .ARM.attributes
                0x00000462       0x34 build/stm32l4xx_it.o
 .ARM.attributes
                0x00000496       0x34 build/stm32l4xx_hal_msp.o
 .ARM.attributes
                0x000004ca       0x34 build/stm32l4xx_hal_timebase_tim.o
 .ARM.attributes
                0x000004fe       0x34 build/stm32l4xx_hal_adc.o
 .ARM.attributes
                0x00000532       0x34 build/stm32l4xx_hal_adc_ex.o
 .ARM.attributes
                0x00000566       0x34 build/stm32l4xx_hal.o
 .ARM.attributes
                0x0000059a       0x34 build/stm32l4xx_hal_rcc.o
 .ARM.attributes
                0x000005ce       0x34 build/stm32l4xx_hal_rcc_ex.o
 .ARM.attributes
                0x00000602       0x34 build/stm32l4xx_hal_gpio.o
 .ARM.attributes
                0x00000636       0x34 build/stm32l4xx_hal_dma.o
 .ARM.attributes
                0x0000066a       0x34 build/stm32l4xx_hal_pwr_ex.o
 .ARM.attributes
                0x0000069e       0x34 build/stm32l4xx_hal_cortex.o
 .ARM.attributes
                0x000006d2       0x34 build/stm32l4xx_hal_tim.o
 .ARM.attributes
                0x00000706       0x34 build/stm32l4xx_hal_tim_ex.o
 .ARM.attributes
                0x0000073a       0x34 build/stm32l4xx_hal_uart.o
 .ARM.attributes
                0x0000076e       0x34 build/system_stm32l4xx.o
 .ARM.attributes
                0x000007a2       0x34 build/list.o
 .ARM.attributes
                0x000007d6       0x34 build/tasks.o
 .ARM.attributes
                0x0000080a       0x34 build/cmsis_os.o
 .ARM.attributes
                0x0000083e       0x34 build/heap_4.o
 .ARM.attributes
                0x00000872       0x34 build/port.o
 .ARM.attributes
                0x000008a6       0x34 build/bus_voltage_sensor.o
 .ARM.attributes
                0x000008da       0x34 build/circle_limitation.o
 .ARM.attributes
                0x0000090e       0x34 build/ntc_temperature_sensor.o
 .ARM.attributes
                0x00000942       0x34 build/pid_regulator.o
 .ARM.attributes
                0x00000976       0x34 build/pqd_motor_power_measurement.o
 .ARM.attributes
                0x000009aa       0x34 build/pwm_common.o
 .ARM.attributes
                0x000009de       0x34 build/r_divider_bus_voltage_sensor.o
 .ARM.attributes
                0x00000a12       0x34 build/ramp_ext_mngr.o
 .ARM.attributes
                0x00000a46       0x34 build/speed_pos_fdbk.o
 .ARM.attributes
                0x00000a7a       0x34 build/speed_torq_ctrl.o
 .ARM.attributes
                0x00000aae       0x34 build/virtual_speed_sensor.o
 .ARM.attributes
                0x00000ae2       0x34 build/r3_1_l4xx_pwm_curr_fdbk.o
 .ARM.attributes
                0x00000b16       0x34 build/mcpa.o
 .ARM.attributes
                0x00000b4a       0x34 build/dac_ui.o
 .ARM.attributes
                0x00000b7e       0x34 build/stm32l4xx_hal_dac.o
 .ARM.attributes
                0x00000bb2       0x34 build/stm32l4xx_hal_dac_ex.o
 .ARM.attributes
                0x00000be6       0x34 build/enc_align_ctrl.o
 .ARM.attributes
                0x00000c1a       0x34 build/encoder_speed_pos_fdbk.o
 .ARM.attributes
                0x00000c4e       0x34 build/trajectory_ctrl.o
 .ARM.attributes
                0x00000c82       0x21 build/startup_stm32l476xx.o
 .ARM.attributes
                0x00000ca3       0x34 c:/programdata/chocolatey/lib/gcc-arm-embedded/tools/gcc-arm-none-eabi-10.3-2021.10/bin/../lib/gcc/arm-none-eabi/10.3.1/../../../../arm-none-eabi/lib/thumb/v7e-m+fp/hard\libc_nano.a(lib_a-init.o)
 .ARM.attributes
                0x00000cd7       0x34 c:/programdata/chocolatey/lib/gcc-arm-embedded/tools/gcc-arm-none-eabi-10.3-2021.10/bin/../lib/gcc/arm-none-eabi/10.3.1/../../../../arm-none-eabi/lib/thumb/v7e-m+fp/hard\libc_nano.a(lib_a-memcpy-stub.o)
 .ARM.attributes
                0x00000d0b       0x34 c:/programdata/chocolatey/lib/gcc-arm-embedded/tools/gcc-arm-none-eabi-10.3-2021.10/bin/../lib/gcc/arm-none-eabi/10.3.1/../../../../arm-none-eabi/lib/thumb/v7e-m+fp/hard\libc_nano.a(lib_a-memset.o)
 .ARM.attributes
                0x00000d3f       0x1e c:/programdata/chocolatey/lib/gcc-arm-embedded/tools/gcc-arm-none-eabi-10.3-2021.10/bin/../lib/gcc/arm-none-eabi/10.3.1/thumb/v7e-m+fp/hard\libgcc.a(_aeabi_uldivmod.o)
 .ARM.attributes
                0x00000d5d       0x34 c:/programdata/chocolatey/lib/gcc-arm-embedded/tools/gcc-arm-none-eabi-10.3-2021.10/bin/../lib/gcc/arm-none-eabi/10.3.1/thumb/v7e-m+fp/hard\libgcc.a(_udivmoddi4.o)
 .ARM.attributes
                0x00000d91       0x1e c:/programdata/chocolatey/lib/gcc-arm-embedded/tools/gcc-arm-none-eabi-10.3-2021.10/bin/../lib/gcc/arm-none-eabi/10.3.1/thumb/v7e-m+fp/hard\libgcc.a(_dvmd_tls.o)
 .ARM.attributes
                0x00000daf       0x1e c:/programdata/chocolatey/lib/gcc-arm-embedded/tools/gcc-arm-none-eabi-10.3-2021.10/bin/../lib/gcc/arm-none-eabi/10.3.1/thumb/v7e-m+fp/hard/crtn.o
OUTPUT(build/LenseDrive.elf elf32-littlearm)
LOAD linker stubs
LOAD c:/programdata/chocolatey/lib/gcc-arm-embedded/tools/gcc-arm-none-eabi-10.3-2021.10/bin/../lib/gcc/arm-none-eabi/10.3.1/../../../../arm-none-eabi/lib/thumb/v7e-m+fp/hard\libc.a
LOAD c:/programdata/chocolatey/lib/gcc-arm-embedded/tools/gcc-arm-none-eabi-10.3-2021.10/bin/../lib/gcc/arm-none-eabi/10.3.1/../../../../arm-none-eabi/lib/thumb/v7e-m+fp/hard\libm.a
LOAD c:/programdata/chocolatey/lib/gcc-arm-embedded/tools/gcc-arm-none-eabi-10.3-2021.10/bin/../lib/gcc/arm-none-eabi/10.3.1/thumb/v7e-m+fp/hard\libgcc.a

.debug_info     0x00000000    0x504af
 .debug_info    0x00000000     0x32ed build/main.o
 .debug_info    0x000032ed      0x36b build/freertos.o
 .debug_info    0x00003658     0x1604 build/motorcontrol.o
 .debug_info    0x00004c5c     0x2360 build/mc_api.o
 .debug_info    0x00006fbc     0x214e build/mc_config.o
 .debug_info    0x0000910a      0xb4d build/mcp_config.o
 .debug_info    0x00009c57     0x3d04 build/mc_tasks.o
 .debug_info    0x0000d95b     0x168b build/pwm_curr_fdbk.o
 .debug_info    0x0000efe6      0xb3a build/regular_conversion_manager.o
 .debug_info    0x0000fb20      0x639 build/mc_math.o
 .debug_info    0x00010159     0x2aaa build/mc_interface.o
 .debug_info    0x00012c03     0x252b build/stm32l4xx_mc_it.o
 .debug_info    0x0001512e      0x6ec build/mc_parameters.o
 .debug_info    0x0001581a     0x31ef build/register_interface.o
 .debug_info    0x00018a09     0x1c77 build/mcp.o
 .debug_info    0x0001a680      0x76d build/mc_perf.o
 .debug_info    0x0001aded     0x13de build/usart_aspep_driver.o
 .debug_info    0x0001c1cb      0x5ac build/mc_configuration_registers.o
 .debug_info    0x0001c777     0x130f build/aspep.o
 .debug_info    0x0001da86      0x16d build/mc_app_hooks.o
 .debug_info    0x0001dbf3      0xa53 build/stm32l4xx_it.o
 .debug_info    0x0001e646     0x234a build/stm32l4xx_hal_msp.o
 .debug_info    0x00020990      0xe2c build/stm32l4xx_hal_timebase_tim.o
 .debug_info    0x000217bc     0x34fd build/stm32l4xx_hal_adc.o
 .debug_info    0x00024cb9     0x2d7b build/stm32l4xx_hal_adc_ex.o
 .debug_info    0x00027a34      0xe7e build/stm32l4xx_hal.o
 .debug_info    0x000288b2     0x1094 build/stm32l4xx_hal_rcc.o
 .debug_info    0x00029946     0x12ec build/stm32l4xx_hal_rcc_ex.o
 .debug_info    0x0002ac32      0x921 build/stm32l4xx_hal_gpio.o
 .debug_info    0x0002b553      0x904 build/stm32l4xx_hal_dma.o
 .debug_info    0x0002be57      0xc2f build/stm32l4xx_hal_pwr_ex.o
 .debug_info    0x0002ca86     0x1178 build/stm32l4xx_hal_cortex.o
 .debug_info    0x0002dbfe     0x539a build/stm32l4xx_hal_tim.o
 .debug_info    0x00032f98     0x1fbf build/stm32l4xx_hal_tim_ex.o
 .debug_info    0x00034f57     0x70ae build/stm32l4xx_hal_uart.o
 .debug_info    0x0003c005      0x671 build/system_stm32l4xx.o
 .debug_info    0x0003c676      0x311 build/list.o
 .debug_info    0x0003c987     0x32d3 build/tasks.o
 .debug_info    0x0003fc5a     0x2ac9 build/cmsis_os.o
 .debug_info    0x00042723      0x677 build/heap_4.o
 .debug_info    0x00042d9a      0x665 build/port.o
 .debug_info    0x000433ff      0x2e6 build/bus_voltage_sensor.o
 .debug_info    0x000436e5      0x32e build/circle_limitation.o
 .debug_info    0x00043a13      0x4bd build/ntc_temperature_sensor.o
 .debug_info    0x00043ed0      0x9f3 build/pid_regulator.o
 .debug_info    0x000448c3      0x515 build/pqd_motor_power_measurement.o
 .debug_info    0x00044dd8      0x92c build/pwm_common.o
 .debug_info    0x00045704      0x43a build/r_divider_bus_voltage_sensor.o
 .debug_info    0x00045b3e      0x4e9 build/ramp_ext_mngr.o
 .debug_info    0x00046027      0x5ac build/speed_pos_fdbk.o
 .debug_info    0x000465d3      0xb0b build/speed_torq_ctrl.o
 .debug_info    0x000470de      0x7e8 build/virtual_speed_sensor.o
 .debug_info    0x000478c6     0x3be6 build/r3_1_l4xx_pwm_curr_fdbk.o
 .debug_info    0x0004b4ac      0x6e9 build/mcpa.o
 .debug_info    0x0004bb95      0x6f7 build/dac_ui.o
 .debug_info    0x0004c28c      0xd11 build/stm32l4xx_hal_dac.o
 .debug_info    0x0004cf9d      0xaf4 build/stm32l4xx_hal_dac_ex.o
 .debug_info    0x0004da91      0xbf8 build/enc_align_ctrl.o
 .debug_info    0x0004e689      0xcc3 build/encoder_speed_pos_fdbk.o
 .debug_info    0x0004f34c     0x1141 build/trajectory_ctrl.o
 .debug_info    0x0005048d       0x22 build/startup_stm32l476xx.o

.debug_abbrev   0x00000000     0x979a
 .debug_abbrev  0x00000000      0x381 build/main.o
 .debug_abbrev  0x00000381       0xe4 build/freertos.o
 .debug_abbrev  0x00000465      0x1e2 build/motorcontrol.o
 .debug_abbrev  0x00000647      0x29c build/mc_api.o
 .debug_abbrev  0x000008e3      0x199 build/mc_config.o
 .debug_abbrev  0x00000a7c      0x16e build/mcp_config.o
 .debug_abbrev  0x00000bea      0x445 build/mc_tasks.o
 .debug_abbrev  0x0000102f      0x3c2 build/pwm_curr_fdbk.o
 .debug_abbrev  0x000013f1      0x2c6 build/regular_conversion_manager.o
 .debug_abbrev  0x000016b7      0x1ac build/mc_math.o
 .debug_abbrev  0x00001863      0x369 build/mc_interface.o
 .debug_abbrev  0x00001bcc      0x316 build/stm32l4xx_mc_it.o
 .debug_abbrev  0x00001ee2       0xf3 build/mc_parameters.o
 .debug_abbrev  0x00001fd5      0x3d8 build/register_interface.o
 .debug_abbrev  0x000023ad      0x293 build/mcp.o
 .debug_abbrev  0x00002640      0x1d3 build/mc_perf.o
 .debug_abbrev  0x00002813      0x2e5 build/usart_aspep_driver.o
 .debug_abbrev  0x00002af8       0xe2 build/mc_configuration_registers.o
 .debug_abbrev  0x00002bda      0x394 build/aspep.o
 .debug_abbrev  0x00002f6e       0x99 build/mc_app_hooks.o
 .debug_abbrev  0x00003007      0x188 build/stm32l4xx_it.o
 .debug_abbrev  0x0000318f      0x266 build/stm32l4xx_hal_msp.o
 .debug_abbrev  0x000033f5      0x200 build/stm32l4xx_hal_timebase_tim.o
 .debug_abbrev  0x000035f5      0x38c build/stm32l4xx_hal_adc.o
 .debug_abbrev  0x00003981      0x3de build/stm32l4xx_hal_adc_ex.o
 .debug_abbrev  0x00003d5f      0x2e3 build/stm32l4xx_hal.o
 .debug_abbrev  0x00004042      0x2c8 build/stm32l4xx_hal_rcc.o
 .debug_abbrev  0x0000430a      0x2b3 build/stm32l4xx_hal_rcc_ex.o
 .debug_abbrev  0x000045bd      0x236 build/stm32l4xx_hal_gpio.o
 .debug_abbrev  0x000047f3      0x256 build/stm32l4xx_hal_dma.o
 .debug_abbrev  0x00004a49      0x2dd build/stm32l4xx_hal_pwr_ex.o
 .debug_abbrev  0x00004d26      0x378 build/stm32l4xx_hal_cortex.o
 .debug_abbrev  0x0000509e      0x392 build/stm32l4xx_hal_tim.o
 .debug_abbrev  0x00005430      0x377 build/stm32l4xx_hal_tim_ex.o
 .debug_abbrev  0x000057a7      0x489 build/stm32l4xx_hal_uart.o
 .debug_abbrev  0x00005c30      0x11b build/system_stm32l4xx.o
 .debug_abbrev  0x00005d4b      0x124 build/list.o
 .debug_abbrev  0x00005e6f      0x4a4 build/tasks.o
 .debug_abbrev  0x00006313      0x4a4 build/cmsis_os.o
 .debug_abbrev  0x000067b7      0x2b5 build/heap_4.o
 .debug_abbrev  0x00006a6c      0x2a8 build/port.o
 .debug_abbrev  0x00006d14      0x10c build/bus_voltage_sensor.o
 .debug_abbrev  0x00006e20      0x118 build/circle_limitation.o
 .debug_abbrev  0x00006f38      0x1ec build/ntc_temperature_sensor.o
 .debug_abbrev  0x00007124      0x1e7 build/pid_regulator.o
 .debug_abbrev  0x0000730b      0x1d0 build/pqd_motor_power_measurement.o
 .debug_abbrev  0x000074db      0x1f8 build/pwm_common.o
 .debug_abbrev  0x000076d3      0x180 build/r_divider_bus_voltage_sensor.o
 .debug_abbrev  0x00007853      0x218 build/ramp_ext_mngr.o