Archive member included to satisfy reference by file (symbol)

c:/programdata/chocolatey/lib/gcc-arm-embedded/tools/gcc-arm-none-eabi-10.3-2021.10/bin/../lib/gcc/arm-none-eabi/10.3.1/../../../../arm-none-eabi/lib/thumb/v7e-m+fp/hard\libc_nano.a(lib_a-errno.o)
                              build/sysmem.o (__errno)
c:/programdata/chocolatey/lib/gcc-arm-embedded/tools/gcc-arm-none-eabi-10.3-2021.10/bin/../lib/gcc/arm-none-eabi/10.3.1/../../../../arm-none-eabi/lib/thumb/v7e-m+fp/hard\libc_nano.a(lib_a-exit.o)
                              c:/programdata/chocolatey/lib/gcc-arm-embedded/tools/gcc-arm-none-eabi-10.3-2021.10/bin/../lib/gcc/arm-none-eabi/10.3.1/../../../../arm-none-eabi/lib/thumb/v7e-m+fp/hard/crt0.o (exit)
c:/programdata/chocolatey/lib/gcc-arm-embedded/tools/gcc-arm-none-eabi-10.3-2021.10/bin/../lib/gcc/arm-none-eabi/10.3.1/../../../../arm-none-eabi/lib/thumb/v7e-m+fp/hard\libc_nano.a(lib_a-impure.o)
                              c:/programdata/chocolatey/lib/gcc-arm-embedded/tools/gcc-arm-none-eabi-10.3-2021.10/bin/../lib/gcc/arm-none-eabi/10.3.1/../../../../arm-none-eabi/lib/thumb/v7e-m+fp/hard\libc_nano.a(lib_a-exit.o) (_global_impure_ptr)
c:/programdata/chocolatey/lib/gcc-arm-embedded/tools/gcc-arm-none-eabi-10.3-2021.10/bin/../lib/gcc/arm-none-eabi/10.3.1/../../../../arm-none-eabi/lib/thumb/v7e-m+fp/hard\libc_nano.a(lib_a-init.o)
                              c:/programdata/chocolatey/lib/gcc-arm-embedded/tools/gcc-arm-none-eabi-10.3-2021.10/bin/../lib/gcc/arm-none-eabi/10.3.1/../../../../arm-none-eabi/lib/thumb/v7e-m+fp/hard/crt0.o (__libc_init_array)
c:/programdata/chocolatey/lib/gcc-arm-embedded/tools/gcc-arm-none-eabi-10.3-2021.10/bin/../lib/gcc/arm-none-eabi/10.3.1/../../../../arm-none-eabi/lib/thumb/v7e-m+fp/hard\libc_nano.a(lib_a-memcpy-stub.o)
                              build/queue.o (memcpy)
c:/programdata/chocolatey/lib/gcc-arm-embedded/tools/gcc-arm-none-eabi-10.3-2021.10/bin/../lib/gcc/arm-none-eabi/10.3.1/../../../../arm-none-eabi/lib/thumb/v7e-m+fp/hard\libc_nano.a(lib_a-memset.o)
                              c:/programdata/chocolatey/lib/gcc-arm-embedded/tools/gcc-arm-none-eabi-10.3-2021.10/bin/../lib/gcc/arm-none-eabi/10.3.1/../../../../arm-none-eabi/lib/thumb/v7e-m+fp/hard/crt0.o (memset)
c:/programdata/chocolatey/lib/gcc-arm-embedded/tools/gcc-arm-none-eabi-10.3-2021.10/bin/../lib/gcc/arm-none-eabi/10.3.1/thumb/v7e-m+fp/hard\libgcc.a(_aeabi_ldivmod.o)
                              build/stm32l4xx_hal_uart.o (__aeabi_ldivmod)
c:/programdata/chocolatey/lib/gcc-arm-embedded/tools/gcc-arm-none-eabi-10.3-2021.10/bin/../lib/gcc/arm-none-eabi/10.3.1/thumb/v7e-m+fp/hard\libgcc.a(_aeabi_uldivmod.o)
                              build/stm32l4xx_hal_uart.o (__aeabi_uldivmod)
c:/programdata/chocolatey/lib/gcc-arm-embedded/tools/gcc-arm-none-eabi-10.3-2021.10/bin/../lib/gcc/arm-none-eabi/10.3.1/thumb/v7e-m+fp/hard\libgcc.a(_udivmoddi4.o)
                              c:/programdata/chocolatey/lib/gcc-arm-embedded/tools/gcc-arm-none-eabi-10.3-2021.10/bin/../lib/gcc/arm-none-eabi/10.3.1/thumb/v7e-m+fp/hard\libgcc.a(_aeabi_ldivmod.o) (__udivmoddi4)
c:/programdata/chocolatey/lib/gcc-arm-embedded/tools/gcc-arm-none-eabi-10.3-2021.10/bin/../lib/gcc/arm-none-eabi/10.3.1/thumb/v7e-m+fp/hard\libgcc.a(_dvmd_tls.o)
                              c:/programdata/chocolatey/lib/gcc-arm-embedded/tools/gcc-arm-none-eabi-10.3-2021.10/bin/../lib/gcc/arm-none-eabi/10.3.1/thumb/v7e-m+fp/hard\libgcc.a(_aeabi_ldivmod.o) (__aeabi_ldiv0)

Discarded input sections

 .text          0x00000000        0x0 c:/programdata/chocolatey/lib/gcc-arm-embedded/tools/gcc-arm-none-eabi-10.3-2021.10/bin/../lib/gcc/arm-none-eabi/10.3.1/thumb/v7e-m+fp/hard/crti.o
 .data          0x00000000        0x0 c:/programdata/chocolatey/lib/gcc-arm-embedded/tools/gcc-arm-none-eabi-10.3-2021.10/bin/../lib/gcc/arm-none-eabi/10.3.1/thumb/v7e-m+fp/hard/crti.o
 .bss           0x00000000        0x0 c:/programdata/chocolatey/lib/gcc-arm-embedded/tools/gcc-arm-none-eabi-10.3-2021.10/bin/../lib/gcc/arm-none-eabi/10.3.1/thumb/v7e-m+fp/hard/crti.o
 .data          0x00000000        0x4 c:/programdata/chocolatey/lib/gcc-arm-embedded/tools/gcc-arm-none-eabi-10.3-2021.10/bin/../lib/gcc/arm-none-eabi/10.3.1/thumb/v7e-m+fp/hard/crtbegin.o
 .rodata        0x00000000       0x24 c:/programdata/chocolatey/lib/gcc-arm-embedded/tools/gcc-arm-none-eabi-10.3-2021.10/bin/../lib/gcc/arm-none-eabi/10.3.1/thumb/v7e-m+fp/hard/crtbegin.o
 .text          0x00000000       0x7c c:/programdata/chocolatey/lib/gcc-arm-embedded/tools/gcc-arm-none-eabi-10.3-2021.10/bin/../lib/gcc/arm-none-eabi/10.3.1/../../../../arm-none-eabi/lib/thumb/v7e-m+fp/hard/crt0.o
 .data          0x00000000        0x0 c:/programdata/chocolatey/lib/gcc-arm-embedded/tools/gcc-arm-none-eabi-10.3-2021.10/bin/../lib/gcc/arm-none-eabi/10.3.1/../../../../arm-none-eabi/lib/thumb/v7e-m+fp/hard/crt0.o
[...]
Memory Configuration

Name             Origin             Length             Attributes
RAM              0x20000000         0x00018000         xrw
RAM2             0x10000000         0x00008000         xrw
FLASH            0x08000000         0x00100000         xr
*default*        0x00000000         0xffffffff

Linker script and memory map

LOAD c:/programdata/chocolatey/lib/gcc-arm-embedded/tools/gcc-arm-none-eabi-10.3-2021.10/bin/../lib/gcc/arm-none-eabi/10.3.1/thumb/v7e-m+fp/hard/crti.o
LOAD c:/programdata/chocolatey/lib/gcc-arm-embedded/tools/gcc-arm-none-eabi-10.3-2021.10/bin/../lib/gcc/arm-none-eabi/10.3.1/thumb/v7e-m+fp/hard/crtbegin.o
LOAD c:/programdata/chocolatey/lib/gcc-arm-embedded/tools/gcc-arm-none-eabi-10.3-2021.10/bin/../lib/gcc/arm-none-eabi/10.3.1/../../../../arm-none-eabi/lib/thumb/v7e-m+fp/hard/crt0.o
LOAD build/main.o
LOAD build/freertos.o
LOAD build/motorcontrol.o
LOAD build/mc_api.o
LOAD build/mc_config.o
LOAD build/mcp_config.o
LOAD build/mc_tasks.o
LOAD build/pwm_curr_fdbk.o
LOAD build/regular_conversion_manager.o
LOAD build/mc_math.o
LOAD build/mc_interface.o
LOAD build/stm32l4xx_mc_it.o
LOAD build/mc_parameters.o
LOAD build/register_interface.o
LOAD build/mcp.o
LOAD build/mc_perf.o
LOAD build/usart_aspep_driver.o
LOAD build/mc_configuration_registers.o
LOAD build/aspep.o
LOAD build/mc_app_hooks.o
LOAD build/stm32l4xx_it.o
LOAD build/stm32l4xx_hal_msp.o
LOAD build/stm32l4xx_hal_timebase_tim.o
LOAD build/stm32l4xx_hal_adc.o
LOAD build/stm32l4xx_hal_adc_ex.o
LOAD build/stm32l4xx_hal.o
LOAD build/stm32l4xx_hal_rcc.o
LOAD build/stm32l4xx_hal_rcc_ex.o
LOAD build/stm32l4xx_hal_flash.o
LOAD build/stm32l4xx_hal_flash_ex.o
LOAD build/stm32l4xx_hal_flash_ramfunc.o
LOAD build/stm32l4xx_hal_gpio.o
LOAD build/stm32l4xx_hal_i2c.o
LOAD build/stm32l4xx_hal_i2c_ex.o
LOAD build/stm32l4xx_hal_dma.o
LOAD build/stm32l4xx_hal_dma_ex.o
LOAD build/stm32l4xx_hal_pwr.o
LOAD build/stm32l4xx_hal_pwr_ex.o
LOAD build/stm32l4xx_hal_cortex.o
LOAD build/stm32l4xx_hal_exti.o
LOAD build/stm32l4xx_hal_tim.o
LOAD build/stm32l4xx_hal_tim_ex.o
LOAD build/stm32l4xx_hal_uart.o
LOAD build/stm32l4xx_hal_uart_ex.o
LOAD build/system_stm32l4xx.o
LOAD build/croutine.o
LOAD build/event_groups.o
LOAD build/list.o
LOAD build/queue.o
LOAD build/stream_buffer.o
LOAD build/tasks.o
LOAD build/timers.o
LOAD build/cmsis_os.o
LOAD build/heap_4.o
LOAD build/port.o
LOAD build/bus_voltage_sensor.o
LOAD build/circle_limitation.o
LOAD build/digital_output.o
LOAD build/ntc_temperature_sensor.o
LOAD build/open_loop.o
LOAD build/pid_regulator.o
LOAD build/pqd_motor_power_measurement.o
LOAD build/pwm_common.o
LOAD build/r_divider_bus_voltage_sensor.o
LOAD build/ramp_ext_mngr.o
LOAD build/revup_ctrl.o
LOAD build/speed_pos_fdbk.o
LOAD build/speed_torq_ctrl.o
LOAD build/sto_pll_speed_pos_fdbk.o
LOAD build/virtual_speed_sensor.o
LOAD build/r3_1_l4xx_pwm_curr_fdbk.o
LOAD build/mcpa.o
LOAD build/sysmem.o
LOAD build/syscalls.o
LOAD build/startup_stm32l476xx.o
LOAD c:/programdata/chocolatey/lib/gcc-arm-embedded/tools/gcc-arm-none-eabi-10.3-2021.10/bin/../lib/gcc/arm-none-eabi/10.3.1/../../../../arm-none-eabi/lib/thumb/v7e-m+fp/hard\libc_nano.a
LOAD c:/programdata/chocolatey/lib/gcc-arm-embedded/tools/gcc-arm-none-eabi-10.3-2021.10/bin/../lib/gcc/arm-none-eabi/10.3.1/../../../../arm-none-eabi/lib/thumb/v7e-m+fp/hard\libm.a
LOAD c:/programdata/chocolatey/lib/gcc-arm-embedded/tools/gcc-arm-none-eabi-10.3-2021.10/bin/../lib/gcc/arm-none-eabi/10.3.1/../../../../arm-none-eabi/lib/thumb/v7e-m+fp/hard\libnosys.a
LOAD MCSDK_v6.2.1-Full/MotorControl/libMP/libmp-IAR_ARMv7-M.a
START GROUP
LOAD c:/programdata/chocolatey/lib/gcc-arm-embedded/tools/gcc-arm-none-eabi-10.3-2021.10/bin/../lib/gcc/arm-none-eabi/10.3.1/thumb/v7e-m+fp/hard\libgcc.a
LOAD c:/programdata/chocolatey/lib/gcc-arm-embedded/tools/gcc-arm-none-eabi-10.3-2021.10/bin/../lib/gcc/arm-none-eabi/10.3.1/../../../../arm-none-eabi/lib/thumb/v7e-m+fp/hard\libc_nano.a
END GROUP
START GROUP
LOAD c:/programdata/chocolatey/lib/gcc-arm-embedded/tools/gcc-arm-none-eabi-10.3-2021.10/bin/../lib/gcc/arm-none-eabi/10.3.1/thumb/v7e-m+fp/hard\libgcc.a
LOAD c:/programdata/chocolatey/lib/gcc-arm-embedded/tools/gcc-arm-none-eabi-10.3-2021.10/bin/../lib/gcc/arm-none-eabi/10.3.1/../../../../arm-none-eabi/lib/thumb/v7e-m+fp/hard\libc_nano.a
END GROUP
LOAD c:/programdata/chocolatey/lib/gcc-arm-embedded/tools/gcc-arm-none-eabi-10.3-2021.10/bin/../lib/gcc/arm-none-eabi/10.3.1/thumb/v7e-m+fp/hard/crtend.o
LOAD c:/programdata/chocolatey/lib/gcc-arm-embedded/tools/gcc-arm-none-eabi-10.3-2021.10/bin/../lib/gcc/arm-none-eabi/10.3.1/thumb/v7e-m+fp/hard/crtn.o
                0x20018000                _estack = (ORIGIN (RAM) + LENGTH (RAM))
                0x00000200                _Min_Heap_Size = 0x200
                0x00000400                _Min_Stack_Size = 0x400

.isr_vector     0x08000000      0x188
                0x08000000                . = ALIGN (0x8)
 *(.isr_vector)
 .isr_vector    0x08000000      0x188 build/startup_stm32l476xx.o
                0x08000000                g_pfnVectors
                0x08000188                . = ALIGN (0x8)

.text           0x08000190     0xa488
                0x08000190                . = ALIGN (0x8)
 *(.text)
 .text          0x08000190       0x40 c:/programdata/chocolatey/lib/gcc-arm-embedded/tools/gcc-arm-none-eabi-10.3-2021.10/bin/../lib/gcc/arm-none-eabi/10.3.1/thumb/v7e-m+fp/hard/crtbegin.o
 .text          0x080001d0       0x30 c:/programdata/chocolatey/lib/gcc-arm-embedded/tools/gcc-arm-none-eabi-10.3-2021.10/bin/../lib/gcc/arm-none-eabi/10.3.1/thumb/v7e-m+fp/hard\libgcc.a(_aeabi_uldivmod.o)
                0x080001d0                __aeabi_uldivmod
 .text          0x08000200      0x2d0 c:/programdata/chocolatey/lib/gcc-arm-embedded/tools/gcc-arm-none-eabi-10.3-2021.10/bin/../lib/gcc/arm-none-eabi/10.3.1/thumb/v7e-m+fp/hard\libgcc.a(_udivmoddi4.o)
                0x08000200                __udivmoddi4
 .text          0x080004d0        0x4 c:/programdata/chocolatey/lib/gcc-arm-embedded/tools/gcc-arm-none-eabi-10.3-2021.10/bin/../lib/gcc/arm-none-eabi/10.3.1/thumb/v7e-m+fp/hard\libgcc.a(_dvmd_tls.o)
                0x080004d0                __aeabi_idiv0
                0x080004d0                __aeabi_ldiv0
 *(.text*)
 *fill*         0x080004d4        0x4 
 .text.SystemClock_Config
                0x080004d8       0xb0 build/main.o
                0x080004d8                SystemClock_Config
 .text.startup.main
                0x08000588      0x42c build/main.o
                0x08000588                main
 .text.HAL_TIM_PeriodElapsedCallback
                0x080009b4       0x14 build/main.o
                0x080009b4                HAL_TIM_PeriodElapsedCallback
 .text.Error_Handler
                0x080009c8        0x4 build/main.o
                0x080009c8                Error_Handler
 .text.vApplicationGetIdleTaskMemory
                0x080009cc       0x1c build/freertos.o
                0x080009cc                vApplicationGetIdleTaskMemory
 .text.MX_MotorControl_Init
                0x080009e8       0x14 build/motorcontrol.o
                0x080009e8                MX_MotorControl_Init
 .text.vPortSetupTimerInterrupt
                0x080009fc       0x1c build/motorcontrol.o
                0x080009fc                vPortSetupTimerInterrupt
 .text.MC_StartMotor1
                0x08000a18        0xc build/mc_api.o
                0x08000a18                MC_StartMotor1
 .text.MC_StopMotor1
                0x08000a24        0xc build/mc_api.o
                0x08000a24                MC_StopMotor1
 .text.MC_GetSTMStateMotor1
                0x08000a30        0xc build/mc_api.o
                0x08000a30                MC_GetSTMStateMotor1
 .text.MC_ProfilerCommand
                0x08000a3c        0x4 build/mc_api.o
                0x08000a3c                MC_ProfilerCommand
 .text.FOC_Clear
                0x08000a40       0x9c build/mc_tasks.o
                0x08000a40                FOC_Clear
 .text.MCboot   0x08000adc      0x174 build/mc_tasks.o
                0x08000adc                MCboot
 .text.FOC_InitAdditionalMethods
                0x08000c50        0x4 build/mc_tasks.o
                0x08000c50                FOC_InitAdditionalMethods
 .text.FOC_CalcCurrRef
                0x08000c54       0x4c build/mc_tasks.o
                0x08000c54                FOC_CalcCurrRef
 .text.TSK_SetChargeBootCapDelayM1
                0x08000ca0        0xc build/mc_tasks.o
                0x08000ca0                TSK_SetChargeBootCapDelayM1
 .text.TSK_ChargeBootCapDelayHasElapsedM1
                0x08000cac       0x14 build/mc_tasks.o
                0x08000cac                TSK_ChargeBootCapDelayHasElapsedM1
 .text.TSK_SetStopPermanencyTimeM1
                0x08000cc0        0xc build/mc_tasks.o
                0x08000cc0                TSK_SetStopPermanencyTimeM1
 .text.TSK_StopPermanencyTimeHasElapsedM1
                0x08000ccc       0x14 build/mc_tasks.o
                0x08000ccc                TSK_StopPermanencyTimeHasElapsedM1
 .text.TSK_MediumFrequencyTaskM1
                0x08000ce0      0x388 build/mc_tasks.o
                0x08000ce0                TSK_MediumFrequencyTaskM1
 .text.MC_Scheduler
                0x08001068       0x8c build/mc_tasks.o
                0x08001068                MC_Scheduler
 .text.MC_RunMotorControlTasks
                0x080010f4       0x14 build/mc_tasks.o
                0x080010f4                MC_RunMotorControlTasks
 .text.TSK_HighFrequencyTask
                0x08001108      0x1c8 build/mc_tasks.o
                0x08001108                TSK_HighFrequencyTask
 .text.TSK_SafetyTask_PWMOFF
                0x080012d0       0xc0 build/mc_tasks.o
                0x080012d0                TSK_SafetyTask_PWMOFF
 .text.TSK_SafetyTask
                0x08001390       0x20 build/mc_tasks.o
                0x08001390                TSK_SafetyTask
 .text.TSK_HardwareFaultTask
                0x080013b0       0x20 build/mc_tasks.o
                0x080013b0                TSK_HardwareFaultTask
 .text.startMediumFrequencyTask
                0x080013d0       0x10 build/mc_tasks.o
                0x080013d0                startMediumFrequencyTask
 .text.StartSafetyTask
                0x080013e0       0x10 build/mc_tasks.o
                0x080013e0                StartSafetyTask
 .text.UI_HandleStartStopButton_cb
                0x080013f0       0x18 build/mc_tasks.o
                0x080013f0                UI_HandleStartStopButton_cb
 .text.mc_lock_pins
                0x08001408       0xfc build/mc_tasks.o
                0x08001408                mc_lock_pins
 .text.PWMC_GetPhaseCurrents
                0x08001504        0x4 build/pwm_curr_fdbk.o
                0x08001504                PWMC_GetPhaseCurrents
 .text.PWMC_SetPhaseVoltage
                0x08001508      0x318 build/pwm_curr_fdbk.o
                0x08001508                PWMC_SetPhaseVoltage
 .text.PWMC_SwitchOffPWM
                0x08001820        0x4 build/pwm_curr_fdbk.o
                0x08001820                PWMC_SwitchOffPWM
 .text.PWMC_SwitchOnPWM
                0x08001824        0x4 build/pwm_curr_fdbk.o
                0x08001824                PWMC_SwitchOnPWM
 .text.PWMC_CurrentReadingCalibr
                0x08001828       0x48 build/pwm_curr_fdbk.o
                0x08001828                PWMC_CurrentReadingCalibr
 .text.PWMC_DP_Handler
                0x08001870       0x40 build/pwm_curr_fdbk.o
                0x08001870                PWMC_DP_Handler
 .text.PWMC_OVP_Handler
                0x080018b0       0x1c build/pwm_curr_fdbk.o
                0x080018b0                PWMC_OVP_Handler
 .text.PWMC_IsFaultOccurred
                0x080018cc       0x38 build/pwm_curr_fdbk.o
                0x080018cc                PWMC_IsFaultOccurred
 .text.RCM_RegisterRegConv
                0x08001904      0x1a4 build/regular_conversion_manager.o
                0x08001904                RCM_RegisterRegConv
 .text.RCM_ExecRegularConv
                0x08001aa8       0x70 build/regular_conversion_manager.o
                0x08001aa8                RCM_ExecRegularConv
 .text.RCM_ExecUserConv
                0x08001b18       0x58 build/regular_conversion_manager.o
                0x08001b18                RCM_ExecUserConv
 .text.MCM_Clarke
                0x08001b70       0x54 build/mc_math.o
                0x08001b70                MCM_Clarke
 .text.MCM_Trig_Functions
                0x08001bc4       0x98 build/mc_math.o
                0x08001bc4                MCM_Trig_Functions
 .text.MCM_Park
                0x08001c5c       0x88 build/mc_math.o
                0x08001c5c                MCM_Park
 .text.MCM_Rev_Park
                0x08001ce4       0x40 build/mc_math.o
                0x08001ce4                MCM_Rev_Park
 .text.MCM_Sqrt
                0x08001d24       0x74 build/mc_math.o
                0x08001d24                MCM_Sqrt
 .text.MCI_Init
                0x08001d98       0x20 build/mc_interface.o
                0x08001d98                MCI_Init
 .text.MCI_ExecSpeedRamp
                0x08001db8       0x10 build/mc_interface.o
                0x08001db8                MCI_ExecSpeedRamp
 .text.MCI_ExecTorqueRamp
                0x08001dc8       0x14 build/mc_interface.o
                0x08001dc8                MCI_ExecTorqueRamp
 .text.MCI_SetSpeedMode
                0x08001ddc       0x1c build/mc_interface.o
                0x08001ddc                MCI_SetSpeedMode
 .text.MCI_SetOpenLoopCurrent
                0x08001df8       0x1c build/mc_interface.o
                0x08001df8                MCI_SetOpenLoopCurrent
 .text.MCI_SetOpenLoopVoltage
                0x08001e14       0x1c build/mc_interface.o
                0x08001e14                MCI_SetOpenLoopVoltage
 .text.MCI_FaultProcessing
                0x08001e30       0x18 build/mc_interface.o
                0x08001e30                MCI_FaultProcessing
 .text.MCI_ExecBufferedCommands
                0x08001e48       0xa0 build/mc_interface.o
                0x08001e48                MCI_ExecBufferedCommands
 .text.MCI_GetSTMState
                0x08001ee8        0x8 build/mc_interface.o
                0x08001ee8                MCI_GetSTMState
 .text.MCI_GetOccurredFaults
                0x08001ef0        0x4 build/mc_interface.o
                0x08001ef0                MCI_GetOccurredFaults
 .text.MCI_GetCurrentFaults
                0x08001ef4        0x4 build/mc_interface.o
                0x08001ef4                MCI_GetCurrentFaults
 .text.MCI_StartMotor
                0x08001ef8       0x30 build/mc_interface.o
                0x08001ef8                MCI_StartMotor
 .text.MCI_StartWithPolarizationMotor
                0x08001f28       0x34 build/mc_interface.o
                0x08001f28                MCI_StartWithPolarizationMotor
 .text.MCI_StopMotor
                0x08001f5c       0x44 build/mc_interface.o
                0x08001f5c                MCI_StopMotor
 .text.MCI_FaultAcknowledged
                0x08001fa0       0x28 build/mc_interface.o
                0x08001fa0                MCI_FaultAcknowledged
 .text.MCI_GetFaultState
                0x08001fc8        0xc build/mc_interface.o
                0x08001fc8                MCI_GetFaultState
 .text.MCI_GetControlMode
                0x08001fd4        0x8 build/mc_interface.o
                0x08001fd4                MCI_GetControlMode
 .text.MCI_SetCurrentReferences
                0x08001fdc       0x38 build/mc_interface.o
                0x08001fdc                MCI_SetCurrentReferences
 .text.MCI_GetImposedMotorDirection
                0x08002014       0x44 build/mc_interface.o
                0x08002014                MCI_GetImposedMotorDirection
 .text.MCI_GetLastRampFinalSpeed
                0x08002058        0x8 build/mc_interface.o
                0x08002058                MCI_GetLastRampFinalSpeed
 .text.MCI_GetLastRampFinalTorque
                0x08002060        0x8 build/mc_interface.o
                0x08002060                MCI_GetLastRampFinalTorque
 .text.MCI_GetLastRampFinalDuration
                0x08002068        0x4 build/mc_interface.o
                0x08002068                MCI_GetLastRampFinalDuration
 .text.MCI_StopRamp
                0x0800206c        0x8 build/mc_interface.o
                0x0800206c                MCI_StopRamp
 .text.MCI_GetAvrgMecSpeedUnit
                0x08002074       0x10 build/mc_interface.o
                0x08002074                MCI_GetAvrgMecSpeedUnit
 .text.MCI_GetMecSpeedRefUnit
                0x08002084        0x8 build/mc_interface.o
                0x08002084                MCI_GetMecSpeedRefUnit
 .text.MCI_GetIab
                0x0800208c       0x1c build/mc_interface.o
                0x0800208c                MCI_GetIab
 .text.MCI_GetIalphabeta
                0x080020a8       0x1c build/mc_interface.o
                0x080020a8                MCI_GetIalphabeta
 .text.MCI_GetIqd
                0x080020c4       0x1c build/mc_interface.o
                0x080020c4                MCI_GetIqd
 .text.MCI_GetIqdref
                0x080020e0       0x1c build/mc_interface.o
                0x080020e0                MCI_GetIqdref
 .text.MCI_GetVqd
                0x080020fc       0x1c build/mc_interface.o
                0x080020fc                MCI_GetVqd
 .text.MCI_GetValphabeta
                0x08002118       0x1c build/mc_interface.o
                0x08002118                MCI_GetValphabeta
 .text.MCI_GetTeref
                0x08002134        0x8 build/mc_interface.o
                0x08002134                MCI_GetTeref
 .text.MCI_Clear_Iqdref
                0x0800213c       0x14 build/mc_interface.o
                0x0800213c                MCI_Clear_Iqdref
 .text.ADC1_2_IRQHandler
                0x08002150       0x14 build/stm32l4xx_mc_it.o
                0x08002150                ADC1_2_IRQHandler
 .text.TIM1_UP_TIM16_IRQHandler
                0x08002164       0x18 build/stm32l4xx_mc_it.o
                0x08002164                TIM1_UP_TIM16_IRQHandler
 .text.TIM1_BRK_TIM15_IRQHandler
                0x0800217c       0x3c build/stm32l4xx_mc_it.o
                0x0800217c                TIM1_BRK_TIM15_IRQHandler
 .text.DMA1_Channel6_IRQHandler
                0x080021b8       0x20 build/stm32l4xx_mc_it.o
                0x080021b8                DMA1_Channel6_IRQHandler
 .text.USART2_IRQHandler
                0x080021d8      0x17c build/stm32l4xx_mc_it.o
                0x080021d8                USART2_IRQHandler
 .text.HardFault_Handler
                0x08002354        0x8 build/stm32l4xx_mc_it.o
                0x08002354                HardFault_Handler
 .text.EXTI15_10_IRQHandler
                0x0800235c       0x18 build/stm32l4xx_mc_it.o
                0x0800235c                EXTI15_10_IRQHandler
 .text.RI_SetRegisterGlobal
                0x08002374       0xfc build/register_interface.o
                0x08002374                RI_SetRegisterGlobal
 .text.RI_SetRegisterMotor1
                0x08002470      0x624 build/register_interface.o
                0x08002470                RI_SetRegisterMotor1
 .text.RI_GetRegisterGlobal
                0x08002a94      0x13c build/register_interface.o
                0x08002a94                RI_GetRegisterGlobal
 .text.RI_GetRegisterMotor1
                0x08002bd0      0x81c build/register_interface.o
                0x08002bd0                RI_GetRegisterMotor1
 .text.RI_GetIDSize
                0x080033ec       0x18 build/register_interface.o
                0x080033ec                RI_GetIDSize
 .text.RI_GetPtrReg
                0x08003404      0x144 build/register_interface.o
                0x08003404                RI_GetPtrReg
 .text.RI_SetRegCommandParser
                0x08003548       0xdc build/mcp.o
                0x08003548                RI_SetRegCommandParser
 .text.RI_GetRegCommandParser
                0x08003624       0x98 build/mcp.o
                0x08003624                RI_GetRegCommandParser
 .text.MCP_ReceivedPacket
                0x080036bc      0x19c build/mcp.o
                0x080036bc                MCP_ReceivedPacket
 .text.UASPEP_INIT
                0x08003858       0x90 build/usart_aspep_driver.o
                0x08003858                UASPEP_INIT
 .text.UASPEP_SEND_PACKET
                0x080038e8       0x3c build/usart_aspep_driver.o
                0x080038e8                UASPEP_SEND_PACKET
 .text.UASPEP_RECEIVE_BUFFER
                0x08003924       0x38 build/usart_aspep_driver.o
                0x08003924                UASPEP_RECEIVE_BUFFER
 .text.UASPEP_IDLE_ENABLE
                0x0800395c       0x18 build/usart_aspep_driver.o
                0x0800395c                UASPEP_IDLE_ENABLE
 .text.ASPEP_start
                0x08003974       0x28 build/aspep.o
                0x08003974                ASPEP_start
 .text.ASPEP_sendBeacon
                0x0800399c       0x8c build/aspep.o
                0x0800399c                ASPEP_sendBeacon
 .text.ASPEP_sendPing
                0x08003a28       0x90 build/aspep.o
                0x08003a28                ASPEP_sendPing
 .text.ASPEP_getBuffer
                0x08003ab8       0x6c build/aspep.o
                0x08003ab8                ASPEP_getBuffer
 .text.ASPEP_sendPacket
                0x08003b24      0x118 build/aspep.o
                0x08003b24                ASPEP_sendPacket
 .text.ASPEP_HWDataTransmittedIT
                0x08003c3c       0x98 build/aspep.o
                0x08003c3c                ASPEP_HWDataTransmittedIT
 .text.ASPEP_RXframeProcess
                0x08003cd4      0x2a8 build/aspep.o
                0x08003cd4                ASPEP_RXframeProcess
 .text.ASPEP_HWDataReceivedIT
                0x08003f7c       0x9c build/aspep.o
                0x08003f7c                ASPEP_HWDataReceivedIT
 .text.ASPEP_HWDMAReset
                0x08004018       0x14 build/aspep.o
                0x08004018                ASPEP_HWDMAReset
 .text.MC_APP_BootHook
                0x0800402c        0x4 build/mc_app_hooks.o
                0x0800402c                MC_APP_BootHook
 .text.MC_APP_PostMediumFrequencyHook_M1
                0x08004030        0x4 build/mc_app_hooks.o
                0x08004030                MC_APP_PostMediumFrequencyHook_M1
 .text.TIM6_DAC_IRQHandler
                0x08004034        0xc build/stm32l4xx_it.o
                0x08004034                TIM6_DAC_IRQHandler
 .text.HAL_MspInit
                0x08004040       0x40 build/stm32l4xx_hal_msp.o
                0x08004040                HAL_MspInit
 .text.HAL_ADC_MspInit
                0x08004080       0xd8 build/stm32l4xx_hal_msp.o
                0x08004080                HAL_ADC_MspInit
 .text.HAL_TIM_Base_MspInit
                0x08004158       0x6c build/stm32l4xx_hal_msp.o
                0x08004158                HAL_TIM_Base_MspInit
 *fill*         0x080041c4        0x4 
 .text.HAL_TIM_MspPostInit
                0x080041c8       0x74 build/stm32l4xx_hal_msp.o
                0x080041c8                HAL_TIM_MspPostInit
 .text.HAL_UART_MspInit
                0x0800423c       0xfc build/stm32l4xx_hal_msp.o
                0x0800423c                HAL_UART_MspInit
 .text.HAL_InitTick
                0x08004338       0xa4 build/stm32l4xx_hal_timebase_tim.o
                0x08004338                HAL_InitTick
 .text.HAL_ADC_Init
                0x080043dc      0x1c8 build/stm32l4xx_hal_adc.o
                0x080043dc                HAL_ADC_Init
 .text.HAL_ADC_ConfigChannel
                0x080045a4      0x4b4 build/stm32l4xx_hal_adc.o
                0x080045a4                HAL_ADC_ConfigChannel
 .text.HAL_ADCEx_InjectedConfigChannel
                0x08004a58      0x598 build/stm32l4xx_hal_adc_ex.o
                0x08004a58                HAL_ADCEx_InjectedConfigChannel
 .text.HAL_ADCEx_MultiModeConfigChannel
                0x08004ff0       0xe0 build/stm32l4xx_hal_adc_ex.o
                0x08004ff0                HAL_ADCEx_MultiModeConfigChannel
 .text.HAL_ADCEx_DisableInjectedQueue
                0x080050d0       0x28 build/stm32l4xx_hal_adc_ex.o
                0x080050d0                HAL_ADCEx_DisableInjectedQueue
 .text.HAL_Init
                0x080050f8       0x30 build/stm32l4xx_hal.o
                0x080050f8                HAL_Init
 .text.HAL_IncTick
                0x08005128       0x18 build/stm32l4xx_hal.o
                0x08005128                HAL_IncTick
 .text.HAL_GetTick
                0x08005140        0xc build/stm32l4xx_hal.o
                0x08005140                HAL_GetTick
 .text.RCC_SetFlashLatencyFromMSIRange
                0x0800514c       0x8c build/stm32l4xx_hal_rcc.o
 .text.HAL_RCC_GetSysClockFreq
                0x080051d8       0xb4 build/stm32l4xx_hal_rcc.o
                0x080051d8                HAL_RCC_GetSysClockFreq
 .text.HAL_RCC_OscConfig
                0x0800528c      0x5d0 build/stm32l4xx_hal_rcc.o
                0x0800528c                HAL_RCC_OscConfig
 .text.HAL_RCC_ClockConfig
                0x0800585c      0x168 build/stm32l4xx_hal_rcc.o
                0x0800585c                HAL_RCC_ClockConfig
 .text.HAL_RCC_GetHCLKFreq
                0x080059c4        0xc build/stm32l4xx_hal_rcc.o
                0x080059c4                HAL_RCC_GetHCLKFreq
 .text.HAL_RCC_GetPCLK1Freq
                0x080059d0       0x24 build/stm32l4xx_hal_rcc.o
                0x080059d0                HAL_RCC_GetPCLK1Freq
 .text.HAL_RCC_GetPCLK2Freq
                0x080059f4       0x24 build/stm32l4xx_hal_rcc.o
                0x080059f4                HAL_RCC_GetPCLK2Freq
 .text.HAL_RCC_GetClockConfig
                0x08005a18       0x44 build/stm32l4xx_hal_rcc.o
                0x08005a18                HAL_RCC_GetClockConfig
 .text.RCCEx_PLLSAI1_Config
                0x08005a5c      0x124 build/stm32l4xx_hal_rcc_ex.o
 .text.RCCEx_PLLSAI2_Config
                0x08005b80      0x104 build/stm32l4xx_hal_rcc_ex.o
 .text.HAL_RCCEx_PeriphCLKConfig
                0x08005c84      0x440 build/stm32l4xx_hal_rcc_ex.o
                0x08005c84                HAL_RCCEx_PeriphCLKConfig
 .text.HAL_GPIO_Init
                0x080060c4      0x204 build/stm32l4xx_hal_gpio.o
                0x080060c4                HAL_GPIO_Init
 .text.HAL_GPIO_WritePin
                0x080062c8        0xc build/stm32l4xx_hal_gpio.o
                0x080062c8                HAL_GPIO_WritePin
 .text.HAL_DMA_Init
                0x080062d4       0xe8 build/stm32l4xx_hal_dma.o
                0x080062d4                HAL_DMA_Init
 .text.HAL_PWREx_GetVoltageRange
                0x080063bc       0x10 build/stm32l4xx_hal_pwr_ex.o
                0x080063bc                HAL_PWREx_GetVoltageRange
 .text.HAL_PWREx_ControlVoltageScaling
                0x080063cc       0x84 build/stm32l4xx_hal_pwr_ex.o
                0x080063cc                HAL_PWREx_ControlVoltageScaling
 .text.HAL_NVIC_SetPriorityGrouping
                0x08006450       0x24 build/stm32l4xx_hal_cortex.o
                0x08006450                HAL_NVIC_SetPriorityGrouping
 .text.HAL_NVIC_SetPriority
                0x08006474       0x7c build/stm32l4xx_hal_cortex.o
                0x08006474                HAL_NVIC_SetPriority
 .text.HAL_NVIC_EnableIRQ
                0x080064f0       0x1c build/stm32l4xx_hal_cortex.o
                0x080064f0                HAL_NVIC_EnableIRQ
 .text.HAL_SYSTICK_Config
                0x0800650c       0x34 build/stm32l4xx_hal_cortex.o
                0x0800650c                HAL_SYSTICK_Config
 .text.TIM_OC1_SetConfig
                0x08006540       0x78 build/stm32l4xx_hal_tim.o
 .text.TIM_OC3_SetConfig
                0x080065b8       0x80 build/stm32l4xx_hal_tim.o
 .text.HAL_TIM_Base_Init
                0x08006638      0x118 build/stm32l4xx_hal_tim.o
                0x08006638                HAL_TIM_Base_Init
 .text.HAL_TIM_Base_Start_IT
                0x08006750       0x7c build/stm32l4xx_hal_tim.o
                0x08006750                HAL_TIM_Base_Start_IT
 .text.HAL_TIM_PWM_MspInit
                0x080067cc        0x4 build/stm32l4xx_hal_tim.o
                0x080067cc                HAL_TIM_PWM_MspInit
 .text.HAL_TIM_PWM_Init
                0x080067d0      0x118 build/stm32l4xx_hal_tim.o
                0x080067d0                HAL_TIM_PWM_Init
 .text.HAL_TIM_SlaveConfigSynchro
                0x080068e8      0x11c build/stm32l4xx_hal_tim.o
                0x080068e8                HAL_TIM_SlaveConfigSynchro
 .text.HAL_TIM_OC_DelayElapsedCallback
                0x08006a04        0x4 build/stm32l4xx_hal_tim.o
                0x08006a04                HAL_TIM_OC_DelayElapsedCallback
 .text.HAL_TIM_IC_CaptureCallback
                0x08006a08        0x4 build/stm32l4xx_hal_tim.o
                0x08006a08                HAL_TIM_IC_CaptureCallback
 .text.HAL_TIM_PWM_PulseFinishedCallback
                0x08006a0c        0x4 build/stm32l4xx_hal_tim.o
                0x08006a0c                HAL_TIM_PWM_PulseFinishedCallback
 .text.HAL_TIM_TriggerCallback
                0x08006a10        0x4 build/stm32l4xx_hal_tim.o
                0x08006a10                HAL_TIM_TriggerCallback
 .text.HAL_TIM_IRQHandler
                0x08006a14      0x154 build/stm32l4xx_hal_tim.o
                0x08006a14                HAL_TIM_IRQHandler
 .text.TIM_OC2_SetConfig
                0x08006b68       0x80 build/stm32l4xx_hal_tim.o
                0x08006b68                TIM_OC2_SetConfig
 .text.HAL_TIM_PWM_ConfigChannel
                0x08006be8      0x268 build/stm32l4xx_hal_tim.o
                0x08006be8                HAL_TIM_PWM_ConfigChannel
 .text.HAL_TIMEx_MasterConfigSynchronization
                0x08006e50       0x94 build/stm32l4xx_hal_tim_ex.o
                0x08006e50                HAL_TIMEx_MasterConfigSynchronization
 .text.HAL_TIMEx_ConfigBreakDeadTime
                0x08006ee4       0x8c build/stm32l4xx_hal_tim_ex.o
                0x08006ee4                HAL_TIMEx_ConfigBreakDeadTime
 .text.HAL_TIMEx_ConfigBreakInput
                0x08006f70       0xbc build/stm32l4xx_hal_tim_ex.o
                0x08006f70                HAL_TIMEx_ConfigBreakInput
 .text.HAL_TIMEx_CommutCallback
                0x0800702c        0x4 build/stm32l4xx_hal_tim_ex.o
                0x0800702c                HAL_TIMEx_CommutCallback
 .text.HAL_TIMEx_BreakCallback
                0x08007030        0x4 build/stm32l4xx_hal_tim_ex.o
                0x08007030                HAL_TIMEx_BreakCallback
 .text.HAL_TIMEx_Break2Callback
                0x08007034        0x4 build/stm32l4xx_hal_tim_ex.o
                0x08007034                HAL_TIMEx_Break2Callback
 .text.UART_SetConfig
                0x08007038      0x2c8 build/stm32l4xx_hal_uart.o
                0x08007038                UART_SetConfig
 .text.UART_AdvFeatureConfig
                0x08007300       0xb0 build/stm32l4xx_hal_uart.o
                0x08007300                UART_AdvFeatureConfig
 .text.UART_CheckIdleState
                0x080073b0      0x258 build/stm32l4xx_hal_uart.o
                0x080073b0                UART_CheckIdleState
 .text.HAL_UART_Init
                0x08007608       0x64 build/stm32l4xx_hal_uart.o
                0x08007608                HAL_UART_Init
 .text.SystemInit
                0x0800766c       0x14 build/system_stm32l4xx.o
                0x0800766c                SystemInit
 .text.vListInitialise
                0x08007680       0x18 build/list.o
                0x08007680                vListInitialise
 .text.vListInitialiseItem
                0x08007698        0x8 build/list.o
                0x08007698                vListInitialiseItem
 .text.vListInsertEnd
                0x080076a0       0x20 build/list.o
                0x080076a0                vListInsertEnd
 .text.vListInsert
                0x080076c0       0x30 build/list.o
                0x080076c0                vListInsert
 .text.uxListRemove
                0x080076f0       0x28 build/list.o
                0x080076f0                uxListRemove
 .text.prvAddNewTaskToReadyList
                0x08007718      0x110 build/tasks.o
 .text.prvAddCurrentTaskToDelayedList
                0x08007828       0x8c build/tasks.o
 .text.prvIdleTask
                0x080078b4       0x98 build/tasks.o
 .text.xTaskIncrementTick.part.0
                0x0800794c      0x154 build/tasks.o
 .text.xTaskResumeAll.part.0
                0x08007aa0      0x144 build/tasks.o
 .text.xTaskCreateStatic
                0x08007be4      0x174 build/tasks.o
                0x08007be4                xTaskCreateStatic
 .text.xTaskCreate
                0x08007d58      0x158 build/tasks.o
                0x08007d58                xTaskCreate
 .text.vTaskDelay
                0x08007eb0       0x60 build/tasks.o
                0x08007eb0                vTaskDelay
 .text.vTaskStartScheduler
                0x08007f10       0xf8 build/tasks.o
                0x08007f10                vTaskStartScheduler
 .text.vTaskSuspendAll
                0x08008008       0x10 build/tasks.o
                0x08008008                vTaskSuspendAll
 .text.xTaskResumeAll
                0x08008018       0x20 build/tasks.o
                0x08008018                xTaskResumeAll
 .text.xTaskIncrementTick
                0x08008038       0x20 build/tasks.o
                0x08008038                xTaskIncrementTick
 .text.vTaskSwitchContext
                0x08008058       0x70 build/tasks.o
                0x08008058                vTaskSwitchContext
 .text.osKernelStart
                0x080080c8        0xc build/cmsis_os.o
                0x080080c8                osKernelStart
 .text.osThreadCreate
                0x080080d4       0x64 build/cmsis_os.o
                0x080080d4                osThreadCreate
 .text.pvPortMalloc
                0x08008138      0x170 build/heap_4.o
                0x08008138                pvPortMalloc
 .text.vPortFree
                0x080082a8       0xc4 build/heap_4.o
                0x080082a8                vPortFree
 .text.prvPortStartFirstTask
                0x0800836c       0x28 build/port.o
 .text.vPortEnableVFP
                0x08008394       0x14 build/port.o
 .text.prvTaskExitError
                0x080083a8       0x40 build/port.o
 .text.pxPortInitialiseStack
                0x080083e8       0x28 build/port.o
                0x080083e8                pxPortInitialiseStack
 .text.SVC_Handler
                0x08008410       0x24 build/port.o
                0x08008410                SVC_Handler
 .text.vPortEnterCritical
                0x08008434       0x44 build/port.o
                0x08008434                vPortEnterCritical
 .text.vPortExitCritical
                0x08008478       0x28 build/port.o
                0x08008478                vPortExitCritical
 .text.PendSV_Handler
                0x080084a0       0x64 build/port.o
                0x080084a0                PendSV_Handler
 .text.SysTick_Handler
                0x08008504       0x2c build/port.o
                0x08008504                SysTick_Handler
 .text.xPortStartScheduler
                0x08008530      0x140 build/port.o
                0x08008530                xPortStartScheduler
 .text.VBS_GetAvBusVoltage_d
                0x08008670        0x4 build/bus_voltage_sensor.o
                0x08008670                VBS_GetAvBusVoltage_d
 .text.VBS_GetAvBusVoltage_V
                0x08008674        0xc build/bus_voltage_sensor.o
                0x08008674                VBS_GetAvBusVoltage_V
 .text.Circle_Limitation
                0x08008680       0x60 build/circle_limitation.o
                0x08008680                Circle_Limitation
 .text.NTC_SetFaultState
                0x080086e0       0x1c build/ntc_temperature_sensor.o
                0x080086e0                NTC_SetFaultState
 .text.NTC_Clear
                0x080086fc        0x8 build/ntc_temperature_sensor.o
                0x080086fc                NTC_Clear
 .text.NTC_Init
                0x08008704       0x18 build/ntc_temperature_sensor.o
                0x08008704                NTC_Init
 .text.NTC_CalcAvTemp
                0x0800871c       0x30 build/ntc_temperature_sensor.o
                0x0800871c                NTC_CalcAvTemp
 .text.NTC_GetAvTemp_C
                0x0800874c       0x24 build/ntc_temperature_sensor.o
                0x0800874c                NTC_GetAvTemp_C
 .text.OL_Init  0x08008770        0x8 build/open_loop.o
                0x08008770                OL_Init
 .text.OL_VqdConditioning
                0x08008778        0x8 build/open_loop.o
                0x08008778                OL_VqdConditioning
 .text.OL_UpdateVoltage
                0x08008780        0x4 build/open_loop.o
                0x08008780                OL_UpdateVoltage
 .text.OL_GetVoltage
                0x08008784        0x8 build/open_loop.o
                0x08008784                OL_GetVoltage
 .text.OL_Calc  0x0800878c       0x24 build/open_loop.o
                0x0800878c                OL_Calc
 .text.PID_HandleInit
                0x080087b0       0x10 build/pid_regulator.o
                0x080087b0                PID_HandleInit
 .text.PID_SetKP
                0x080087c0        0x4 build/pid_regulator.o
                0x080087c0                PID_SetKP
 .text.PID_SetKI
                0x080087c4        0x4 build/pid_regulator.o
                0x080087c4                PID_SetKI
 .text.PID_GetKP
                0x080087c8        0x8 build/pid_regulator.o
                0x080087c8                PID_GetKP
 .text.PID_GetKI
                0x080087d0        0x8 build/pid_regulator.o
                0x080087d0                PID_GetKI
 .text.PID_SetIntegralTerm
                0x080087d8        0x4 build/pid_regulator.o
                0x080087d8                PID_SetIntegralTerm
 .text.PID_GetKPDivisorPOW2
                0x080087dc        0x4 build/pid_regulator.o
                0x080087dc                PID_GetKPDivisorPOW2
 .text.PID_SetKPDivisorPOW2
                0x080087e0        0xc build/pid_regulator.o
                0x080087e0                PID_SetKPDivisorPOW2
 .text.PID_GetKIDivisor
                0x080087ec        0x4 build/pid_regulator.o
                0x080087ec                PID_GetKIDivisor
 .text.PID_GetKIDivisorPOW2
                0x080087f0        0x4 build/pid_regulator.o
                0x080087f0                PID_GetKIDivisorPOW2
 .text.PID_SetLowerIntegralTermLimit
                0x080087f4        0x4 build/pid_regulator.o
                0x080087f4                PID_SetLowerIntegralTermLimit
 .text.PID_SetUpperIntegralTermLimit
                0x080087f8        0x4 build/pid_regulator.o
                0x080087f8                PID_SetUpperIntegralTermLimit
 .text.PID_SetKIDivisorPOW2
                0x080087fc       0x28 build/pid_regulator.o
                0x080087fc                PID_SetKIDivisorPOW2
 .text.PID_SetKD
                0x08008824        0x4 build/pid_regulator.o
                0x08008824                PID_SetKD
 .text.PID_GetKD
                0x08008828        0x8 build/pid_regulator.o
                0x08008828                PID_GetKD
 .text.PID_GetKDDivisorPOW2
                0x08008830        0x4 build/pid_regulator.o
                0x08008830                PID_GetKDDivisorPOW2
 .text.PID_SetKDDivisorPOW2
                0x08008834        0xc build/pid_regulator.o
                0x08008834                PID_SetKDDivisorPOW2
 .text.PI_Controller
                0x08008840       0x8c build/pid_regulator.o
                0x08008840                PI_Controller
 .text.PQD_CalcElMotorPower
                0x080088cc       0x38 build/pqd_motor_power_measurement.o
                0x080088cc                PQD_CalcElMotorPower
 .text.PQD_Clear
                0x08008904        0x8 build/pqd_motor_power_measurement.o
                0x08008904                PQD_Clear
 .text.PQD_GetAvrgElMotorPowerW
                0x0800890c       0x34 build/pqd_motor_power_measurement.o
                0x0800890c                PQD_GetAvrgElMotorPowerW
 .text.startTimers
                0x08008940       0x64 build/pwm_common.o
                0x08008940                startTimers
 .text.waitForPolarizationEnd
                0x080089a4       0x3c build/pwm_common.o
                0x080089a4                waitForPolarizationEnd
 .text.RVBS_Clear
                0x080089e0       0x3c build/r_divider_bus_voltage_sensor.o
                0x080089e0                RVBS_Clear
 .text.RVBS_Init
                0x08008a1c        0x8 build/r_divider_bus_voltage_sensor.o
                0x08008a1c                RVBS_Init
 .text.RVBS_CheckFaultState
                0x08008a24       0x4c build/r_divider_bus_voltage_sensor.o
                0x08008a24                RVBS_CheckFaultState
 .text.RVBS_CalcAvVbus
                0x08008a70       0x5c build/r_divider_bus_voltage_sensor.o
                0x08008a70                RVBS_CalcAvVbus
 .text.REMNG_Init
                0x08008acc       0x10 build/ramp_ext_mngr.o
                0x08008acc                REMNG_Init
 .text.REMNG_Calc
                0x08008adc       0x44 build/ramp_ext_mngr.o
                0x08008adc                REMNG_Calc
 .text.REMNG_RampCompleted
                0x08008b20        0xc build/ramp_ext_mngr.o
                0x08008b20                REMNG_RampCompleted
 .text.getScalingFactor
                0x08008b2c       0x2c build/ramp_ext_mngr.o
                0x08008b2c                getScalingFactor
 .text.REMNG_ExecRamp
                0x08008b58       0x88 build/ramp_ext_mngr.o
                0x08008b58                REMNG_ExecRamp
 .text.RUC_Init
                0x08008be0       0x70 build/revup_ctrl.o
                0x08008be0                RUC_Init
 .text.RUC_Clear
                0x08008c50       0x88 build/revup_ctrl.o
                0x08008c50                RUC_Clear
 .text.RUC_Exec
                0x08008cd8       0x6c build/revup_ctrl.o
                0x08008cd8                RUC_Exec
 .text.RUC_FirstAccelerationStageReached
                0x08008d44       0x14 build/revup_ctrl.o
                0x08008d44                RUC_FirstAccelerationStageReached
 .text.RUC_SetPhase
                0x08008d58       0x1c build/revup_ctrl.o
                0x08008d58                RUC_SetPhase
 .text.RUC_GetNumberOfPhases
                0x08008d74        0x8 build/revup_ctrl.o
                0x08008d74                RUC_GetNumberOfPhases
 .text.RUC_GetPhase
                0x08008d7c       0x20 build/revup_ctrl.o
                0x08008d7c                RUC_GetPhase
 .text.SPD_GetElAngle
                0x08008d9c        0x8 build/speed_pos_fdbk.o
                0x08008d9c                SPD_GetElAngle
 .text.SPD_GetAvrgMecSpeedUnit
                0x08008da4        0x8 build/speed_pos_fdbk.o
                0x08008da4                SPD_GetAvrgMecSpeedUnit
 .text.SPD_GetInstElSpeedDpp
                0x08008dac        0x8 build/speed_pos_fdbk.o
                0x08008dac                SPD_GetInstElSpeedDpp
 .text.SPD_IsMecSpeedReliable
                0x08008db4       0x6c build/speed_pos_fdbk.o
                0x08008db4                SPD_IsMecSpeedReliable
 .text.SPD_GetS16Speed
                0x08008e20       0x14 build/speed_pos_fdbk.o
                0x08008e20                SPD_GetS16Speed
 .text.STC_Init
                0x08008e34       0x2c build/speed_torq_ctrl.o
                0x08008e34                STC_Init
 .text.STC_SetSpeedSensor
                0x08008e60        0x4 build/speed_torq_ctrl.o
                0x08008e60                STC_SetSpeedSensor
 .text.STC_GetSpeedSensor
                0x08008e64        0x4 build/speed_torq_ctrl.o
                0x08008e64                STC_GetSpeedSensor
 .text.STC_Clear
                0x08008e68       0x10 build/speed_torq_ctrl.o
                0x08008e68                STC_Clear
 .text.STC_GetMecSpeedRefUnit
                0x08008e78        0x8 build/speed_torq_ctrl.o
                0x08008e78                STC_GetMecSpeedRefUnit
 .text.STC_GetTorqueRef
                0x08008e80        0x8 build/speed_torq_ctrl.o
                0x08008e80                STC_GetTorqueRef
 .text.STC_SetControlMode
                0x08008e88        0x8 build/speed_torq_ctrl.o
                0x08008e88                STC_SetControlMode
 .text.STC_ExecRamp
                0x08008e90       0x88 build/speed_torq_ctrl.o
                0x08008e90                STC_ExecRamp
 .text.STC_StopRamp
                0x08008f18        0x8 build/speed_torq_ctrl.o
                0x08008f18                STC_StopRamp
 .text.STC_CalcTorqueReference
                0x08008f20       0x54 build/speed_torq_ctrl.o
                0x08008f20                STC_CalcTorqueReference
 .text.STC_GetMecSpeedRefUnitDefault
                0x08008f74        0x8 build/speed_torq_ctrl.o
                0x08008f74                STC_GetMecSpeedRefUnitDefault
 .text.STC_GetDefaultIqdref
                0x08008f7c       0x1c build/speed_torq_ctrl.o
                0x08008f7c                STC_GetDefaultIqdref
 .text.STC_ForceSpeedReferenceToCurrentSpeed
                0x08008f98       0x10 build/speed_torq_ctrl.o
                0x08008f98                STC_ForceSpeedReferenceToCurrentSpeed
 .text.STO_PLL_CalcElAngle
                0x08008fa8      0x1f0 build/sto_pll_speed_pos_fdbk.o
                0x08008fa8                STO_PLL_CalcElAngle
 .text.STO_PLL_CalcAvrgMecSpeedUnit
                0x08009198      0x154 build/sto_pll_speed_pos_fdbk.o
                0x08009198                STO_PLL_CalcAvrgMecSpeedUnit
 .text.STO_PLL_CalcAvrgElSpeedDpp
                0x080092ec       0x64 build/sto_pll_speed_pos_fdbk.o
                0x080092ec                STO_PLL_CalcAvrgElSpeedDpp
 .text.STO_PLL_Clear
                0x08009350       0x4c build/sto_pll_speed_pos_fdbk.o
                0x08009350                STO_PLL_Clear
 .text.STO_PLL_Init
                0x0800939c       0x74 build/sto_pll_speed_pos_fdbk.o
                0x0800939c                STO_PLL_Init
 .text.STO_PLL_IsObserverConverged
                0x08009410       0xc4 build/sto_pll_speed_pos_fdbk.o
                0x08009410                STO_PLL_IsObserverConverged
 .text.STO_PLL_GetEstimatedBemf
                0x080094d4       0x18 build/sto_pll_speed_pos_fdbk.o
                0x080094d4                STO_PLL_GetEstimatedBemf
 .text.STO_PLL_GetEstimatedCurrent
                0x080094ec       0x28 build/sto_pll_speed_pos_fdbk.o
                0x080094ec                STO_PLL_GetEstimatedCurrent
 .text.STO_PLL_GetObserverGains
                0x08009514       0x10 build/sto_pll_speed_pos_fdbk.o
                0x08009514                STO_PLL_GetObserverGains
 .text.STO_PLL_SetObserverGains
                0x08009524        0x8 build/sto_pll_speed_pos_fdbk.o
                0x08009524                STO_PLL_SetObserverGains
 .text.STO_OTF_ResetPLL
                0x0800952c        0xc build/sto_pll_speed_pos_fdbk.o
                0x0800952c                STO_OTF_ResetPLL
 .text.STO_ResetPLL
                0x08009538        0x8 build/sto_pll_speed_pos_fdbk.o
                0x08009538                STO_ResetPLL
 .text.STO_PLL_GetEstimatedBemfLevel
                0x08009540        0x8 build/sto_pll_speed_pos_fdbk.o
                0x08009540                STO_PLL_GetEstimatedBemfLevel
 .text.STO_PLL_GetObservedBemfLevel
                0x08009548        0x8 build/sto_pll_speed_pos_fdbk.o
                0x08009548                STO_PLL_GetObservedBemfLevel
 .text.STO_PLL_IsVarianceTight
                0x08009550        0x8 build/sto_pll_speed_pos_fdbk.o
                0x08009550                STO_PLL_IsVarianceTight
 .text.STO_PLL_ForceConvergency1
                0x08009558        0xc build/sto_pll_speed_pos_fdbk.o
                0x08009558                STO_PLL_ForceConvergency1
 .text.STO_PLL_ForceConvergency2
                0x08009564        0xc build/sto_pll_speed_pos_fdbk.o
                0x08009564                STO_PLL_ForceConvergency2
 .text.STO_SetDirection
                0x08009570        0x8 build/sto_pll_speed_pos_fdbk.o
                0x08009570                STO_SetDirection
 .text.VSS_Clear
                0x08009578       0x1c build/virtual_speed_sensor.o
                0x08009578                VSS_Clear
 .text.VSS_Init
                0x08009594        0x8 build/virtual_speed_sensor.o
                0x08009594                VSS_Init
 .text.VSS_CalcElAngle
                0x0800959c       0xa8 build/virtual_speed_sensor.o
                0x0800959c                VSS_CalcElAngle
 .text.VSS_CalcAvrgMecSpeedUnit
                0x08009644       0xa4 build/virtual_speed_sensor.o
                0x08009644                VSS_CalcAvrgMecSpeedUnit
 .text.VSS_SetMecAngle
                0x080096e8       0x10 build/virtual_speed_sensor.o
                0x080096e8                VSS_SetMecAngle
 .text.VSS_SetMecAcceleration
                0x080096f8       0x90 build/virtual_speed_sensor.o
                0x080096f8                VSS_SetMecAcceleration
 .text.VSS_SetStartTransition
                0x08009788       0x1c build/virtual_speed_sensor.o
                0x08009788                VSS_SetStartTransition
 .text.VSS_TransitionEnded
                0x080097a4        0x8 build/virtual_speed_sensor.o
                0x080097a4                VSS_TransitionEnded
 .text.R3_1_GetPhaseCurrents
                0x080097ac      0x180 build/r3_1_l4xx_pwm_curr_fdbk.o
                0x080097ac                R3_1_GetPhaseCurrents
 .text.R3_1_HFCurrentsCalibrationAB
                0x0800992c       0x48 build/r3_1_l4xx_pwm_curr_fdbk.o
                0x0800992c                R3_1_HFCurrentsCalibrationAB
 .text.R3_1_HFCurrentsCalibrationC
                0x08009974       0x40 build/r3_1_l4xx_pwm_curr_fdbk.o
                0x08009974                R3_1_HFCurrentsCalibrationC
 .text.R3_1_SwitchOnPWM
                0x080099b4       0x90 build/r3_1_l4xx_pwm_curr_fdbk.o
                0x080099b4                R3_1_SwitchOnPWM
 .text.R3_1_SwitchOffPWM
                0x08009a44       0x70 build/r3_1_l4xx_pwm_curr_fdbk.o
                0x08009a44                R3_1_SwitchOffPWM
 .text.R3_1_RLGetPhaseCurrents
                0x08009ab4       0x50 build/r3_1_l4xx_pwm_curr_fdbk.o
 .text.R3_1_RLSwitchOnPWM
                0x08009b04       0xb4 build/r3_1_l4xx_pwm_curr_fdbk.o
 .text.R3_1_TurnOnLowSides
                0x08009bb8       0x58 build/r3_1_l4xx_pwm_curr_fdbk.o
                0x08009bb8                R3_1_TurnOnLowSides
 .text.R3_1_RLTurnOnLowSides
                0x08009c10       0x50 build/r3_1_l4xx_pwm_curr_fdbk.o
 .text.R3_1_Init
                0x08009c60       0xd8 build/r3_1_l4xx_pwm_curr_fdbk.o
                0x08009c60                R3_1_Init
 .text.R3_1_SetOffsetCalib
                0x08009d38       0x1c build/r3_1_l4xx_pwm_curr_fdbk.o
                0x08009d38                R3_1_SetOffsetCalib
 .text.R3_1_GetOffsetCalib
                0x08009d54       0x10 build/r3_1_l4xx_pwm_curr_fdbk.o
                0x08009d54                R3_1_GetOffsetCalib
 .text.R3_1_CurrentReadingCalibration
                0x08009d64      0x124 build/r3_1_l4xx_pwm_curr_fdbk.o
                0x08009d64                R3_1_CurrentReadingCalibration
 .text.R3_1_WriteTIMRegisters
                0x08009e88       0x48 build/r3_1_l4xx_pwm_curr_fdbk.o
                0x08009e88                R3_1_WriteTIMRegisters
 .text.R3_1_SetADCSampPointCalibration
                0x08009ed0       0x20 build/r3_1_l4xx_pwm_curr_fdbk.o
                0x08009ed0                R3_1_SetADCSampPointCalibration
 .text.R3_1_SetADCSampPointSectX
                0x08009ef0       0x68 build/r3_1_l4xx_pwm_curr_fdbk.o
                0x08009ef0                R3_1_SetADCSampPointSectX
 .text.R3_1_TIMx_UP_IRQHandler
                0x08009f58       0x48 build/r3_1_l4xx_pwm_curr_fdbk.o
                0x08009f58                R3_1_TIMx_UP_IRQHandler
 .text.R3_1_RLDetectionModeEnable
                0x08009fa0       0xd0 build/r3_1_l4xx_pwm_curr_fdbk.o
                0x08009fa0                R3_1_RLDetectionModeEnable
 .text.R3_1_RLDetectionModeDisable
                0x0800a070      0x140 build/r3_1_l4xx_pwm_curr_fdbk.o
                0x0800a070                R3_1_RLDetectionModeDisable
 .text.R3_1_RLDetectionModeSetDuty
                0x0800a1b0       0x40 build/r3_1_l4xx_pwm_curr_fdbk.o
                0x0800a1b0                R3_1_RLDetectionModeSetDuty
 .text.R3_1_RLTurnOnLowSidesAndStart
                0x0800a1f0       0x78 build/r3_1_l4xx_pwm_curr_fdbk.o
                0x0800a1f0                R3_1_RLTurnOnLowSidesAndStart
 .text.MCPA_dataLog
                0x0800a268      0x188 build/mcpa.o
                0x0800a268                MCPA_dataLog
 .text.MCPA_flushDataLog
                0x0800a3f0       0x5c build/mcpa.o
                0x0800a3f0                MCPA_flushDataLog
 .text.MCPA_cfgLog
                0x0800a44c       0xec build/mcpa.o
                0x0800a44c                MCPA_cfgLog
 .text.Reset_Handler
                0x0800a538       0x50 build/startup_stm32l476xx.o
                0x0800a538                Reset_Handler
 .text.Default_Handler
                0x0800a588        0x2 build/startup_stm32l476xx.o
                0x0800a588                RTC_Alarm_IRQHandler
                0x0800a588                EXTI2_IRQHandler
                0x0800a588                TIM8_TRG_COM_IRQHandler
                0x0800a588                TIM8_CC_IRQHandler
                0x0800a588                DebugMon_Handler
                0x0800a588                TIM1_CC_IRQHandler
                0x0800a588                TSC_IRQHandler
                0x0800a588                TAMP_STAMP_IRQHandler
                0x0800a588                NMI_Handler
                0x0800a588                EXTI3_IRQHandler
                0x0800a588                LPTIM2_IRQHandler
                0x0800a588                DFSDM1_FLT1_IRQHandler
                0x0800a588                I2C3_ER_IRQHandler
                0x0800a588                DFSDM1_FLT2_IRQHandler
                0x0800a588                EXTI0_IRQHandler
                0x0800a588                I2C2_EV_IRQHandler
                0x0800a588                CAN1_RX0_IRQHandler
                0x0800a588                FPU_IRQHandler
                0x0800a588                UsageFault_Handler
                0x0800a588                SPI1_IRQHandler
                0x0800a588                TIM8_UP_IRQHandler
                0x0800a588                DMA2_Channel2_IRQHandler
                0x0800a588                DMA1_Channel4_IRQHandler
                0x0800a588                SAI2_IRQHandler
                0x0800a588                DFSDM1_FLT3_IRQHandler
                0x0800a588                USART3_IRQHandler
                0x0800a588                DMA1_Channel7_IRQHandler
                0x0800a588                CAN1_RX1_IRQHandler
                0x0800a588                LCD_IRQHandler
                0x0800a588                UART5_IRQHandler
                0x0800a588                ADC3_IRQHandler
                0x0800a588                TIM4_IRQHandler
                0x0800a588                DMA2_Channel1_IRQHandler
                0x0800a588                QUADSPI_IRQHandler
                0x0800a588                I2C1_EV_IRQHandler
                0x0800a588                UART4_IRQHandler
                0x0800a588                DMA2_Channel4_IRQHandler
                0x0800a588                TIM3_IRQHandler
                0x0800a588                RCC_IRQHandler
                0x0800a588                DMA1_Channel1_IRQHandler
                0x0800a588                Default_Handler
                0x0800a588                DMA2_Channel7_IRQHandler
                0x0800a588                TIM7_IRQHandler
                0x0800a588                SDMMC1_IRQHandler
                0x0800a588                TIM5_IRQHandler
                0x0800a588                I2C3_EV_IRQHandler
                0x0800a588                EXTI9_5_IRQHandler
                0x0800a588                RTC_WKUP_IRQHandler
                0x0800a588                PVD_PVM_IRQHandler
                0x0800a588                SPI2_IRQHandler
                0x0800a588                MemManage_Handler
                0x0800a588                CAN1_TX_IRQHandler
                0x0800a588                DMA2_Channel5_IRQHandler
                0x0800a588                DMA1_Channel5_IRQHandler
                0x0800a588                EXTI4_IRQHandler
                0x0800a588                RNG_IRQHandler
                0x0800a588                TIM1_TRG_COM_TIM17_IRQHandler
                0x0800a588                DMA1_Channel3_IRQHandler
                0x0800a588                COMP_IRQHandler
                0x0800a588                WWDG_IRQHandler
                0x0800a588                LPUART1_IRQHandler
                0x0800a588                DMA2_Channel6_IRQHandler
                0x0800a588                TIM2_IRQHandler
                0x0800a588                EXTI1_IRQHandler
                0x0800a588                DFSDM1_FLT0_IRQHandler
                0x0800a588                I2C2_ER_IRQHandler
                0x0800a588                DMA1_Channel2_IRQHandler
                0x0800a588                TIM8_BRK_IRQHandler
                0x0800a588                CAN1_SCE_IRQHandler
                0x0800a588                FLASH_IRQHandler
                0x0800a588                BusFault_Handler
                0x0800a588                USART1_IRQHandler
                0x0800a588                OTG_FS_IRQHandler
                0x0800a588                SPI3_IRQHandler
                0x0800a588                I2C1_ER_IRQHandler
                0x0800a588                FMC_IRQHandler
                0x0800a588                SWPMI1_IRQHandler
                0x0800a588                LPTIM1_IRQHandler
                0x0800a588                SAI1_IRQHandler
                0x0800a588                DMA2_Channel3_IRQHandler
 *fill*         0x0800a58a        0x2 
 .text.__libc_init_array
                0x0800a58c       0x48 c:/programdata/chocolatey/lib/gcc-arm-embedded/tools/gcc-arm-none-eabi-10.3-2021.10/bin/../lib/gcc/arm-none-eabi/10.3.1/../../../../arm-none-eabi/lib/thumb/v7e-m+fp/hard\libc_nano.a(lib_a-init.o)
                0x0800a58c                __libc_init_array
 .text.memcpy   0x0800a5d4       0x1c c:/programdata/chocolatey/lib/gcc-arm-embedded/tools/gcc-arm-none-eabi-10.3-2021.10/bin/../lib/gcc/arm-none-eabi/10.3.1/../../../../arm-none-eabi/lib/thumb/v7e-m+fp/hard\libc_nano.a(lib_a-memcpy-stub.o)
                0x0800a5d4                memcpy
 .text.memset   0x0800a5f0       0x10 c:/programdata/chocolatey/lib/gcc-arm-embedded/tools/gcc-arm-none-eabi-10.3-2021.10/bin/../lib/gcc/arm-none-eabi/10.3.1/../../../../arm-none-eabi/lib/thumb/v7e-m+fp/hard\libc_nano.a(lib_a-memset.o)
                0x0800a5f0                memset
 *(.glue_7)
 .glue_7        0x0800a600        0x0 linker stubs
 *(.glue_7t)
 .glue_7t       0x0800a600        0x0 linker stubs
 *(.eh_frame)
 .eh_frame      0x0800a600        0x0 c:/programdata/chocolatey/lib/gcc-arm-embedded/tools/gcc-arm-none-eabi-10.3-2021.10/bin/../lib/gcc/arm-none-eabi/10.3.1/thumb/v7e-m+fp/hard/crtbegin.o
 *(.init)
 .init          0x0800a600        0x4 c:/programdata/chocolatey/lib/gcc-arm-embedded/tools/gcc-arm-none-eabi-10.3-2021.10/bin/../lib/gcc/arm-none-eabi/10.3.1/thumb/v7e-m+fp/hard/crti.o
                0x0800a600                _init
 .init          0x0800a604        0x8 c:/programdata/chocolatey/lib/gcc-arm-embedded/tools/gcc-arm-none-eabi-10.3-2021.10/bin/../lib/gcc/arm-none-eabi/10.3.1/thumb/v7e-m+fp/hard/crtn.o
 *(.fini)
 .fini          0x0800a60c        0x4 c:/programdata/chocolatey/lib/gcc-arm-embedded/tools/gcc-arm-none-eabi-10.3-2021.10/bin/../lib/gcc/arm-none-eabi/10.3.1/thumb/v7e-m+fp/hard/crti.o
                0x0800a60c                _fini
 .fini          0x0800a610        0x8 c:/programdata/chocolatey/lib/gcc-arm-embedded/tools/gcc-arm-none-eabi-10.3-2021.10/bin/../lib/gcc/arm-none-eabi/10.3.1/thumb/v7e-m+fp/hard/crtn.o
                0x0800a618                . = ALIGN (0x8)
                0x0800a618                _etext = .

.vfp11_veneer   0x0800a618        0x0
 .vfp11_veneer  0x0800a618        0x0 linker stubs

.v4_bx          0x0800a618        0x0
 .v4_bx         0x0800a618        0x0 linker stubs

.iplt           0x0800a618        0x0
 .iplt          0x0800a618        0x0 c:/programdata/chocolatey/lib/gcc-arm-embedded/tools/gcc-arm-none-eabi-10.3-2021.10/bin/../lib/gcc/arm-none-eabi/10.3.1/thumb/v7e-m+fp/hard/crtbegin.o

.rodata         0x0800a618      0x538
                0x0800a618                . = ALIGN (0x8)
 *(.rodata)
 .rodata        0x0800a618       0x38 build/main.o
 *(.rodata*)
 .rodata.str1.4
                0x0800a650       0x17 build/main.o
 *fill*         0x0800a667        0x1 
 .rodata.hSin_Cos_Table
                0x0800a668      0x200 build/mc_math.o
                0x0800a668                hSin_Cos_Table
 .rodata.R3_1_ParamsM1
                0x0800a868       0x30 build/mc_parameters.o
                0x0800a868                R3_1_ParamsM1
 .rodata.CSWTCH.37
                0x0800a898       0x11 build/register_interface.o
 *fill*         0x0800a8a9        0x3 
 .rodata.CHANNEL_OFFSET_TAB
                0x0800a8ac        0x7 build/usart_aspep_driver.o
 *fill*         0x0800a8b3        0x1 
 .rodata.CTL_BOARD
                0x0800a8b4        0xe build/mc_configuration_registers.o
                0x0800a8b4                CTL_BOARD
 *fill*         0x0800a8c2        0x2 
 .rodata.FIRMWARE_NAME
                0x0800a8c4       0x14 build/mc_configuration_registers.o
                0x0800a8c4                FIRMWARE_NAME
 .rodata.M1_ApplicationConfig_reg
                0x0800a8d8       0x10 build/mc_configuration_registers.o
 .rodata.M1_FOCConfig_reg
                0x0800a8e8        0xe build/mc_configuration_registers.o
 *fill*         0x0800a8f6        0x2 
 .rodata.M1_MotorConfig_reg
                0x0800a8f8       0x3c build/mc_configuration_registers.o
 .rodata.M1_PWR_BOARD
                0x0800a934       0x11 build/mc_configuration_registers.o
 *fill*         0x0800a945        0x3 
 .rodata.globalConfig_reg
                0x0800a948        0xa build/mc_configuration_registers.o
                0x0800a948                globalConfig_reg
 *fill*         0x0800a952        0x2 
 .rodata.CRC4_Lookup4
                0x0800a954       0x10 build/aspep.o
 .rodata.CRC4_Lookup8
                0x0800a964      0x100 build/aspep.o
 .rodata.CSWTCH.107
                0x0800aa64       0x10 build/stm32l4xx_hal_adc.o
 .rodata.CSWTCH.109
                0x0800aa74       0x20 build/stm32l4xx_hal_tim_ex.o
 .rodata.CSWTCH.110
                0x0800aa94       0x20 build/stm32l4xx_hal_tim_ex.o
 .rodata.CSWTCH.111
                0x0800aab4       0x20 build/stm32l4xx_hal_tim_ex.o
 .rodata.CSWTCH.112
                0x0800aad4       0x20 build/stm32l4xx_hal_tim_ex.o
 .rodata.CSWTCH.53
                0x0800aaf4        0x3 build/stm32l4xx_hal_uart.o
 *fill*         0x0800aaf7        0x1 
 .rodata.CSWTCH.54
                0x0800aaf8        0xd build/stm32l4xx_hal_uart.o
 *fill*         0x0800ab05        0x3 
 .rodata.AHBPrescTable
                0x0800ab08       0x10 build/system_stm32l4xx.o
                0x0800ab08                AHBPrescTable
 .rodata.APBPrescTable
                0x0800ab18        0x8 build/system_stm32l4xx.o
                0x0800ab18                APBPrescTable
 .rodata.MSIRangeTable
                0x0800ab20       0x30 build/system_stm32l4xx.o
                0x0800ab20                MSIRangeTable
                0x0800ab50                . = ALIGN (0x8)

.ARM.extab      0x0800ab50        0x0
                0x0800ab50                . = ALIGN (0x8)
 *(.ARM.extab* .gnu.linkonce.armextab.*)
                0x0800ab50                . = ALIGN (0x8)

.ARM            0x0800ab50        0x8
                0x0800ab50                . = ALIGN (0x8)
                0x0800ab50                __exidx_start = .
 *(.ARM.exidx*)
 .ARM.exidx     0x0800ab50        0x8 c:/programdata/chocolatey/lib/gcc-arm-embedded/tools/gcc-arm-none-eabi-10.3-2021.10/bin/../lib/gcc/arm-none-eabi/10.3.1/thumb/v7e-m+fp/hard\libgcc.a(_udivmoddi4.o)
                0x0800ab58                __exidx_end = .
                0x0800ab58                . = ALIGN (0x8)

.rel.dyn        0x0800ab58        0x0
 .rel.iplt      0x0800ab58        0x0 c:/programdata/chocolatey/lib/gcc-arm-embedded/tools/gcc-arm-none-eabi-10.3-2021.10/bin/../lib/gcc/arm-none-eabi/10.3.1/thumb/v7e-m+fp/hard/crtbegin.o

.preinit_array  0x0800ab58        0x0
                0x0800ab58                . = ALIGN (0x8)
                0x0800ab58                PROVIDE (__preinit_array_start = .)
 *(.preinit_array*)
                0x0800ab58                PROVIDE (__preinit_array_end = .)
                0x0800ab58                . = ALIGN (0x8)

.init_array     0x0800ab58        0x8
                0x0800ab58                . = ALIGN (0x8)
                0x0800ab58                PROVIDE (__init_array_start = .)
 *(SORT_BY_NAME(.init_array.*))
 *(.init_array*)
 .init_array    0x0800ab58        0x4 c:/programdata/chocolatey/lib/gcc-arm-embedded/tools/gcc-arm-none-eabi-10.3-2021.10/bin/../lib/gcc/arm-none-eabi/10.3.1/thumb/v7e-m+fp/hard/crtbegin.o
                0x0800ab5c                PROVIDE (__init_array_end = .)
                0x0800ab60                . = ALIGN (0x8)
 *fill*         0x0800ab5c        0x4 

.fini_array     0x0800ab60        0x8
                0x0800ab60                . = ALIGN (0x8)
                [!provide]                PROVIDE (__fini_array_start = .)
 *(SORT_BY_NAME(.fini_array.*))
 *(.fini_array*)
 .fini_array    0x0800ab60        0x4 c:/programdata/chocolatey/lib/gcc-arm-embedded/tools/gcc-arm-none-eabi-10.3-2021.10/bin/../lib/gcc/arm-none-eabi/10.3.1/thumb/v7e-m+fp/hard/crtbegin.o
                [!provide]                PROVIDE (__fini_array_end = .)
                0x0800ab68                . = ALIGN (0x8)
 *fill*         0x0800ab64        0x4 
                0x0800ab68                _sidata = LOADADDR (.data)

.data           0x20000000      0x4e0 load address 0x0800ab68
                0x20000000                . = ALIGN (0x8)
                0x20000000                _sdata = .
 *(.data)
 *(.data*)
 .data.BusVoltageSensor_M1
                0x20000000       0x1c build/mc_config.o
                0x20000000                BusVoltageSensor_M1
 .data.CircleLimitationM1
                0x2000001c        0x4 build/mc_config.o
                0x2000001c                CircleLimitationM1
 .data.OpenLoop_ParamsM1
                0x20000020       0x10 build/mc_config.o
                0x20000020                OpenLoop_ParamsM1
 .data.PIDIdHandle_M1
                0x20000030       0x2c build/mc_config.o
                0x20000030                PIDIdHandle_M1
 .data.PIDIqHandle_M1
                0x2000005c       0x2c build/mc_config.o
                0x2000005c                PIDIqHandle_M1
 .data.PIDSpeedHandle_M1
                0x20000088       0x2c build/mc_config.o
                0x20000088                PIDSpeedHandle_M1
 .data.PQD_MotorPowMeasM1
                0x200000b4       0x10 build/mc_config.o
                0x200000b4                PQD_MotorPowMeasM1
 .data.PWM_Handle_M1
                0x200000c4       0xa4 build/mc_config.o
                0x200000c4                PWM_Handle_M1
 .data.RampExtMngrHFParamsM1
                0x20000168       0x18 build/mc_config.o
                0x20000168                RampExtMngrHFParamsM1
 .data.RevUpControlM1
                0x20000180       0x78 build/mc_config.o
                0x20000180                RevUpControlM1
 .data.STO_M1   0x200001f8       0x14 build/mc_config.o
                0x200001f8                STO_M1
 .data.STO_PLL_M1
                0x2000020c      0x128 build/mc_config.o
                0x2000020c                STO_PLL_M1
 .data.SpeednTorqCtrlM1
                0x20000334       0x34 build/mc_config.o
                0x20000334                SpeednTorqCtrlM1
 .data.TempRegConv_M1
                0x20000368       0x10 build/mc_config.o
                0x20000368                TempRegConv_M1
 .data.TempSensor_M1
                0x20000378       0x1c build/mc_config.o
                0x20000378                TempSensor_M1
 .data.VbusRegConv_M1
                0x20000394       0x10 build/mc_config.o
                0x20000394                VbusRegConv_M1
 .data.VirtualSpeedSensorM1
                0x200003a4       0x38 build/mc_config.o
                0x200003a4                VirtualSpeedSensorM1
 .data.pMPM     0x200003dc        0x4 build/mc_config.o
                0x200003dc                pMPM
 .data.pPIDId   0x200003e0        0x4 build/mc_config.o
                0x200003e0                pPIDId
 .data.pPIDIq   0x200003e4        0x4 build/mc_config.o
                0x200003e4                pPIDIq
 .data.pSTC     0x200003e8        0x4 build/mc_config.o
                0x200003e8                pSTC
 .data.MCPA_UART_A
                0x200003ec       0x2c build/mcp_config.o
                0x200003ec                MCPA_UART_A
 .data.MCP_Over_UartA
                0x20000418       0x10 build/mcp_config.o
                0x20000418                MCP_Over_UartA
 .data.UASPEP_A
                0x20000428       0x14 build/mcp_config.o
 .data.aspepOverUartA
                0x2000043c       0x74 build/mcp_config.o
                0x2000043c                aspepOverUartA
 .data.scaleParams_M1
                0x200004b0       0x10 build/mc_parameters.o
                0x200004b0                scaleParams_M1
 .data.ApplicationConfig_reg
                0x200004c0        0x4 build/mc_configuration_registers.o
                0x200004c0                ApplicationConfig_reg
 .data.FOCConfig_reg
                0x200004c4        0x4 build/mc_configuration_registers.o
                0x200004c4                FOCConfig_reg
 .data.MotorConfig_reg
                0x200004c8        0x4 build/mc_configuration_registers.o
                0x200004c8                MotorConfig_reg
 .data.PWR_BOARD_NAME
                0x200004cc        0x4 build/mc_configuration_registers.o
                0x200004cc                PWR_BOARD_NAME
 .data.uwTickFreq
                0x200004d0        0x1 build/stm32l4xx_hal.o
                0x200004d0                uwTickFreq
 *fill*         0x200004d1        0x3 
 .data.uwTickPrio
                0x200004d4        0x4 build/stm32l4xx_hal.o
                0x200004d4                uwTickPrio
 .data.SystemCoreClock
                0x200004d8        0x4 build/system_stm32l4xx.o
                0x200004d8                SystemCoreClock
 .data.uxCriticalNesting
                0x200004dc        0x4 build/port.o
                0x200004e0                . = ALIGN (0x8)
                0x200004e0                _edata = .

.igot.plt       0x200004e0        0x0 load address 0x0800b048
 .igot.plt      0x200004e0        0x0 c:/programdata/chocolatey/lib/gcc-arm-embedded/tools/gcc-arm-none-eabi-10.3-2021.10/bin/../lib/gcc/arm-none-eabi/10.3.1/thumb/v7e-m+fp/hard/crtbegin.o
                0x200004e0                . = ALIGN (0x4)

.bss            0x200004e0     0x23e0 load address 0x0800b048
                0x200004e0                _sbss = .
                0x200004e0                __bss_start__ = _sbss
 *(.bss)
 .bss           0x200004e0       0x1c c:/programdata/chocolatey/lib/gcc-arm-embedded/tools/gcc-arm-none-eabi-10.3-2021.10/bin/../lib/gcc/arm-none-eabi/10.3.1/thumb/v7e-m+fp/hard/crtbegin.o
 *(.bss*)
 *fill*         0x200004fc        0x4 
 .bss.hadc1     0x20000500       0x64 build/main.o
                0x20000500                hadc1
 .bss.hdma_usart2_rx
                0x20000564       0x48 build/main.o
                0x20000564                hdma_usart2_rx
 .bss.hdma_usart2_tx
                0x200005ac       0x48 build/main.o
                0x200005ac                hdma_usart2_tx
 .bss.htim1     0x200005f4       0x4c build/main.o
                0x200005f4                htim1
 .bss.huart2    0x20000640       0x88 build/main.o
                0x20000640                huart2
 .bss.mediumFrequencyHandle
                0x200006c8        0x4 build/main.o
                0x200006c8                mediumFrequencyHandle
 .bss.safetyHandle
                0x200006cc        0x4 build/main.o
                0x200006cc                safetyHandle
 .bss.xIdleStack
                0x200006d0      0x200 build/freertos.o
 .bss.xIdleTaskTCBBuffer
                0x200008d0       0x54 build/freertos.o
 .bss.pMCI      0x20000924        0x4 build/motorcontrol.o
                0x20000924                pMCI
 .bss.Mci       0x20000928       0x2c build/mc_config.o
                0x20000928                Mci
 .bss.RealBusVoltageSensorFilterBufferM1
                0x20000954        0xc build/mc_config.o
 .bss.MCPAsyncBuffUARTA_A
                0x20000960      0x806 build/mcp_config.o
 *fill*         0x20001166        0x2 
 .bss.MCPAsyncBuffUARTA_B
                0x20001168      0x806 build/mcp_config.o
 *fill*         0x2000196e        0x2 
 .bss.MCPSyncRXBuff
                0x20001970       0x82 build/mcp_config.o
 *fill*         0x200019f2        0x2 
 .bss.MCPSyncTxBuff
                0x200019f4       0x86 build/mcp_config.o
 *fill*         0x20001a7a        0x2 
 .bss.MCP_UserCallBack
                0x20001a7c        0x8 build/mcp_config.o
                0x20001a7c                MCP_UserCallBack
 .bss.dataPtrTableA
                0x20001a84       0x28 build/mcp_config.o
 .bss.dataPtrTableBuffA
                0x20001aac       0x28 build/mcp_config.o
 .bss.dataSizeTableA
                0x20001ad4        0xa build/mcp_config.o
 *fill*         0x20001ade        0x2 
 .bss.dataSizeTableBuffA
                0x20001ae0        0xa build/mcp_config.o
 *fill*         0x20001aea        0x2 
 .bss.FOCVars   0x20001aec       0x26 build/mc_tasks.o
 .bss.bMCBootCompleted
                0x20001b12        0x1 build/mc_tasks.o
 *fill*         0x20001b13        0x1 
 .bss.hBootCapDelayCounterM1
                0x20001b14        0x2 build/mc_tasks.o
 .bss.hMFTaskCounterM1
                0x20001b16        0x2 build/mc_tasks.o
 .bss.hStopPermanencyCounterM1
                0x20001b18        0x2 build/mc_tasks.o
 *fill*         0x20001b1a        0x2 
 .bss.pOpenLoop
                0x20001b1c        0x4 build/mc_tasks.o
                0x20001b1c                pOpenLoop
 .bss.pREMNG    0x20001b20        0x4 build/mc_tasks.o
 .bss.pwmcHandle
                0x20001b24        0x4 build/mc_tasks.o
 .bss.RCM_CB_array
                0x20001b28       0x20 build/regular_conversion_manager.o
 .bss.RCM_UserConvHandle
                0x20001b48        0x4 build/regular_conversion_manager.o
 .bss.RCM_UserConvState
                0x20001b4c        0x1 build/regular_conversion_manager.o
 *fill*         0x20001b4d        0x1 
 .bss.RCM_UserConvValue
                0x20001b4e        0x2 build/regular_conversion_manager.o
 .bss.RCM_handle_array
                0x20001b50       0x10 build/regular_conversion_manager.o
 .bss.nullData16.0
                0x20001b60        0x2 build/register_interface.o
 *fill*         0x20001b62        0x2 
 .bss.htim6     0x20001b64       0x4c build/stm32l4xx_hal_timebase_tim.o
                0x20001b64                htim6
 .bss.uwTick    0x20001bb0        0x4 build/stm32l4xx_hal.o
                0x20001bb0                uwTick
 .bss.pxCurrentTCB
                0x20001bb4        0x4 build/tasks.o
                0x20001bb4                pxCurrentTCB
 .bss.pxDelayedTaskList
                0x20001bb8        0x4 build/tasks.o
 .bss.pxOverflowDelayedTaskList
                0x20001bbc        0x4 build/tasks.o
 .bss.pxReadyTasksLists
                0x20001bc0       0x8c build/tasks.o
 .bss.uxCurrentNumberOfTasks
                0x20001c4c        0x4 build/tasks.o
 .bss.uxDeletedTasksWaitingCleanUp
                0x20001c50        0x4 build/tasks.o
 .bss.uxSchedulerSuspended
                0x20001c54        0x4 build/tasks.o
 .bss.uxTaskNumber
                0x20001c58        0x4 build/tasks.o
 .bss.uxTopReadyPriority
                0x20001c5c        0x4 build/tasks.o
 .bss.xDelayedTaskList1
                0x20001c60       0x14 build/tasks.o
 .bss.xDelayedTaskList2
                0x20001c74       0x14 build/tasks.o
 .bss.xNextTaskUnblockTime
                0x20001c88        0x4 build/tasks.o
 .bss.xNumOfOverflows
                0x20001c8c        0x4 build/tasks.o
 .bss.xPendedTicks
                0x20001c90        0x4 build/tasks.o
 .bss.xPendingReadyList
                0x20001c94       0x14 build/tasks.o
 .bss.xSchedulerRunning
                0x20001ca8        0x4 build/tasks.o
 .bss.xSuspendedTaskList
                0x20001cac       0x14 build/tasks.o
 .bss.xTasksWaitingTermination
                0x20001cc0       0x14 build/tasks.o
 .bss.xTickCount
                0x20001cd4        0x4 build/tasks.o
 .bss.xYieldPending
                0x20001cd8        0x4 build/tasks.o
 .bss.pxEnd     0x20001cdc        0x4 build/heap_4.o
 .bss.ucHeap    0x20001ce0      0xbb8 build/heap_4.o
 .bss.xBlockAllocatedBit
                0x20002898        0x4 build/heap_4.o
 .bss.xFreeBytesRemaining
                0x2000289c        0x4 build/heap_4.o
 .bss.xMinimumEverFreeBytesRemaining
                0x200028a0        0x4 build/heap_4.o
 .bss.xNumberOfSuccessfulAllocations
                0x200028a4        0x4 build/heap_4.o
 .bss.xNumberOfSuccessfulFrees
                0x200028a8        0x4 build/heap_4.o
 .bss.xStart    0x200028ac        0x8 build/heap_4.o
 .bss.ucMaxSysCallPriority
                0x200028b4        0x1 build/port.o
 *fill*         0x200028b5        0x3 
 .bss.ulMaxPRIGROUPValue
                0x200028b8        0x4 build/port.o
 .bss.GLOBAL_TIMESTAMP
                0x200028bc        0x4 build/mcpa.o
                0x200028bc                GLOBAL_TIMESTAMP
 *(COMMON)
                0x200028c0                . = ALIGN (0x4)
                0x200028c0                _ebss = .
                0x200028c0                __bss_end__ = _ebss

._user_heap_stack
                0x200028c0      0x600 load address 0x0800b048
                0x200028c0                . = ALIGN (0x8)
                [!provide]                PROVIDE (end = .)
                0x200028c0                PROVIDE (_end = .)
                0x20002ac0                . = (. + _Min_Heap_Size)
 *fill*         0x200028c0      0x200 
                0x20002ec0                . = (. + _Min_Stack_Size)
 *fill*         0x20002ac0      0x400 
                0x20002ec0                . = ALIGN (0x8)

/DISCARD/
 libc.a(*)
 libm.a(*)
 libgcc.a(*)

.ARM.attributes
                0x00000000       0x30
 *(.ARM.attributes)
 .ARM.attributes
                0x00000000       0x1e c:/programdata/chocolatey/lib/gcc-arm-embedded/tools/gcc-arm-none-eabi-10.3-2021.10/bin/../lib/gcc/arm-none-eabi/10.3.1/thumb/v7e-m+fp/hard/crti.o
 .ARM.attributes
                0x0000001e       0x34 c:/programdata/chocolatey/lib/gcc-arm-embedded/tools/gcc-arm-none-eabi-10.3-2021.10/bin/../lib/gcc/arm-none-eabi/10.3.1/thumb/v7e-m+fp/hard/crtbegin.o
 .ARM.attributes
                0x00000052       0x34 build/main.o
 .ARM.attributes
                0x00000086       0x34 build/freertos.o
 .ARM.attributes
                0x000000ba       0x34 build/motorcontrol.o
 .ARM.attributes
                0x000000ee       0x34 build/mc_api.o
 .ARM.attributes
                0x00000122       0x34 build/mc_config.o
 .ARM.attributes
                0x00000156       0x34 build/mcp_config.o
 .ARM.attributes
                0x0000018a       0x34 build/mc_tasks.o
 .ARM.attributes
                0x000001be       0x34 build/pwm_curr_fdbk.o
 .ARM.attributes
                0x000001f2       0x34 build/regular_conversion_manager.o
 .ARM.attributes
                0x00000226       0x34 build/mc_math.o
 .ARM.attributes
                0x0000025a       0x34 build/mc_interface.o
 .ARM.attributes
                0x0000028e       0x34 build/stm32l4xx_mc_it.o
 .ARM.attributes
                0x000002c2       0x34 build/mc_parameters.o
 .ARM.attributes
                0x000002f6       0x34 build/register_interface.o
 .ARM.attributes
                0x0000032a       0x34 build/mcp.o
 .ARM.attributes
                0x0000035e       0x34 build/usart_aspep_driver.o
 .ARM.attributes
                0x00000392       0x34 build/mc_configuration_registers.o
 .ARM.attributes
                0x000003c6       0x34 build/aspep.o
 .ARM.attributes
                0x000003fa       0x34 build/mc_app_hooks.o
 .ARM.attributes
                0x0000042e       0x34 build/stm32l4xx_it.o
 .ARM.attributes
                0x00000462       0x34 build/stm32l4xx_hal_msp.o
 .ARM.attributes
                0x00000496       0x34 build/stm32l4xx_hal_timebase_tim.o
 .ARM.attributes
                0x000004ca       0x34 build/stm32l4xx_hal_adc.o
 .ARM.attributes
                0x000004fe       0x34 build/stm32l4xx_hal_adc_ex.o
 .ARM.attributes
                0x00000532       0x34 build/stm32l4xx_hal.o
 .ARM.attributes
                0x00000566       0x34 build/stm32l4xx_hal_rcc.o
 .ARM.attributes
                0x0000059a       0x34 build/stm32l4xx_hal_rcc_ex.o
 .ARM.attributes
                0x000005ce       0x34 build/stm32l4xx_hal_gpio.o
 .ARM.attributes
                0x00000602       0x34 build/stm32l4xx_hal_dma.o
 .ARM.attributes
                0x00000636       0x34 build/stm32l4xx_hal_pwr_ex.o
 .ARM.attributes
                0x0000066a       0x34 build/stm32l4xx_hal_cortex.o
 .ARM.attributes
                0x0000069e       0x34 build/stm32l4xx_hal_tim.o
 .ARM.attributes
                0x000006d2       0x34 build/stm32l4xx_hal_tim_ex.o
 .ARM.attributes
                0x00000706       0x34 build/stm32l4xx_hal_uart.o
 .ARM.attributes
                0x0000073a       0x34 build/system_stm32l4xx.o
 .ARM.attributes
                0x0000076e       0x34 build/list.o
 .ARM.attributes
                0x000007a2       0x34 build/tasks.o
 .ARM.attributes
                0x000007d6       0x34 build/cmsis_os.o
 .ARM.attributes
                0x0000080a       0x34 build/heap_4.o
 .ARM.attributes
                0x0000083e       0x34 build/port.o
 .ARM.attributes
                0x00000872       0x34 build/bus_voltage_sensor.o
 .ARM.attributes
                0x000008a6       0x34 build/circle_limitation.o
 .ARM.attributes
                0x000008da       0x34 build/ntc_temperature_sensor.o
 .ARM.attributes
                0x0000090e       0x34 build/open_loop.o
 .ARM.attributes
                0x00000942       0x34 build/pid_regulator.o
 .ARM.attributes
                0x00000976       0x34 build/pqd_motor_power_measurement.o
 .ARM.attributes
                0x000009aa       0x34 build/pwm_common.o
 .ARM.attributes
                0x000009de       0x34 build/r_divider_bus_voltage_sensor.o
 .ARM.attributes
                0x00000a12       0x34 build/ramp_ext_mngr.o
 .ARM.attributes
                0x00000a46       0x34 build/revup_ctrl.o
 .ARM.attributes
                0x00000a7a       0x34 build/speed_pos_fdbk.o
 .ARM.attributes
                0x00000aae       0x34 build/speed_torq_ctrl.o
 .ARM.attributes
                0x00000ae2       0x34 build/sto_pll_speed_pos_fdbk.o
 .ARM.attributes
                0x00000b16       0x34 build/virtual_speed_sensor.o
 .ARM.attributes
                0x00000b4a       0x34 build/r3_1_l4xx_pwm_curr_fdbk.o
 .ARM.attributes
                0x00000b7e       0x34 build/mcpa.o
 .ARM.attributes
                0x00000bb2       0x21 build/startup_stm32l476xx.o
 .ARM.attributes
                0x00000bd3       0x34 c:/programdata/chocolatey/lib/gcc-arm-embedded/tools/gcc-arm-none-eabi-10.3-2021.10/bin/../lib/gcc/arm-none-eabi/10.3.1/../../../../arm-none-eabi/lib/thumb/v7e-m+fp/hard\libc_nano.a(lib_a-init.o)
 .ARM.attributes
                0x00000c07       0x34 c:/programdata/chocolatey/lib/gcc-arm-embedded/tools/gcc-arm-none-eabi-10.3-2021.10/bin/../lib/gcc/arm-none-eabi/10.3.1/../../../../arm-none-eabi/lib/thumb/v7e-m+fp/hard\libc_nano.a(lib_a-memcpy-stub.o)
 .ARM.attributes
                0x00000c3b       0x34 c:/programdata/chocolatey/lib/gcc-arm-embedded/tools/gcc-arm-none-eabi-10.3-2021.10/bin/../lib/gcc/arm-none-eabi/10.3.1/../../../../arm-none-eabi/lib/thumb/v7e-m+fp/hard\libc_nano.a(lib_a-memset.o)
 .ARM.attributes
                0x00000c6f       0x1e c:/programdata/chocolatey/lib/gcc-arm-embedded/tools/gcc-arm-none-eabi-10.3-2021.10/bin/../lib/gcc/arm-none-eabi/10.3.1/thumb/v7e-m+fp/hard\libgcc.a(_aeabi_uldivmod.o)
 .ARM.attributes
                0x00000c8d       0x34 c:/programdata/chocolatey/lib/gcc-arm-embedded/tools/gcc-arm-none-eabi-10.3-2021.10/bin/../lib/gcc/arm-none-eabi/10.3.1/thumb/v7e-m+fp/hard\libgcc.a(_udivmoddi4.o)
 .ARM.attributes
                0x00000cc1       0x1e c:/programdata/chocolatey/lib/gcc-arm-embedded/tools/gcc-arm-none-eabi-10.3-2021.10/bin/../lib/gcc/arm-none-eabi/10.3.1/thumb/v7e-m+fp/hard\libgcc.a(_dvmd_tls.o)
 .ARM.attributes
                0x00000cdf       0x1e c:/programdata/chocolatey/lib/gcc-arm-embedded/tools/gcc-arm-none-eabi-10.3-2021.10/bin/../lib/gcc/arm-none-eabi/10.3.1/thumb/v7e-m+fp/hard/crtn.o
OUTPUT(build/LenseDrive.elf elf32-littlearm)
LOAD linker stubs
LOAD c:/programdata/chocolatey/lib/gcc-arm-embedded/tools/gcc-arm-none-eabi-10.3-2021.10/bin/../lib/gcc/arm-none-eabi/10.3.1/../../../../arm-none-eabi/lib/thumb/v7e-m+fp/hard\libc.a
LOAD c:/programdata/chocolatey/lib/gcc-arm-embedded/tools/gcc-arm-none-eabi-10.3-2021.10/bin/../lib/gcc/arm-none-eabi/10.3.1/../../../../arm-none-eabi/lib/thumb/v7e-m+fp/hard\libm.a
LOAD c:/programdata/chocolatey/lib/gcc-arm-embedded/tools/gcc-arm-none-eabi-10.3-2021.10/bin/../lib/gcc/arm-none-eabi/10.3.1/thumb/v7e-m+fp/hard\libgcc.a

.debug_info     0x00000000    0x4c922
 .debug_info    0x00000000     0x2ce3 build/main.o
 .debug_info    0x00002ce3      0x36b build/freertos.o
 .debug_info    0x0000304e     0x1131 build/motorcontrol.o
 .debug_info    0x0000417f     0x1d02 build/mc_api.o
 .debug_info    0x00005e81     0x22b9 build/mc_config.o
 .debug_info    0x0000813a      0xb4d build/mcp_config.o
 .debug_info    0x00008c87     0x3fd2 build/mc_tasks.o
 .debug_info    0x0000cc59     0x168b build/pwm_curr_fdbk.o
 .debug_info    0x0000e2e4      0xb3a build/regular_conversion_manager.o
 .debug_info    0x0000ee1e      0x639 build/mc_math.o
 .debug_info    0x0000f457     0x23f1 build/mc_interface.o
 .debug_info    0x00011848     0x2232 build/stm32l4xx_mc_it.o
 .debug_info    0x00013a7a      0x6ec build/mc_parameters.o
 .debug_info    0x00014166     0x3450 build/register_interface.o
 .debug_info    0x000175b6     0x177d build/mcp.o
 .debug_info    0x00018d33     0x13de build/usart_aspep_driver.o
 .debug_info    0x0001a111      0x5ac build/mc_configuration_registers.o
 .debug_info    0x0001a6bd     0x130f build/aspep.o
 .debug_info    0x0001b9cc      0x16d build/mc_app_hooks.o
 .debug_info    0x0001bb39      0x822 build/stm32l4xx_it.o
 .debug_info    0x0001c35b     0x1f1c build/stm32l4xx_hal_msp.o
 .debug_info    0x0001e277      0xe2c build/stm32l4xx_hal_timebase_tim.o
 .debug_info    0x0001f0a3     0x34fd build/stm32l4xx_hal_adc.o
 .debug_info    0x000225a0     0x2d7b build/stm32l4xx_hal_adc_ex.o
 .debug_info    0x0002531b      0xe7e build/stm32l4xx_hal.o
 .debug_info    0x00026199     0x1094 build/stm32l4xx_hal_rcc.o
 .debug_info    0x0002722d     0x12ec build/stm32l4xx_hal_rcc_ex.o
 .debug_info    0x00028519      0x921 build/stm32l4xx_hal_gpio.o
 .debug_info    0x00028e3a      0x904 build/stm32l4xx_hal_dma.o
 .debug_info    0x0002973e      0xc2f build/stm32l4xx_hal_pwr_ex.o
 .debug_info    0x0002a36d     0x1178 build/stm32l4xx_hal_cortex.o
 .debug_info    0x0002b4e5     0x539a build/stm32l4xx_hal_tim.o
 .debug_info    0x0003087f     0x1fbf build/stm32l4xx_hal_tim_ex.o
 .debug_info    0x0003283e     0x70ae build/stm32l4xx_hal_uart.o
 .debug_info    0x000398ec      0x671 build/system_stm32l4xx.o
 .debug_info    0x00039f5d      0x311 build/list.o
 .debug_info    0x0003a26e     0x32d3 build/tasks.o
 .debug_info    0x0003d541     0x2ac9 build/cmsis_os.o
 .debug_info    0x0004000a      0x677 build/heap_4.o
 .debug_info    0x00040681      0x665 build/port.o
 .debug_info    0x00040ce6      0x2e6 build/bus_voltage_sensor.o
 .debug_info    0x00040fcc      0x32e build/circle_limitation.o
 .debug_info    0x000412fa      0x4bd build/ntc_temperature_sensor.o
 .debug_info    0x000417b7      0x59d build/open_loop.o
 .debug_info    0x00041d54      0x9f3 build/pid_regulator.o
 .debug_info    0x00042747      0x515 build/pqd_motor_power_measurement.o
 .debug_info    0x00042c5c      0x92c build/pwm_common.o
 .debug_info    0x00043588      0x43a build/r_divider_bus_voltage_sensor.o
 .debug_info    0x000439c2      0x4e9 build/ramp_ext_mngr.o
 .debug_info    0x00043eab     0x1816 build/revup_ctrl.o
 .debug_info    0x000456c1      0x5ac build/speed_pos_fdbk.o
 .debug_info    0x00045c6d      0xb0b build/speed_torq_ctrl.o
 .debug_info    0x00046778     0x16d1 build/sto_pll_speed_pos_fdbk.o
 .debug_info    0x00047e49      0x7e8 build/virtual_speed_sensor.o
 .debug_info    0x00048631     0x3be6 build/r3_1_l4xx_pwm_curr_fdbk.o
 .debug_info    0x0004c217      0x6e9 build/mcpa.o
 .debug_info    0x0004c900       0x22 build/startup_stm32l476xx.o

.debug_abbrev   0x00000000     0x8dc2
 .debug_abbrev  0x00000000      0x390 build/main.o
 .debug_abbrev  0x00000390       0xe4 build/freertos.o
 .debug_abbrev  0x00000474      0x1e2 build/motorcontrol.o
 .debug_abbrev  0x00000656      0x29c build/mc_api.o
 .debug_abbrev  0x000008f2      0x1af build/mc_config.o
 .debug_abbrev  0x00000aa1      0x16e build/mcp_config.o
 .debug_abbrev  0x00000c0f      0x454 build/mc_tasks.o
 .debug_abbrev  0x00001063      0x3c2 build/pwm_curr_fdbk.o
 .debug_abbrev  0x00001425      0x2c6 build/regular_conversion_manager.o
 .debug_abbrev  0x000016eb      0x1ac build/mc_math.o
 .debug_abbrev  0x00001897      0x369 build/mc_interface.o
 .debug_abbrev  0x00001c00      0x316 build/stm32l4xx_mc_it.o
 .debug_abbrev  0x00001f16       0xf3 build/mc_parameters.o
 .debug_abbrev  0x00002009      0x3ef build/register_interface.o
 .debug_abbrev  0x000023f8      0x293 build/mcp.o
 .debug_abbrev  0x0000268b      0x2e5 build/usart_aspep_driver.o
 .debug_abbrev  0x00002970       0xe2 build/mc_configuration_registers.o
 .debug_abbrev  0x00002a52      0x394 build/aspep.o
 .debug_abbrev  0x00002de6       0x99 build/mc_app_hooks.o
 .debug_abbrev  0x00002e7f      0x17d build/stm32l4xx_it.o
 .debug_abbrev  0x00002ffc      0x266 build/stm32l4xx_hal_msp.o
 .debug_abbrev  0x00003262      0x200 build/stm32l4xx_hal_timebase_tim.o
 .debug_abbrev  0x00003462      0x38c build/stm32l4xx_hal_adc.o
 .debug_abbrev  0x000037ee      0x3de build/stm32l4xx_hal_adc_ex.o
 .debug_abbrev  0x00003bcc      0x2e3 build/stm32l4xx_hal.o
 .debug_abbrev  0x00003eaf      0x2c8 build/stm32l4xx_hal_rcc.o
 .debug_abbrev  0x00004177      0x2b3 build/stm32l4xx_hal_rcc_ex.o
 .debug_abbrev  0x0000442a      0x236 build/stm32l4xx_hal_gpio.o
 .debug_abbrev  0x00004660      0x256 build/stm32l4xx_hal_dma.o
 .debug_abbrev  0x000048b6      0x2dd build/stm32l4xx_hal_pwr_ex.o
 .debug_abbrev  0x00004b93      0x378 build/stm32l4xx_hal_cortex.o
 .debug_abbrev  0x00004f0b      0x392 build/stm32l4xx_hal_tim.o
 .debug_abbrev  0x0000529d      0x377 build/stm32l4xx_hal_tim_ex.o
 .debug_abbrev  0x00005614      0x489 build/stm32l4xx_hal_uart.o
 .debug_abbrev  0x00005a9d      0x11b build/system_stm32l4xx.o
 .debug_abbrev  0x00005bb8      0x124 build/list.o
 .debug_abbrev  0x00005cdc      0x4a4 build/tasks.o
 .debug_abbrev  0x00006180      0x4a4 build/cmsis_os.o
 .debug_abbrev  0x00006624      0x2b5 build/heap_4.o
 .debug_abbrev  0x000068d9      0x2a8 build/port.o
 .debug_abbrev  0x00006b81      0x10c build/bus_voltage_sensor.o
 .debug_abbrev  0x00006c8d      0x118 build/circle_limitation.o
 .debug_abbrev  0x00006da5      0x1ec build/ntc_temperature_sensor.o
 .debug_abbrev  0x00006f91      0x15e build/open_loop.o
 .debug_abbrev  0x000070ef      0x1e7 build/pid_regulator.o
 .debug_abbrev  0x000072d6      0x1d0 build/pqd_motor_power_measurement.o
 .debug_abbrev  0x000074a6      0x1f8 build/pwm_common.o
 .debug_abbrev  0x0000769e      0x180 build/r_divider_bus_voltage_sensor.o
 .debug_abbrev  0x0000781e      0x218 build/ramp_ext_mngr.o
 .debug_abbrev  0x00007a36      0x32b build/revup_ctrl.o
 .debug_abbrev  0x00007d61      0x1a1 build/speed_pos_fdbk.o
 .debug_abbrev  0x00007f02      0x23f build/speed_torq_ctrl.o
 .debug_abbrev  0x00008141      0x351 build/sto_pll_speed_pos_fdbk.o
 .debug_abbrev  0x00008492      0x239 build/virtual_speed_sensor.o
 .debug_abbrev  0x000086cb      0x479 build/r3_1_l4xx_pwm_curr_fdbk.o
 .debug_abbrev  0x00008b44      0x26c build/mcpa.o
 .debug_abbrev  0x00008db0       0x12 build/startup_stm32l476xx.o

.debug_loc      0x00000000    0x35482
 .debug_loc     0x00000000       0xd0 build/main.o
 .debug_loc     0x000000d0       0x2c build/freertos.o
 .debug_loc     0x000000fc       0x58 build/motorcontrol.o
 .debug_loc     0x00000154      0x3f3 build/mc_api.o
 .debug_loc     0x00000547      0xb1c build/mc_tasks.o
 .debug_loc     0x00001063      0xe3f build/pwm_curr_fdbk.o
 .debug_loc     0x00001ea2      0x631 build/regular_conversion_manager.o
 .debug_loc     0x000024d3      0x8e4 build/mc_math.o
 .debug_loc     0x00002db7     0x1497 build/mc_interface.o
 .debug_loc     0x0000424e      0x91e build/stm32l4xx_mc_it.o
 .debug_loc     0x00004b6c     0x40ee build/register_interface.o
 .debug_loc     0x00008c5a      0xa4d build/mcp.o
 .debug_loc     0x000096a7      0xdb6 build/usart_aspep_driver.o
 .debug_loc     0x0000a45d     0x1d60 build/aspep.o
 .debug_loc     0x0000c1bd      0x34d build/stm32l4xx_hal_msp.o
 .debug_loc     0x0000c50a      0x128 build/stm32l4xx_hal_timebase_tim.o
 .debug_loc     0x0000c632     0x2c0f build/stm32l4xx_hal_adc.o
 .debug_loc     0x0000f241     0x2928 build/stm32l4xx_hal_adc_ex.o
 .debug_loc     0x00011b69      0x394 build/stm32l4xx_hal.o
 .debug_loc     0x00011efd      0xa30 build/stm32l4xx_hal_rcc.o
 .debug_loc     0x0001292d     0x135e build/stm32l4xx_hal_rcc_ex.o
 .debug_loc     0x00013c8b      0x4be build/stm32l4xx_hal_gpio.o